
> watchedit-frontend@1.0.0 test
> jest

PASS src/lib/config.test.ts
PASS src/lib/__tests__/workTypeEpisodeMapping.test.ts
FAIL src/lib/__tests__/localStorage.test.ts
  ● Console

    console.log
      workStorage.create: 新增作品 {
        newWork: {
          id: '6da74bcf-ff7f-4a1a-b1c9-ec8703835f4e',
          title: '測試作品',
          type: '動畫',
          status: '進行中',
          year: 2024,
          rating: 8.5,
          review: '測試評論',
          note: '測試備註',
          source: '測試',
          episodes: [],
          reminder_enabled: false,
          date_added: '2025-11-30T13:12:27.885Z',
          date_updated: undefined,
          tags: []
        },
        totalWorks: 1
      }

      at Object.log [as create] (src/lib/localStorage.ts:84:13)

    console.log
      workStorage.create: 新增作品 {
        newWork: {
          id: '1e776391-9b21-48a7-a8c3-01b0e5aa4936',
          title: '測試作品',
          type: '動畫',
          status: '進行中',
          year: 2024,
          rating: 8.5,
          review: '測試評論',
          note: '測試備註',
          source: '測試',
          episodes: [],
          reminder_enabled: false,
          date_added: '2025-11-30T13:12:27.905Z',
          date_updated: undefined,
          tags: []
        },
        totalWorks: 1
      }

      at Object.log [as create] (src/lib/localStorage.ts:84:13)

    console.log
      workStorage.create: 新增作品 {
        newWork: {
          id: '9a055937-cf02-4078-849f-b0709e248651',
          title: '測試作品',
          type: '動畫',
          status: '進行中',
          year: 2024,
          rating: 8.5,
          review: '測試評論',
          note: '測試備註',
          source: '測試',
          episodes: [],
          reminder_enabled: false,
          date_added: '2025-11-30T13:12:27.905Z',
          date_updated: undefined,
          tags: []
        },
        totalWorks: 1
      }

      at Object.log [as create] (src/lib/localStorage.ts:84:13)

  ● localStorage › workStorage › findByAniListId › 應該根據 AniList ID 找到作品

    expect(received).toEqual(expected) // deep equality

    Expected: {"aniListId": 123, "episodes": [], "id": "1", "status": "進行中", "title": "作品1", "type": "動畫"}
    Received: null

      173 |         const work = workStorage.findByAniListId(123);
      174 |
    > 175 |         expect(work).toEqual(mockWorks[0]);
          |                      ^
      176 |       });
      177 |
      178 |       it("當找不到作品時應該返回 undefined", () => {

      at Object.toEqual (src/lib/__tests__/localStorage.test.ts:175:22)

PASS src/lib/__tests__/basic.test.ts
PASS src/hooks/__tests__/useWorkFilters.test.ts
PASS src/lib/__tests__/backupService.test.ts
PASS src/hooks/__tests__/useBatchOperations.test.ts
PASS src/components/__tests__/StatsOverview.test.tsx
PASS src/components/__tests__/SearchFilter.test.tsx
FAIL src/components/__tests__/WorkCard.test.tsx
  ● Test suite failed to run

    Jest encountered an unexpected token

    Jest failed to parse a file. This happens e.g. when your code or its dependencies use non-standard JavaScript syntax, or when Jest is not configured to support such syntax.

    Out of the box Jest supports Babel, which will be used to transform your files into valid JS based on your Babel configuration.

    By default "node_modules" folder is ignored by transformers.

    Here's what you can do:
     • If you are trying to use ECMAScript Modules, see https://jestjs.io/docs/ecmascript-modules for how to enable it.
     • If you are trying to use TypeScript, see https://jestjs.io/docs/getting-started#using-typescript
     • To have some of your "node_modules" files transformed, you can specify a custom "transformIgnorePatterns" in your config.
     • If you need a custom transformation specify a "transform" option in your config.
     • If you simply want to mock your non-JS modules (e.g. binary assets) you can stub them out with the "moduleNameMapper" config option.

    You'll find more details and examples of these config options in the docs:
    https://jestjs.io/docs/configuration
    For information about custom transformations, see:
    https://jestjs.io/docs/code-transformation

    Details:

    /Users/guantou/Desktop/WatchedIt/frontend/node_modules/next-intl/dist/esm/production/index.react-client.js:1
    ({"Object.<anonymous>":function(module,exports,require,__dirname,__filename,jest){export{useFormatter,useTranslations}from"./react-client/index.js";export{default as NextIntlClientProvider}from"./shared/NextIntlClientProvider.js";export{IntlProvider,_useExtracted as useExtracted,useLocale,useMessages,useNow,useTimeZone}from"use-intl/react";export*from"use-intl/core";
                                                                                      ^^^^^^

    SyntaxError: Unexpected token 'export'

      17 | import { useRouter } from "@/navigation";
      18 | import { useTranslations } from "next-intl";
    > 19 |
         | ^
      20 | const WORK_STATUS_KEY_MAP: Record<Work["status"], string> = {
      21 |     進行中: "ongoing",
      22 |     已完結: "completed",

      at Runtime.createScriptFromCode (node_modules/jest-runtime/build/index.js:1505:14)
      at Object.<anonymous> (src/components/WorkCard.tsx:19:19)
      at Object.<anonymous> (src/components/__tests__/WorkCard.test.tsx:16:58)

node:internal/process/promises:332
    triggerUncaughtException(err, true /* fromPromise */);
    ^

ReferenceError: indexedDB is not defined
    at indexedDB (/Users/guantou/Desktop/WatchedIt/frontend/src/lib/indexedDB.ts:40:23)
    at new Promise (<anonymous>)
    at IndexedDBManager.init (/Users/guantou/Desktop/WatchedIt/frontend/src/lib/indexedDB.ts:39:12)
    at IndexedDBManager.init [as ensureDB] (/Users/guantou/Desktop/WatchedIt/frontend/src/lib/indexedDB.ts:80:18)
    at IndexedDBManager.ensureDB [as add] (/Users/guantou/Desktop/WatchedIt/frontend/src/lib/indexedDB.ts:111:27)
    at Object.add [as create] (/Users/guantou/Desktop/WatchedIt/frontend/src/lib/indexedDB.ts:252:23)
    at Object.create [as createWork] (/Users/guantou/Desktop/WatchedIt/frontend/src/store/useWorkStore.ts:142:41)
    at processTicksAndRejections (node:internal/process/task_queues:103:5)

Node.js v25.2.1
FAIL src/lib/__tests__/anilist.test.ts
  ● Console

    console.error
      AniList API error: Error: HTTP error! status: 500
          at AniListService.query (/Users/guantou/Desktop/WatchedIt/frontend/src/lib/anilist.ts:88:15)
          at processTicksAndRejections (node:internal/process/task_queues:103:5)
          at AniListService.searchAnime (/Users/guantou/Desktop/WatchedIt/frontend/src/lib/anilist.ts:151:22)
          at Object.<anonymous> (/Users/guantou/Desktop/WatchedIt/frontend/src/lib/__tests__/anilist.test.ts:65:7)

       97 |       return data;
       98 |     } catch (error) {
    >  99 |       console.error("AniList API error:", error);
          |               ^
      100 |       throw error;
      101 |     }
      102 |   }

      at AniListService.error (src/lib/anilist.ts:99:15)
      at AniListService.searchAnime (src/lib/anilist.ts:151:22)
      at Object.<anonymous> (src/lib/__tests__/anilist.test.ts:65:7)

    console.error
      AniList API error: Error: Network error
          at Object.<anonymous> (/Users/guantou/Desktop/WatchedIt/frontend/src/lib/__tests__/anilist.test.ts:71:39)
          at Promise.then.completed (/Users/guantou/Desktop/WatchedIt/frontend/node_modules/jest-circus/build/utils.js:298:28)
          at new Promise (<anonymous>)
          at callAsyncCircusFn (/Users/guantou/Desktop/WatchedIt/frontend/node_modules/jest-circus/build/utils.js:231:10)
          at _callCircusTest (/Users/guantou/Desktop/WatchedIt/frontend/node_modules/jest-circus/build/run.js:316:40)
          at processTicksAndRejections (node:internal/process/task_queues:103:5)
          at _runTest (/Users/guantou/Desktop/WatchedIt/frontend/node_modules/jest-circus/build/run.js:252:3)
          at _runTestsForDescribeBlock (/Users/guantou/Desktop/WatchedIt/frontend/node_modules/jest-circus/build/run.js:126:9)
          at _runTestsForDescribeBlock (/Users/guantou/Desktop/WatchedIt/frontend/node_modules/jest-circus/build/run.js:121:9)
          at _runTestsForDescribeBlock (/Users/guantou/Desktop/WatchedIt/frontend/node_modules/jest-circus/build/run.js:121:9)
          at run (/Users/guantou/Desktop/WatchedIt/frontend/node_modules/jest-circus/build/run.js:71:3)
          at runAndTransformResultsToJestFormat (/Users/guantou/Desktop/WatchedIt/frontend/node_modules/jest-circus/build/legacy-code-todo-rewrite/jestAdapterInit.js:122:21)
          at jestAdapter (/Users/guantou/Desktop/WatchedIt/frontend/node_modules/jest-circus/build/legacy-code-todo-rewrite/jestAdapter.js:79:19)
          at runTestInternal (/Users/guantou/Desktop/WatchedIt/frontend/node_modules/jest-runner/build/runTest.js:367:16)
          at runTest (/Users/guantou/Desktop/WatchedIt/frontend/node_modules/jest-runner/build/runTest.js:444:34)
          at Object.worker (/Users/guantou/Desktop/WatchedIt/frontend/node_modules/jest-runner/build/testWorker.js:106:12)

       97 |       return data;
       98 |     } catch (error) {
    >  99 |       console.error("AniList API error:", error);
          |               ^
      100 |       throw error;
      101 |     }
      102 |   }

      at AniListService.error (src/lib/anilist.ts:99:15)
      at AniListService.searchAnime (src/lib/anilist.ts:151:22)
      at Object.<anonymous> (src/lib/__tests__/anilist.test.ts:73:7)

  ● AniListService › searchAnime › 應該成功搜尋動畫

    expect(jest.fn()).toHaveBeenCalledWith(...expected)

    Expected: "/api/search?query=test"
    Received: "https://graphql.anilist.co", {"body": "{\"query\":\"\\n      query ($search: String, $page: Int, $perPage: Int) {\\n        Page (page: $page, perPage: $perPage) {\\n          media (search: $search, type: ANIME) {\\n            id\\n            title {\\n              romaji\\n              english\\n              native\\n            }\\n            type\\n            format\\n            episodes\\n            duration\\n            season\\n            seasonYear\\n            status\\n            description\\n            coverImage {\\n              large\\n              medium\\n            }\\n            bannerImage\\n            genres\\n            averageScore\\n            startDate {\\n              year\\n              month\\n              day\\n            }\\n            endDate {\\n              year\\n              month\\n              day\\n            }\\n            synonyms\\n            countryOfOrigin\\n          }\\n        }\\n      }\\n    \",\"variables\":{\"search\":\"test\",\"page\":1,\"perPage\":10}}", "headers": {"Accept": "application/json", "Content-Type": "application/json"}, "method": "POST"}

    Number of calls: 1

      52 |       const result = await anilistService.searchAnime("test");
      53 |
    > 54 |       expect(mockFetch).toHaveBeenCalledWith("/api/search?query=test");
         |                         ^
      55 |       expect(result).toEqual(mockAniListResponse.data.Page.media);
      56 |     });
      57 |

      at Object.toHaveBeenCalledWith (src/lib/__tests__/anilist.test.ts:54:25)

  ● AniListService › searchAnime › 當搜尋失敗時應該拋出錯誤

    expect(received).rejects.toThrow(expected)

    Expected substring: "搜尋失敗"
    Received message:   "HTTP error! status: 500"

          86 |
          87 |       if (!response.ok) {
        > 88 |         throw new Error(`HTTP error! status: ${response.status}`);
             |               ^
          89 |       }
          90 |
          91 |       const data = await response.json();

      at AniListService.query (src/lib/anilist.ts:88:15)
      at AniListService.searchAnime (src/lib/anilist.ts:151:22)
      at Object.<anonymous> (src/lib/__tests__/anilist.test.ts:65:7)
      at Object.toThrow (node_modules/expect/build/index.js:218:22)
      at Object.toThrow (src/lib/__tests__/anilist.test.ts:65:64)

  ● AniListService › searchAnime › 當網絡錯誤時應該拋出錯誤

    expect(received).rejects.toThrow(expected)

    Expected substring: "搜尋失敗"
    Received message:   "Network error"

          69 |
          70 |     it("當網絡錯誤時應該拋出錯誤", async () => {
        > 71 |       mockFetch.mockRejectedValueOnce(new Error("Network error"));
             |                                       ^
          72 |
          73 |       await expect(anilistService.searchAnime("test")).rejects.toThrow(
          74 |         "搜尋失敗"

      at Object.<anonymous> (src/lib/__tests__/anilist.test.ts:71:39)
      at Object.toThrow (node_modules/expect/build/index.js:218:22)
      at Object.toThrow (src/lib/__tests__/anilist.test.ts:73:64)

  ● AniListService › convertStatus › 應該正確轉換各種狀態

    expect(received).toBe(expected) // Object.is equality

    Expected: "UNKNOWN"
    Received: "進行中"

      267 |       expect(anilistService.convertStatus("CANCELLED")).toBe("已取消");
      268 |       expect(anilistService.convertStatus("HIATUS")).toBe("暫停");
    > 269 |       expect(anilistService.convertStatus("UNKNOWN")).toBe("UNKNOWN");
          |                                                       ^
      270 |     });
      271 |   });
      272 |

      at Object.toBe (src/lib/__tests__/anilist.test.ts:269:55)

FAIL src/components/__tests__/BackupRestore.test.tsx
  ● BackupRestore component › triggers JSON export and shows success message

    Unable to find an element with the text: 備份已匯出為 JSON 格式. This could be because the text is broken up by multiple elements. In this case, you can provide a function for your text matcher to make your matcher more flexible.

    Ignored nodes: comments, script, style
    [36m<body>[39m
      [36m<div>[39m
        [36m<div[39m
          [33mclass[39m=[32m"space-y-6"[39m
        [36m>[39m
          [36m<div[39m
            [33mclass[39m=[32m"p-4 rounded-lg bg-green-50 text-green-800 border border-green-200"[39m
          [36m>[39m
            [36m<div[39m
              [33mclass[39m=[32m"flex items-center gap-2"[39m
            [36m>[39m
              [36m<svg[39m
                [33mclass[39m=[32m"lucide lucide-check-circle w-4 h-4"[39m
                [33mfill[39m=[32m"none"[39m
                [33mheight[39m=[32m"24"[39m
                [33mstroke[39m=[32m"currentColor"[39m
                [33mstroke-linecap[39m=[32m"round"[39m
                [33mstroke-linejoin[39m=[32m"round"[39m
                [33mstroke-width[39m=[32m"2"[39m
                [33mviewBox[39m=[32m"0 0 24 24"[39m
                [33mwidth[39m=[32m"24"[39m
                [33mxmlns[39m=[32m"http://www.w3.org/2000/svg"[39m
              [36m>[39m
                [36m<path[39m
                  [33md[39m=[32m"M22 11.08V12a10 10 0 1 1-5.93-9.14"[39m
                [36m/>[39m
                [36m<path[39m
                  [33md[39m=[32m"m9 11 3 3L22 4"[39m
                [36m/>[39m
              [36m</svg>[39m
              [36m<span>[39m
                [0m備份已匯出為 {format} 格式[0m
              [36m</span>[39m
            [36m</div>[39m
          [36m</div>[39m
          [36m<div[39m
            [33mclass[39m=[32m"rounded-lg border border-border/60 bg-card/95 text-card-foreground shadow-sm"[39m
          [36m>[39m
            [36m<div[39m
              [33mclass[39m=[32m"flex flex-col space-y-1.5 p-6"[39m
            [36m>[39m
              [36m<h3[39m
                [33mclass[39m=[32m"text-2xl font-semibold leading-none tracking-tight text-foreground/95 dark:text-foreground/98 flex items-center gap-2"[39m
              [36m>[39m
                [36m<svg[39m
                  [33mclass[39m=[32m"lucide lucide-database w-5 h-5"[39m
                  [33mfill[39m=[32m"none"[39m
                  [33mheight[39m=[32m"24"[39m
                  [33mstroke[39m=[32m"currentColor"[39m
                  [33mstroke-linecap[39m=[32m"round"[39m
                  [33mstroke-linejoin[39m=[32m"round"[39m
                  [33mstroke-width[39m=[32m"2"[39m
                  [33mviewBox[39m=[32m"0 0 24 24"[39m
                  [33mwidth[39m=[32m"24"[39m
                  [33mxmlns[39m=[32m"http://www.w3.org/2000/svg"[39m
                [36m>[39m
                  [36m<ellipse[39m
                    [33mcx[39m=[32m"12"[39m
                    [33mcy[39m=[32m"5"[39m
                    [33mrx[39m=[32m"9"[39m
                    [33mry[39m=[32m"3"[39m
                  [36m/>[39m
                  [36m<path[39m
                    [33md[39m=[32m"M3 5V19A9 3 0 0 0 21 19V5"[39m
                  [36m/>[39m
                  [36m<path[39m
                    [33md[39m=[32m"M3 12A9 3 0 0 0 21 12"[39m
                  [36m/>[39m
                [36m</svg>[39m
                [0m資料庫資訊[0m
              [36m</h3>[39m
            [36m</div>[39m
            [36m<div[39m
              [33mclass[39m=[32m"p-6 pt-0"[39m
            [36m>[39m
              [36m<div[39m
                [33mclass[39m=[32m"grid grid-cols-2 md:grid-cols-4 gap-4"[39m
              [36m>[39m
                [36m<div[39m
                  [33mclass[39m=[32m"text-center"[39m
                [36m>[39m
                  [36m<div[39m
                    [33mclass[39m=[32m"text-2xl font-bold text-blue-600"[39m
                  [36m>[39m
                    [0m0[0m
                  [36m</div>[39m
                  [36m<div[39m
                    [33mclass[39m=[32m"text-sm text-muted-foreground"[39m
                  [36m>[39m
                    [0m作品[0m
                  [36m</div>[39m
                [36m</div>[39m
                [36m<div[39m
                  [33mclass[39m=[32m"text-center"[39m
                [36m>[39m
                  [36m<div[39m
                    [33mclass[39m=[32m"text-2xl font-bold text-green-600"[39m
                  [36m>[39m
                    [0m0[0m
                  [36m</div>[39m
                  [36m<div[39m
                    [33mclass[39m=[32m"text-sm text-muted-foreground"[39m
                  [36m>[39m
                    [0m標籤[0m
                  [36m</div>[39m
                [36m</div>[39m
                [36m<div[39m
                  [33mclass[39m=[32m"text-center"[39m
                [36m>[39m
                  [36m<div[39m
                    [33mclass[39m=[32m"text-2xl font-bold text-purple-600"[39m
                  [36m>[39m
                    [0m0[0m
                  [36m</div>[39m
                  [36m<div[39m
                    [33mclass[39m=[32m"text-sm text-muted-foreground"[39m
                  [36m>[39m
                    [0m集數[0m
                  [36m</div>[39m
                [36m</div>[39m
                [36m<div[39m
                  [33mclass[39m=[32m"text-center"[39m
                [36m>[39m
                  [36m<div[39m
                    [33mclass[39m=[32m"text-2xl font-bold text-orange-600"[39m
                  [36m>[39m
                    [0m0[0m
                    [0m%[0m
                  [36m</div>[39m
                  [36m<div[39m
                    [33mclass[39m=[32m"text-sm text-muted-foreground"[39m
                  [36m>[39m
                    [0m完成率[0m
                  [36m</div>[39m
                [36m</div>[39m
              [36m</div>[39m
            [36m</div>[39m
          [36m</div>[39m
          [36m<div[39m
            [33mclass[39m=[32m"w-full"[39m
            [33mdata-orientation[39m=[32m"horizontal"[39m
            [33mdir[39m=[32m"ltr"[39m
          [36m>[39m
            [36m<div[39m
              [33maria-orientation[39m=[32m"horizontal"[39m
              [33mclass[39m=[32m"h-10 items-center justify-center rounded-md bg-muted p-1 text-muted-foreground grid w-full grid-cols-3"[39m
              [33mdata-orientation[39m=[32m"horizontal"[39m
              [33mrole[39m=[32m"tablist"[39m
              [33mstyle[39m=[32m"outline: none;"[39m
              [33mtabindex[39m=[32m"0"[39m
            [36m>[39m
              [36m<button[39m
                [33maria-controls[39m=[32m"radix-:r0:-content-manual"[39m
                [33maria-selected[39m=[32m"true"[39m
                [33mclass[39m=[32m"inline-flex items-center justify-center whitespace-nowrap rounded-sm px-3 py-1.5 text-sm font-medium ring-offset-background transition-all focus-visible:outline-none focus-visible:ring-2 focus-visible:ring-ring focus-visible:ring-offset-2 disabled:pointer-events-none disabled:opacity-50 data-[state=active]:bg-background data-[state=active]:text-foreground data-[state=active]:shadow-sm"[39m
                [33mdata-orientation[39m=[32m"horizontal"[39m
                [33mdata-radix-collection-item[39m=[32m""[39m
                [33mdata-state[39m=[32m"active"[39m
                [33mid[39m=[32m"radix-:r0:-trigger-manual"[39m
                [33mrole[39m=[32m"tab"[39m
                [33mtabindex[39m=[32m"-1"[39m
                [33mtype[39m=[32m"button"[39m
              [36m>[39m
                [0m手動備份[0m
              ...

      170 |     await user.click(screen.getByRole("tab", { name: "自動備份" }));
      171 |     await user.click(screen.getByRole("button", { name: /建立備份/ }));
    > 172 |
          | ^
      173 |     expect(backupService.autoBackup).toHaveBeenCalled();
      174 |     await waitFor(() =>
      175 |       expect(screen.getByText("2024/01/10 10:00")).toBeInTheDocument()

      at waitForWrapper (node_modules/@testing-library/dom/dist/wait-for.js:163:27)
      at Object.<anonymous> (src/components/__tests__/BackupRestore.test.tsx:172:35)

node:internal/process/promises:332
    triggerUncaughtException(err, true /* fromPromise */);
    ^

ReferenceError: indexedDB is not defined
    at indexedDB (/Users/guantou/Desktop/WatchedIt/frontend/src/lib/indexedDB.ts:40:23)
    at new Promise (<anonymous>)
    at IndexedDBManager.init (/Users/guantou/Desktop/WatchedIt/frontend/src/lib/indexedDB.ts:39:12)
    at IndexedDBManager.init [as ensureDB] (/Users/guantou/Desktop/WatchedIt/frontend/src/lib/indexedDB.ts:80:18)
    at IndexedDBManager.ensureDB [as add] (/Users/guantou/Desktop/WatchedIt/frontend/src/lib/indexedDB.ts:111:27)
    at Object.add [as create] (/Users/guantou/Desktop/WatchedIt/frontend/src/lib/indexedDB.ts:252:23)
    at Object.create [as createWork] (/Users/guantou/Desktop/WatchedIt/frontend/src/store/useWorkStore.ts:142:41)
    at processTicksAndRejections (node:internal/process/task_queues:103:5)

Node.js v25.2.1
node:internal/process/promises:332
    triggerUncaughtException(err, true /* fromPromise */);
    ^

ReferenceError: indexedDB is not defined
    at indexedDB (/Users/guantou/Desktop/WatchedIt/frontend/src/lib/indexedDB.ts:40:23)
    at new Promise (<anonymous>)
    at IndexedDBManager.init (/Users/guantou/Desktop/WatchedIt/frontend/src/lib/indexedDB.ts:39:12)
    at IndexedDBManager.init [as ensureDB] (/Users/guantou/Desktop/WatchedIt/frontend/src/lib/indexedDB.ts:80:18)
    at IndexedDBManager.ensureDB [as add] (/Users/guantou/Desktop/WatchedIt/frontend/src/lib/indexedDB.ts:111:27)
    at Object.add [as create] (/Users/guantou/Desktop/WatchedIt/frontend/src/lib/indexedDB.ts:252:23)
    at Object.create [as createWork] (/Users/guantou/Desktop/WatchedIt/frontend/src/store/useWorkStore.ts:142:41)
    at processTicksAndRejections (node:internal/process/task_queues:103:5)

Node.js v25.2.1
node:internal/process/promises:332
    triggerUncaughtException(err, true /* fromPromise */);
    ^

ReferenceError: indexedDB is not defined
    at indexedDB (/Users/guantou/Desktop/WatchedIt/frontend/src/lib/indexedDB.ts:40:23)
    at new Promise (<anonymous>)
    at IndexedDBManager.init (/Users/guantou/Desktop/WatchedIt/frontend/src/lib/indexedDB.ts:39:12)
    at IndexedDBManager.init [as ensureDB] (/Users/guantou/Desktop/WatchedIt/frontend/src/lib/indexedDB.ts:80:18)
    at IndexedDBManager.ensureDB [as add] (/Users/guantou/Desktop/WatchedIt/frontend/src/lib/indexedDB.ts:111:27)
    at Object.add [as create] (/Users/guantou/Desktop/WatchedIt/frontend/src/lib/indexedDB.ts:252:23)
    at Object.create [as createWork] (/Users/guantou/Desktop/WatchedIt/frontend/src/store/useWorkStore.ts:142:41)
    at processTicksAndRejections (node:internal/process/task_queues:103:5)

Node.js v25.2.1
FAIL src/store/__tests__/useWorkStore.test.ts
  ● Test suite failed to run

    Jest worker encountered 4 child process exceptions, exceeding retry limit

      at ChildProcessWorker.initialize (node_modules/jest-worker/build/workers/ChildProcessWorker.js:181:21)

FAIL src/components/__tests__/AnimeDetailModal.test.tsx
  ● AnimeDetailModal › 應該渲染動畫詳情

    TestingLibraryElementError: Found multiple elements with the text: 測試動畫

    Here are the matching elements:

    Ignored nodes: comments, script, style
    [36m<h1[39m
      [33mclass[39m=[32m"text-2xl font-bold mb-2"[39m
    [36m>[39m
      [0m測試動畫[0m
    [36m</h1>[39m

    Ignored nodes: comments, script, style
    [36m<div[39m
      [33mclass[39m=[32m"inline-flex items-center rounded-full border px-2.5 py-0.5 font-medium transition-colors focus:outline-none focus:ring-2 focus:ring-ring focus:ring-offset-2 text-foreground border-border/60 text-xs"[39m
    [36m>[39m
      [0m測試動畫[0m
    [36m</div>[39m

    Ignored nodes: comments, script, style
    [36m<span[39m
      [33mclass[39m=[32m"font-medium"[39m
    [36m>[39m
      [0m測試動畫[0m
    [36m</span>[39m

    (If this is intentional, then use the `*AllBy*` variant of the query (like `queryAllByText`, `getAllByText`, or `findAllByText`)).

    Ignored nodes: comments, script, style
    [36m<body>[39m
      [36m<div>[39m
        [36m<div[39m
          [33mclass[39m=[32m"fixed inset-0 bg-black bg-opacity-50 flex items-center justify-center z-50 p-4"[39m
        [36m>[39m
          [36m<div[39m
            [33mclass[39m=[32m"rounded-lg border border-border/60 bg-card/95 text-card-foreground shadow-sm w-full max-w-4xl max-h-[90vh] overflow-hidden"[39m
          [36m>[39m
            [36m<div[39m
              [33mclass[39m=[32m"flex flex-col space-y-1.5 p-6 border-b"[39m
            [36m>[39m
              [36m<div[39m
                [33mclass[39m=[32m"flex items-center justify-between"[39m
              [36m>[39m
                [36m<h3[39m
                  [33mclass[39m=[32m"text-2xl font-semibold leading-none tracking-tight text-foreground/95 dark:text-foreground/98 flex items-center"[39m
                [36m>[39m
                  [36m<svg[39m
                    [33mclass[39m=[32m"lucide lucide-globe w-5 h-5 mr-2"[39m
                    [33mfill[39m=[32m"none"[39m
                    [33mheight[39m=[32m"24"[39m
                    [33mstroke[39m=[32m"currentColor"[39m
                    [33mstroke-linecap[39m=[32m"round"[39m
                    [33mstroke-linejoin[39m=[32m"round"[39m
                    [33mstroke-width[39m=[32m"2"[39m
                    [33mviewBox[39m=[32m"0 0 24 24"[39m
                    [33mwidth[39m=[32m"24"[39m
                    [33mxmlns[39m=[32m"http://www.w3.org/2000/svg"[39m
                  [36m>[39m
                    [36m<circle[39m
                      [33mcx[39m=[32m"12"[39m
                      [33mcy[39m=[32m"12"[39m
                      [33mr[39m=[32m"10"[39m
                    [36m/>[39m
                    [36m<path[39m
                      [33md[39m=[32m"M12 2a14.5 14.5 0 0 0 0 20 14.5 14.5 0 0 0 0-20"[39m
                    [36m/>[39m
                    [36m<path[39m
                      [33md[39m=[32m"M2 12h20"[39m
                    [36m/>[39m
                  [36m</svg>[39m
                  [0m動畫詳情[0m
                [36m</h3>[39m
                [36m<button[39m
                  [33mclass[39m=[32m"inline-flex items-center justify-center whitespace-nowrap text-sm font-medium ring-offset-background transition-all focus-visible:outline-none focus-visible:ring-2 focus-visible:ring-ring focus-visible:ring-offset-2 disabled:pointer-events-none disabled:opacity-50 active:scale-95 hover:bg-accent/50 hover:text-accent-foreground h-9 rounded-md px-3"[39m
                [36m>[39m
                  [36m<svg[39m
                    [33mclass[39m=[32m"lucide lucide-x w-4 h-4"[39m
                    [33mfill[39m=[32m"none"[39m
                    [33mheight[39m=[32m"24"[39m
                    [33mstroke[39m=[32m"currentColor"[39m
                    [33mstroke-linecap[39m=[32m"round"[39m
                    [33mstroke-linejoin[39m=[32m"round"[39m
                    [33mstroke-width[39m=[32m"2"[39m
                    [33mviewBox[39m=[32m"0 0 24 24"[39m
                    [33mwidth[39m=[32m"24"[39m
                    [33mxmlns[39m=[32m"http://www.w3.org/2000/svg"[39m
                  [36m>[39m
                    [36m<path[39m
                      [33md[39m=[32m"M18 6 6 18"[39m
                    [36m/>[39m
                    [36m<path[39m
                      [33md[39m=[32m"m6 6 12 12"[39m
                    [36m/>[39m
                  [36m</svg>[39m
                [36m</button>[39m
              [36m</div>[39m
            [36m</div>[39m
            [36m<div[39m
              [33mclass[39m=[32m"overflow-y-auto max-h-[70vh] p-6"[39m
            [36m>[39m
              [36m<div[39m
                [33mclass[39m=[32m"grid grid-cols-1 lg:grid-cols-3 gap-6"[39m
              [36m>[39m
                [36m<div[39m
                  [33mclass[39m=[32m"lg:col-span-1"[39m
                [36m/>[39m
                [36m<div[39m
                  [33mclass[39m=[32m"lg:col-span-2 space-y-6"[39m
                [36m>[39m
                  [36m<div>[39m
                    [36m<h1[39m
                      [33mclass[39m=[32m"text-2xl font-bold mb-2"[39m
                    [36m>[39m
                      [0m測試動畫[0m
                    [36m</h1>[39m
                    [36m<p[39m
                      [33mclass[39m=[32m"text-lg description-text mb-1"[39m
                    [36m>[39m
                      [0mTest Anime[0m
                    [36m</p>[39m
                    [36m<p[39m
                      [33mclass[39m=[32m"text-lg description-text mb-1"[39m
                    [36m>[39m
                      [0mTest Anime English[0m
                    [36m</p>[39m
                    [36m<p[39m
                      [33mclass[39m=[32m"text-lg description-text"[39m
                    [36m>[39m
                      [0mテストアニメ[0m
                    [36m</p>[39m
                  [36m</div>[39m
                  [36m<div[39m
                    [33mclass[39m=[32m"flex flex-wrap gap-2"[39m
                  [36m>[39m
                    [36m<div[39m
                      [33mclass[39m=[32m"inline-flex items-center rounded-full border px-2.5 py-0.5 text-xs font-medium transition-colors focus:outline-none focus:ring-2 focus:ring-ring focus:ring-offset-2 border-transparent hover:bg-primary/80 bg-green-100 text-green-800"[39m
                    [36m>[39m
                      [0m已完結[0m
                    [36m</div>[39m
                    [36m<div[39m
                      [33mclass[39m=[32m"inline-flex items-center rounded-full border px-2.5 py-0.5 text-xs font-medium transition-colors focus:outline-none focus:ring-2 focus:ring-ring focus:ring-offset-2 text-foreground border-border/60"[39m
                    [36m>[39m
                      [0m電視動畫[0m
                    [36m</div>[39m
                    [36m<div[39m
                      [33mclass[39m=[32m"inline-flex items-center rounded-full border px-2.5 py-0.5 text-xs font-medium transition-colors focus:outline-none focus:ring-2 focus:ring-ring focus:ring-offset-2 text-foreground border-border/60"[39m
                    [36m>[39m
                      [36m<svg[39m
                        [33mclass[39m=[32m"lucide lucide-play w-3 h-3 mr-1"[39m
                        [33mfill[39m=[32m"none"[39m
                        [33mheight[39m=[32m"24"[39m
                        [33mstroke[39m=[32m"currentColor"[39m
                        [33mstroke-linecap[39m=[32m"round"[39m
                        [33mstroke-linejoin[39m=[32m"round"[39m
                        [33mstroke-width[39m=[32m"2"[39m
                        [33mviewBox[39m=[32m"0 0 24 24"[39m
                        [33mwidth[39m=[32m"24"[39m
                        [33mxmlns[39m=[32m"http://www.w3.org/2000/svg"[39m
                      [36m>[39m
                        [36m<polygon[39m
                          [33mpoints[39m=[32m"5 3 19 12 5 21 5 3"[39m
                        [36m/>[39m
                      [36m</svg>[39m
                      [0m12[0m
                      [0m 集[0m
                    [36m</div>[39m
                    [36m<div[39m
                      [33mclass[39m=[32m"inline-flex items-center rounded-full border px-2.5 py-0...

      52 |
      53 |     expect(screen.getByText("動畫詳情")).toBeInTheDocument();
    > 54 |     expect(screen.getByText("測試動畫")).toBeInTheDocument();
         |                   ^
      55 |     expect(screen.getByText("Test Anime English")).toBeInTheDocument();
      56 |     expect(screen.getByText("已完結")).toBeInTheDocument();
      57 |     expect(screen.getByText("電視動畫")).toBeInTheDocument();

      at Object.getElementError (node_modules/@testing-library/dom/dist/config.js:37:19)
      at getElementError (node_modules/@testing-library/dom/dist/query-helpers.js:20:35)
      at getMultipleElementsFoundError (node_modules/@testing-library/dom/dist/query-helpers.js:23:10)
      at node_modules/@testing-library/dom/dist/query-helpers.js:55:13
      at node_modules/@testing-library/dom/dist/query-helpers.js:95:19
      at Object.getByText (src/components/__tests__/AnimeDetailModal.test.tsx:54:19)

  ● AnimeDetailModal › 點擊關閉按鈕應該調用 onClose

    TestingLibraryElementError: Unable to find an accessible element with the role "button" and name `/close/i`

    Here are the accessible roles:

      heading:

      Name "動畫詳情":
      [36m<h3[39m
        [33mclass[39m=[32m"text-2xl font-semibold leading-none tracking-tight text-foreground/95 dark:text-foreground/98 flex items-center"[39m
      [36m/>[39m

      Name "測試動畫":
      [36m<h1[39m
        [33mclass[39m=[32m"text-2xl font-bold mb-2"[39m
      [36m/>[39m

      Name "播出時間":
      [36m<h3[39m
        [33mclass[39m=[32m"font-semibold mb-2 flex items-center"[39m
      [36m/>[39m

      Name "類型":
      [36m<h3[39m
        [33mclass[39m=[32m"font-semibold mb-2 flex items-center"[39m
      [36m/>[39m

      Name "簡介":
      [36m<h3[39m
        [33mclass[39m=[32m"font-semibold mb-2 flex items-center"[39m
      [36m/>[39m

      Name "其他標題":
      [36m<h3[39m
        [33mclass[39m=[32m"font-semibold mb-2"[39m
      [36m/>[39m

      Name "來源國家":
      [36m<h3[39m
        [33mclass[39m=[32m"font-semibold mb-2"[39m
      [36m/>[39m

      --------------------------------------------------
      button:

      Name "":
      [36m<button[39m
        [33mclass[39m=[32m"inline-flex items-center justify-center whitespace-nowrap text-sm font-medium ring-offset-background transition-all focus-visible:outline-none focus-visible:ring-2 focus-visible:ring-ring focus-visible:ring-offset-2 disabled:pointer-events-none disabled:opacity-50 active:scale-95 hover:bg-accent/50 hover:text-accent-foreground h-9 rounded-md px-3"[39m
      [36m/>[39m

      Name "取消":
      [36m<button[39m
        [33mclass[39m=[32m"inline-flex items-center justify-center whitespace-nowrap rounded-md text-sm font-medium ring-offset-background transition-all focus-visible:outline-none focus-visible:ring-2 focus-visible:ring-ring focus-visible:ring-offset-2 disabled:pointer-events-none disabled:opacity-50 active:scale-95 border border-input/60 bg-background hover:bg-accent/50 hover:text-accent-foreground h-10 px-4 py-2"[39m
      [36m/>[39m

      Name "新增作品":
      [36m<button[39m
        [33mclass[39m=[32m"inline-flex items-center justify-center whitespace-nowrap rounded-md text-sm font-medium ring-offset-background transition-all focus-visible:outline-none focus-visible:ring-2 focus-visible:ring-ring focus-visible:ring-offset-2 disabled:pointer-events-none disabled:opacity-50 active:scale-95 bg-primary/90 text-primary-foreground hover:bg-primary/80 h-10 px-4 py-2"[39m
      [36m/>[39m

      --------------------------------------------------
      paragraph:

      Name "":
      [36m<p[39m
        [33mclass[39m=[32m"text-lg description-text mb-1"[39m
      [36m/>[39m

      Name "":
      [36m<p[39m
        [33mclass[39m=[32m"text-lg description-text mb-1"[39m
      [36m/>[39m

      Name "":
      [36m<p[39m
        [33mclass[39m=[32m"text-lg description-text"[39m
      [36m/>[39m

      Name "":
      [36m<p />[39m

      Name "":
      [36m<p[39m
        [33mclass[39m=[32m"text-xs-secondary"[39m
      [36m/>[39m

      --------------------------------------------------

    Ignored nodes: comments, script, style
    [36m<body>[39m
      [36m<div>[39m
        [36m<div[39m
          [33mclass[39m=[32m"fixed inset-0 bg-black bg-opacity-50 flex items-center justify-center z-50 p-4"[39m
        [36m>[39m
          [36m<div[39m
            [33mclass[39m=[32m"rounded-lg border border-border/60 bg-card/95 text-card-foreground shadow-sm w-full max-w-4xl max-h-[90vh] overflow-hidden"[39m
          [36m>[39m
            [36m<div[39m
              [33mclass[39m=[32m"flex flex-col space-y-1.5 p-6 border-b"[39m
            [36m>[39m
              [36m<div[39m
                [33mclass[39m=[32m"flex items-center justify-between"[39m
              [36m>[39m
                [36m<h3[39m
                  [33mclass[39m=[32m"text-2xl font-semibold leading-none tracking-tight text-foreground/95 dark:text-foreground/98 flex items-center"[39m
                [36m>[39m
                  [36m<svg[39m
                    [33mclass[39m=[32m"lucide lucide-globe w-5 h-5 mr-2"[39m
                    [33mfill[39m=[32m"none"[39m
                    [33mheight[39m=[32m"24"[39m
                    [33mstroke[39m=[32m"currentColor"[39m
                    [33mstroke-linecap[39m=[32m"round"[39m
                    [33mstroke-linejoin[39m=[32m"round"[39m
                    [33mstroke-width[39m=[32m"2"[39m
                    [33mviewBox[39m=[32m"0 0 24 24"[39m
                    [33mwidth[39m=[32m"24"[39m
                    [33mxmlns[39m=[32m"http://www.w3.org/2000/svg"[39m
                  [36m>[39m
                    [36m<circle[39m
                      [33mcx[39m=[32m"12"[39m
                      [33mcy[39m=[32m"12"[39m
                      [33mr[39m=[32m"10"[39m
                    [36m/>[39m
                    [36m<path[39m
                      [33md[39m=[32m"M12 2a14.5 14.5 0 0 0 0 20 14.5 14.5 0 0 0 0-20"[39m
                    [36m/>[39m
                    [36m<path[39m
                      [33md[39m=[32m"M2 12h20"[39m
                    [36m/>[39m
                  [36m</svg>[39m
                  [0m動畫詳情[0m
                [36m</h3>[39m
                [36m<button[39m
                  [33mclass[39m=[32m"inline-flex items-center justify-center whitespace-nowrap text-sm font-medium ring-offset-background transition-all focus-visible:outline-none focus-visible:ring-2 focus-visible:ring-ring focus-visible:ring-offset-2 disabled:pointer-events-none disabled:opacity-50 active:scale-95 hover:bg-accent/50 hover:text-accent-foreground h-9 rounded-md px-3"[39m
                [36m>[39m
                  [36m<svg[39m
                    [33mclass[39m=[32m"lucide lucide-x w-4 h-4"[39m
                    [33mfill[39m=[32m"none"[39m
                    [33mheight[39m=[32m"24"[39m
                    [33mstroke[39m=[32m"currentColor"[39m
                    [33mstroke-linecap[39m=[32m"round"[39m
                    [33mstroke-linejoin[39m=[32m"round"[39m
                    [33mstroke-width[39m=[32m"2"[39m
                    [33mviewBox[39m=[32m"0 0 24 24"[39m
                    [33mwidth[39m=[32m"24"[39m
                    [33mxmlns[39m=[32m"http://www.w3.org/2000/svg"[39m
                  [36m>[39m
                    [36m<path[39m
                      [33md[39m=[32m"M18 6 6 18"[39m
                    [36m/>[39m
                    [36m<path[39m
                      [33md[39m=[32m"m6 6 12 12"[39m
                    [36m/>[39m
                  [36m</svg>[39m
                [36m</button>[39m
              [36m</div>[39m
            [36m</div>[39m
            [36m<div[39m
              [33mclass[39m=[32m"overflow-y-auto max-h-[70vh] p-6"[39m
            [36m>[39m
              [36m<div[39m
                [33mclass[39m=[32m"grid grid-cols-1 lg:grid-cols-3 gap-6"[39m
              [36m>[39m
                [36m<div[39m
                  [33mclass[39m=[32m"lg:col-span-1"[39m
                [36m/>[39m
                [36m<div[39m
                  [33mclass[39m=[32m"lg:col-span-2 space-y-6"[39m
                [36m>[39m
                  [36m<div>[39m
                    [36m<h1[39m
                      [33mclass[39m=[32m"text-2xl font-bold mb-2"[39m
                    [36m>[39m
                      [0m測試動畫[0m
                    [36m</h1>[39m
                    [36m<p[39m
                      [33mclass[39m=[32m"text-lg description-text mb-1"[39m
                    [36m>[39m
                      [0mTest Anime[0m
                    [36m</p>[39m
                    [36m<p[39m
                      [33mclass[39m=[32m"text-lg description-text mb-1"[39m
                    [36m>[39m
                      [0mTest Anime English[0m
                    [36m</p>[39m
                    [36m<p[39m
                      [33mclass[39m=[32m"text-lg description-text"[39m
                    [36m>[39m
                      [0mテストアニメ[0m
                    [36m</p>[39m
                  [36m</div>[39m
                  [36m<div[39m
                    [33mclass[39m=[32m"flex flex-wrap gap-2"[39m
                  [36m>[39m
                    [36m<div[39m
                      [33mclass[39m=[32m"inline-flex items-center rounded-full border px-2.5 py-0.5 text-xs font-medium transition-colors focus:outline-none focus:ring-2 focus:ring-ring focus:ring-offset-2 border-transparent hover:bg-primary/80 bg-green-100 text-green-800"[39m
                    [36m>[39m
                      [0m已完結[0m
                    [36m</div>[39m
                    [36m<div[39m
                      [33mclass[39m=[32m"inline-flex items-center rounded-full border px-2.5 py-0.5 text-xs font-medium transition-colors focus:outline-none focus:ring-2 focus:ring-ring focus:ring-offset-2 text-foreground border-border/60"[39m
                    [36m>[39m
                      [0m電視動畫[0m
                    [36m</div>[39m
                    [36m<div[39m
                      [33mclass[39m=[32m"inline-flex items-center rounded-full border px-2.5 py-0.5 text-xs font-medium transition-colors focus:outline-none focus:ring-2 focus:ring-ring focus:ring-offset-2 text-foreground border-border/60"[39m
                    [36m>[39m
                      [36m<svg[39m
                        [33mclass[39m=[32m"lucide lucide-play w-3 h-3 mr-1"[39m
                        [33mfill[39m=[32m"none"[39m
                        [33mheight[39m=[32m"24"[39m
                        [33mstroke[39m=[32m"currentColor"[39m
                        [33mstroke-linecap[39m=[32m"round"[39m
                        [33mstroke-linejoin[39m=[32m"round"[39m
                        [33mstroke-width[39m=[32m"2"[39m
                        [33mviewBox[39m=[32m"0 0 24 24"[39m
                        [33mwidth[39m=[32m"24"[39m
                        [33mxmlns[39m=[32m"http://www.w3.org/2000/svg"[39m
                      [36m>[39m
                        [36m<polygon[39m
                          [33mpoints[39m=[32m"5 3 19 12 5 21 5 3"[39m
                        [36m/>[39m
                      [36m</svg>[39m
                      [0m12[0m
                      [0m 集[0m
                    [36m</div>[39m
                    [36m<div[39m
                      [33mclass[39m=[32m"inline-flex items-center rounded-full border px-2.5 py-0...

      122 |     render(<AnimeDetailModal {...defaultProps} />);
      123 |
    > 124 |     const closeButton = screen.getByRole("button", { name: /close/i });
          |                                ^
      125 |     await user.click(closeButton);
      126 |
      127 |     expect(defaultProps.onClose).toHaveBeenCalled();

      at Object.getElementError (node_modules/@testing-library/dom/dist/config.js:37:19)
      at node_modules/@testing-library/dom/dist/query-helpers.js:76:38
      at node_modules/@testing-library/dom/dist/query-helpers.js:52:17
      at node_modules/@testing-library/dom/dist/query-helpers.js:95:19
      at Object.getByRole (src/components/__tests__/AnimeDetailModal.test.tsx:124:32)

  ● AnimeDetailModal › 點擊確認按鈕應該創建作品並關閉彈窗

    TestingLibraryElementError: Unable to find an accessible element with the role "button" and name `/確認選擇/i`

    Here are the accessible roles:

      heading:

      Name "動畫詳情":
      [36m<h3[39m
        [33mclass[39m=[32m"text-2xl font-semibold leading-none tracking-tight text-foreground/95 dark:text-foreground/98 flex items-center"[39m
      [36m/>[39m

      Name "測試動畫":
      [36m<h1[39m
        [33mclass[39m=[32m"text-2xl font-bold mb-2"[39m
      [36m/>[39m

      Name "播出時間":
      [36m<h3[39m
        [33mclass[39m=[32m"font-semibold mb-2 flex items-center"[39m
      [36m/>[39m

      Name "類型":
      [36m<h3[39m
        [33mclass[39m=[32m"font-semibold mb-2 flex items-center"[39m
      [36m/>[39m

      Name "簡介":
      [36m<h3[39m
        [33mclass[39m=[32m"font-semibold mb-2 flex items-center"[39m
      [36m/>[39m

      Name "其他標題":
      [36m<h3[39m
        [33mclass[39m=[32m"font-semibold mb-2"[39m
      [36m/>[39m

      Name "來源國家":
      [36m<h3[39m
        [33mclass[39m=[32m"font-semibold mb-2"[39m
      [36m/>[39m

      --------------------------------------------------
      button:

      Name "":
      [36m<button[39m
        [33mclass[39m=[32m"inline-flex items-center justify-center whitespace-nowrap text-sm font-medium ring-offset-background transition-all focus-visible:outline-none focus-visible:ring-2 focus-visible:ring-ring focus-visible:ring-offset-2 disabled:pointer-events-none disabled:opacity-50 active:scale-95 hover:bg-accent/50 hover:text-accent-foreground h-9 rounded-md px-3"[39m
      [36m/>[39m

      Name "取消":
      [36m<button[39m
        [33mclass[39m=[32m"inline-flex items-center justify-center whitespace-nowrap rounded-md text-sm font-medium ring-offset-background transition-all focus-visible:outline-none focus-visible:ring-2 focus-visible:ring-ring focus-visible:ring-offset-2 disabled:pointer-events-none disabled:opacity-50 active:scale-95 border border-input/60 bg-background hover:bg-accent/50 hover:text-accent-foreground h-10 px-4 py-2"[39m
      [36m/>[39m

      Name "新增作品":
      [36m<button[39m
        [33mclass[39m=[32m"inline-flex items-center justify-center whitespace-nowrap rounded-md text-sm font-medium ring-offset-background transition-all focus-visible:outline-none focus-visible:ring-2 focus-visible:ring-ring focus-visible:ring-offset-2 disabled:pointer-events-none disabled:opacity-50 active:scale-95 bg-primary/90 text-primary-foreground hover:bg-primary/80 h-10 px-4 py-2"[39m
      [36m/>[39m

      --------------------------------------------------
      paragraph:

      Name "":
      [36m<p[39m
        [33mclass[39m=[32m"text-lg description-text mb-1"[39m
      [36m/>[39m

      Name "":
      [36m<p[39m
        [33mclass[39m=[32m"text-lg description-text mb-1"[39m
      [36m/>[39m

      Name "":
      [36m<p[39m
        [33mclass[39m=[32m"text-lg description-text"[39m
      [36m/>[39m

      Name "":
      [36m<p />[39m

      Name "":
      [36m<p[39m
        [33mclass[39m=[32m"text-xs-secondary"[39m
      [36m/>[39m

      --------------------------------------------------

    Ignored nodes: comments, script, style
    [36m<body>[39m
      [36m<div>[39m
        [36m<div[39m
          [33mclass[39m=[32m"fixed inset-0 bg-black bg-opacity-50 flex items-center justify-center z-50 p-4"[39m
        [36m>[39m
          [36m<div[39m
            [33mclass[39m=[32m"rounded-lg border border-border/60 bg-card/95 text-card-foreground shadow-sm w-full max-w-4xl max-h-[90vh] overflow-hidden"[39m
          [36m>[39m
            [36m<div[39m
              [33mclass[39m=[32m"flex flex-col space-y-1.5 p-6 border-b"[39m
            [36m>[39m
              [36m<div[39m
                [33mclass[39m=[32m"flex items-center justify-between"[39m
              [36m>[39m
                [36m<h3[39m
                  [33mclass[39m=[32m"text-2xl font-semibold leading-none tracking-tight text-foreground/95 dark:text-foreground/98 flex items-center"[39m
                [36m>[39m
                  [36m<svg[39m
                    [33mclass[39m=[32m"lucide lucide-globe w-5 h-5 mr-2"[39m
                    [33mfill[39m=[32m"none"[39m
                    [33mheight[39m=[32m"24"[39m
                    [33mstroke[39m=[32m"currentColor"[39m
                    [33mstroke-linecap[39m=[32m"round"[39m
                    [33mstroke-linejoin[39m=[32m"round"[39m
                    [33mstroke-width[39m=[32m"2"[39m
                    [33mviewBox[39m=[32m"0 0 24 24"[39m
                    [33mwidth[39m=[32m"24"[39m
                    [33mxmlns[39m=[32m"http://www.w3.org/2000/svg"[39m
                  [36m>[39m
                    [36m<circle[39m
                      [33mcx[39m=[32m"12"[39m
                      [33mcy[39m=[32m"12"[39m
                      [33mr[39m=[32m"10"[39m
                    [36m/>[39m
                    [36m<path[39m
                      [33md[39m=[32m"M12 2a14.5 14.5 0 0 0 0 20 14.5 14.5 0 0 0 0-20"[39m
                    [36m/>[39m
                    [36m<path[39m
                      [33md[39m=[32m"M2 12h20"[39m
                    [36m/>[39m
                  [36m</svg>[39m
                  [0m動畫詳情[0m
                [36m</h3>[39m
                [36m<button[39m
                  [33mclass[39m=[32m"inline-flex items-center justify-center whitespace-nowrap text-sm font-medium ring-offset-background transition-all focus-visible:outline-none focus-visible:ring-2 focus-visible:ring-ring focus-visible:ring-offset-2 disabled:pointer-events-none disabled:opacity-50 active:scale-95 hover:bg-accent/50 hover:text-accent-foreground h-9 rounded-md px-3"[39m
                [36m>[39m
                  [36m<svg[39m
                    [33mclass[39m=[32m"lucide lucide-x w-4 h-4"[39m
                    [33mfill[39m=[32m"none"[39m
                    [33mheight[39m=[32m"24"[39m
                    [33mstroke[39m=[32m"currentColor"[39m
                    [33mstroke-linecap[39m=[32m"round"[39m
                    [33mstroke-linejoin[39m=[32m"round"[39m
                    [33mstroke-width[39m=[32m"2"[39m
                    [33mviewBox[39m=[32m"0 0 24 24"[39m
                    [33mwidth[39m=[32m"24"[39m
                    [33mxmlns[39m=[32m"http://www.w3.org/2000/svg"[39m
                  [36m>[39m
                    [36m<path[39m
                      [33md[39m=[32m"M18 6 6 18"[39m
                    [36m/>[39m
                    [36m<path[39m
                      [33md[39m=[32m"m6 6 12 12"[39m
                    [36m/>[39m
                  [36m</svg>[39m
                [36m</button>[39m
              [36m</div>[39m
            [36m</div>[39m
            [36m<div[39m
              [33mclass[39m=[32m"overflow-y-auto max-h-[70vh] p-6"[39m
            [36m>[39m
              [36m<div[39m
                [33mclass[39m=[32m"grid grid-cols-1 lg:grid-cols-3 gap-6"[39m
              [36m>[39m
                [36m<div[39m
                  [33mclass[39m=[32m"lg:col-span-1"[39m
                [36m/>[39m
                [36m<div[39m
                  [33mclass[39m=[32m"lg:col-span-2 space-y-6"[39m
                [36m>[39m
                  [36m<div>[39m
                    [36m<h1[39m
                      [33mclass[39m=[32m"text-2xl font-bold mb-2"[39m
                    [36m>[39m
                      [0m測試動畫[0m
                    [36m</h1>[39m
                    [36m<p[39m
                      [33mclass[39m=[32m"text-lg description-text mb-1"[39m
                    [36m>[39m
                      [0mTest Anime[0m
                    [36m</p>[39m
                    [36m<p[39m
                      [33mclass[39m=[32m"text-lg description-text mb-1"[39m
                    [36m>[39m
                      [0mTest Anime English[0m
                    [36m</p>[39m
                    [36m<p[39m
                      [33mclass[39m=[32m"text-lg description-text"[39m
                    [36m>[39m
                      [0mテストアニメ[0m
                    [36m</p>[39m
                  [36m</div>[39m
                  [36m<div[39m
                    [33mclass[39m=[32m"flex flex-wrap gap-2"[39m
                  [36m>[39m
                    [36m<div[39m
                      [33mclass[39m=[32m"inline-flex items-center rounded-full border px-2.5 py-0.5 text-xs font-medium transition-colors focus:outline-none focus:ring-2 focus:ring-ring focus:ring-offset-2 border-transparent hover:bg-primary/80 bg-green-100 text-green-800"[39m
                    [36m>[39m
                      [0m已完結[0m
                    [36m</div>[39m
                    [36m<div[39m
                      [33mclass[39m=[32m"inline-flex items-center rounded-full border px-2.5 py-0.5 text-xs font-medium transition-colors focus:outline-none focus:ring-2 focus:ring-ring focus:ring-offset-2 text-foreground border-border/60"[39m
                    [36m>[39m
                      [0m電視動畫[0m
                    [36m</div>[39m
                    [36m<div[39m
                      [33mclass[39m=[32m"inline-flex items-center rounded-full border px-2.5 py-0.5 text-xs font-medium transition-colors focus:outline-none focus:ring-2 focus:ring-ring focus:ring-offset-2 text-foreground border-border/60"[39m
                    [36m>[39m
                      [36m<svg[39m
                        [33mclass[39m=[32m"lucide lucide-play w-3 h-3 mr-1"[39m
                        [33mfill[39m=[32m"none"[39m
                        [33mheight[39m=[32m"24"[39m
                        [33mstroke[39m=[32m"currentColor"[39m
                        [33mstroke-linecap[39m=[32m"round"[39m
                        [33mstroke-linejoin[39m=[32m"round"[39m
                        [33mstroke-width[39m=[32m"2"[39m
                        [33mviewBox[39m=[32m"0 0 24 24"[39m
                        [33mwidth[39m=[32m"24"[39m
                        [33mxmlns[39m=[32m"http://www.w3.org/2000/svg"[39m
                      [36m>[39m
                        [36m<polygon[39m
                          [33mpoints[39m=[32m"5 3 19 12 5 21 5 3"[39m
                        [36m/>[39m
                      [36m</svg>[39m
                      [0m12[0m
                      [0m 集[0m
                    [36m</div>[39m
                    [36m<div[39m
                      [33mclass[39m=[32m"inline-flex items-center rounded-full border px-2.5 py-0...

      134 |     render(<AnimeDetailModal {...defaultProps} />);
      135 |
    > 136 |     const confirmButton = screen.getByRole("button", { name: /確認選擇/i });
          |                                  ^
      137 |     await user.click(confirmButton);
      138 |
      139 |     expect(mockCreateWork).toHaveBeenCalledWith(

      at Object.getElementError (node_modules/@testing-library/dom/dist/config.js:37:19)
      at node_modules/@testing-library/dom/dist/query-helpers.js:76:38
      at node_modules/@testing-library/dom/dist/query-helpers.js:52:17
      at node_modules/@testing-library/dom/dist/query-helpers.js:95:19
      at Object.getByRole (src/components/__tests__/AnimeDetailModal.test.tsx:136:34)

  ● AnimeDetailModal › 當創建作品失敗時應該顯示錯誤訊息

    TestingLibraryElementError: Unable to find an accessible element with the role "button" and name `/確認選擇/i`

    Here are the accessible roles:

      heading:

      Name "動畫詳情":
      [36m<h3[39m
        [33mclass[39m=[32m"text-2xl font-semibold leading-none tracking-tight text-foreground/95 dark:text-foreground/98 flex items-center"[39m
      [36m/>[39m

      Name "測試動畫":
      [36m<h1[39m
        [33mclass[39m=[32m"text-2xl font-bold mb-2"[39m
      [36m/>[39m

      Name "播出時間":
      [36m<h3[39m
        [33mclass[39m=[32m"font-semibold mb-2 flex items-center"[39m
      [36m/>[39m

      Name "類型":
      [36m<h3[39m
        [33mclass[39m=[32m"font-semibold mb-2 flex items-center"[39m
      [36m/>[39m

      Name "簡介":
      [36m<h3[39m
        [33mclass[39m=[32m"font-semibold mb-2 flex items-center"[39m
      [36m/>[39m

      Name "其他標題":
      [36m<h3[39m
        [33mclass[39m=[32m"font-semibold mb-2"[39m
      [36m/>[39m

      Name "來源國家":
      [36m<h3[39m
        [33mclass[39m=[32m"font-semibold mb-2"[39m
      [36m/>[39m

      --------------------------------------------------
      button:

      Name "":
      [36m<button[39m
        [33mclass[39m=[32m"inline-flex items-center justify-center whitespace-nowrap text-sm font-medium ring-offset-background transition-all focus-visible:outline-none focus-visible:ring-2 focus-visible:ring-ring focus-visible:ring-offset-2 disabled:pointer-events-none disabled:opacity-50 active:scale-95 hover:bg-accent/50 hover:text-accent-foreground h-9 rounded-md px-3"[39m
      [36m/>[39m

      Name "取消":
      [36m<button[39m
        [33mclass[39m=[32m"inline-flex items-center justify-center whitespace-nowrap rounded-md text-sm font-medium ring-offset-background transition-all focus-visible:outline-none focus-visible:ring-2 focus-visible:ring-ring focus-visible:ring-offset-2 disabled:pointer-events-none disabled:opacity-50 active:scale-95 border border-input/60 bg-background hover:bg-accent/50 hover:text-accent-foreground h-10 px-4 py-2"[39m
      [36m/>[39m

      Name "新增作品":
      [36m<button[39m
        [33mclass[39m=[32m"inline-flex items-center justify-center whitespace-nowrap rounded-md text-sm font-medium ring-offset-background transition-all focus-visible:outline-none focus-visible:ring-2 focus-visible:ring-ring focus-visible:ring-offset-2 disabled:pointer-events-none disabled:opacity-50 active:scale-95 bg-primary/90 text-primary-foreground hover:bg-primary/80 h-10 px-4 py-2"[39m
      [36m/>[39m

      --------------------------------------------------
      paragraph:

      Name "":
      [36m<p[39m
        [33mclass[39m=[32m"text-lg description-text mb-1"[39m
      [36m/>[39m

      Name "":
      [36m<p[39m
        [33mclass[39m=[32m"text-lg description-text mb-1"[39m
      [36m/>[39m

      Name "":
      [36m<p[39m
        [33mclass[39m=[32m"text-lg description-text"[39m
      [36m/>[39m

      Name "":
      [36m<p />[39m

      Name "":
      [36m<p[39m
        [33mclass[39m=[32m"text-xs-secondary"[39m
      [36m/>[39m

      --------------------------------------------------

    Ignored nodes: comments, script, style
    [36m<body>[39m
      [36m<div>[39m
        [36m<div[39m
          [33mclass[39m=[32m"fixed inset-0 bg-black bg-opacity-50 flex items-center justify-center z-50 p-4"[39m
        [36m>[39m
          [36m<div[39m
            [33mclass[39m=[32m"rounded-lg border border-border/60 bg-card/95 text-card-foreground shadow-sm w-full max-w-4xl max-h-[90vh] overflow-hidden"[39m
          [36m>[39m
            [36m<div[39m
              [33mclass[39m=[32m"flex flex-col space-y-1.5 p-6 border-b"[39m
            [36m>[39m
              [36m<div[39m
                [33mclass[39m=[32m"flex items-center justify-between"[39m
              [36m>[39m
                [36m<h3[39m
                  [33mclass[39m=[32m"text-2xl font-semibold leading-none tracking-tight text-foreground/95 dark:text-foreground/98 flex items-center"[39m
                [36m>[39m
                  [36m<svg[39m
                    [33mclass[39m=[32m"lucide lucide-globe w-5 h-5 mr-2"[39m
                    [33mfill[39m=[32m"none"[39m
                    [33mheight[39m=[32m"24"[39m
                    [33mstroke[39m=[32m"currentColor"[39m
                    [33mstroke-linecap[39m=[32m"round"[39m
                    [33mstroke-linejoin[39m=[32m"round"[39m
                    [33mstroke-width[39m=[32m"2"[39m
                    [33mviewBox[39m=[32m"0 0 24 24"[39m
                    [33mwidth[39m=[32m"24"[39m
                    [33mxmlns[39m=[32m"http://www.w3.org/2000/svg"[39m
                  [36m>[39m
                    [36m<circle[39m
                      [33mcx[39m=[32m"12"[39m
                      [33mcy[39m=[32m"12"[39m
                      [33mr[39m=[32m"10"[39m
                    [36m/>[39m
                    [36m<path[39m
                      [33md[39m=[32m"M12 2a14.5 14.5 0 0 0 0 20 14.5 14.5 0 0 0 0-20"[39m
                    [36m/>[39m
                    [36m<path[39m
                      [33md[39m=[32m"M2 12h20"[39m
                    [36m/>[39m
                  [36m</svg>[39m
                  [0m動畫詳情[0m
                [36m</h3>[39m
                [36m<button[39m
                  [33mclass[39m=[32m"inline-flex items-center justify-center whitespace-nowrap text-sm font-medium ring-offset-background transition-all focus-visible:outline-none focus-visible:ring-2 focus-visible:ring-ring focus-visible:ring-offset-2 disabled:pointer-events-none disabled:opacity-50 active:scale-95 hover:bg-accent/50 hover:text-accent-foreground h-9 rounded-md px-3"[39m
                [36m>[39m
                  [36m<svg[39m
                    [33mclass[39m=[32m"lucide lucide-x w-4 h-4"[39m
                    [33mfill[39m=[32m"none"[39m
                    [33mheight[39m=[32m"24"[39m
                    [33mstroke[39m=[32m"currentColor"[39m
                    [33mstroke-linecap[39m=[32m"round"[39m
                    [33mstroke-linejoin[39m=[32m"round"[39m
                    [33mstroke-width[39m=[32m"2"[39m
                    [33mviewBox[39m=[32m"0 0 24 24"[39m
                    [33mwidth[39m=[32m"24"[39m
                    [33mxmlns[39m=[32m"http://www.w3.org/2000/svg"[39m
                  [36m>[39m
                    [36m<path[39m
                      [33md[39m=[32m"M18 6 6 18"[39m
                    [36m/>[39m
                    [36m<path[39m
                      [33md[39m=[32m"m6 6 12 12"[39m
                    [36m/>[39m
                  [36m</svg>[39m
                [36m</button>[39m
              [36m</div>[39m
            [36m</div>[39m
            [36m<div[39m
              [33mclass[39m=[32m"overflow-y-auto max-h-[70vh] p-6"[39m
            [36m>[39m
              [36m<div[39m
                [33mclass[39m=[32m"grid grid-cols-1 lg:grid-cols-3 gap-6"[39m
              [36m>[39m
                [36m<div[39m
                  [33mclass[39m=[32m"lg:col-span-1"[39m
                [36m/>[39m
                [36m<div[39m
                  [33mclass[39m=[32m"lg:col-span-2 space-y-6"[39m
                [36m>[39m
                  [36m<div>[39m
                    [36m<h1[39m
                      [33mclass[39m=[32m"text-2xl font-bold mb-2"[39m
                    [36m>[39m
                      [0m測試動畫[0m
                    [36m</h1>[39m
                    [36m<p[39m
                      [33mclass[39m=[32m"text-lg description-text mb-1"[39m
                    [36m>[39m
                      [0mTest Anime[0m
                    [36m</p>[39m
                    [36m<p[39m
                      [33mclass[39m=[32m"text-lg description-text mb-1"[39m
                    [36m>[39m
                      [0mTest Anime English[0m
                    [36m</p>[39m
                    [36m<p[39m
                      [33mclass[39m=[32m"text-lg description-text"[39m
                    [36m>[39m
                      [0mテストアニメ[0m
                    [36m</p>[39m
                  [36m</div>[39m
                  [36m<div[39m
                    [33mclass[39m=[32m"flex flex-wrap gap-2"[39m
                  [36m>[39m
                    [36m<div[39m
                      [33mclass[39m=[32m"inline-flex items-center rounded-full border px-2.5 py-0.5 text-xs font-medium transition-colors focus:outline-none focus:ring-2 focus:ring-ring focus:ring-offset-2 border-transparent hover:bg-primary/80 bg-green-100 text-green-800"[39m
                    [36m>[39m
                      [0m已完結[0m
                    [36m</div>[39m
                    [36m<div[39m
                      [33mclass[39m=[32m"inline-flex items-center rounded-full border px-2.5 py-0.5 text-xs font-medium transition-colors focus:outline-none focus:ring-2 focus:ring-ring focus:ring-offset-2 text-foreground border-border/60"[39m
                    [36m>[39m
                      [0m電視動畫[0m
                    [36m</div>[39m
                    [36m<div[39m
                      [33mclass[39m=[32m"inline-flex items-center rounded-full border px-2.5 py-0.5 text-xs font-medium transition-colors focus:outline-none focus:ring-2 focus:ring-ring focus:ring-offset-2 text-foreground border-border/60"[39m
                    [36m>[39m
                      [36m<svg[39m
                        [33mclass[39m=[32m"lucide lucide-play w-3 h-3 mr-1"[39m
                        [33mfill[39m=[32m"none"[39m
                        [33mheight[39m=[32m"24"[39m
                        [33mstroke[39m=[32m"currentColor"[39m
                        [33mstroke-linecap[39m=[32m"round"[39m
                        [33mstroke-linejoin[39m=[32m"round"[39m
                        [33mstroke-width[39m=[32m"2"[39m
                        [33mviewBox[39m=[32m"0 0 24 24"[39m
                        [33mwidth[39m=[32m"24"[39m
                        [33mxmlns[39m=[32m"http://www.w3.org/2000/svg"[39m
                      [36m>[39m
                        [36m<polygon[39m
                          [33mpoints[39m=[32m"5 3 19 12 5 21 5 3"[39m
                        [36m/>[39m
                      [36m</svg>[39m
                      [0m12[0m
                      [0m 集[0m
                    [36m</div>[39m
                    [36m<div[39m
                      [33mclass[39m=[32m"inline-flex items-center rounded-full border px-2.5 py-0...

      157 |     render(<AnimeDetailModal {...defaultProps} />);
      158 |
    > 159 |     const confirmButton = screen.getByRole("button", { name: /確認選擇/i });
          |                                  ^
      160 |     await user.click(confirmButton);
      161 |
      162 |     expect(screen.getByText(errorMessage)).toBeInTheDocument();

      at Object.getElementError (node_modules/@testing-library/dom/dist/config.js:37:19)
      at node_modules/@testing-library/dom/dist/query-helpers.js:76:38
      at node_modules/@testing-library/dom/dist/query-helpers.js:52:17
      at node_modules/@testing-library/dom/dist/query-helpers.js:95:19
      at Object.getByRole (src/components/__tests__/AnimeDetailModal.test.tsx:159:34)

  ● AnimeDetailModal › 當沒有集數時應該顯示正確的訊息

    TestingLibraryElementError: Unable to find an element with the text: 未知. This could be because the text is broken up by multiple elements. In this case, you can provide a function for your text matcher to make your matcher more flexible.

    Ignored nodes: comments, script, style
    [36m<body>[39m
      [36m<div>[39m
        [36m<div[39m
          [33mclass[39m=[32m"fixed inset-0 bg-black bg-opacity-50 flex items-center justify-center z-50 p-4"[39m
        [36m>[39m
          [36m<div[39m
            [33mclass[39m=[32m"rounded-lg border border-border/60 bg-card/95 text-card-foreground shadow-sm w-full max-w-4xl max-h-[90vh] overflow-hidden"[39m
          [36m>[39m
            [36m<div[39m
              [33mclass[39m=[32m"flex flex-col space-y-1.5 p-6 border-b"[39m
            [36m>[39m
              [36m<div[39m
                [33mclass[39m=[32m"flex items-center justify-between"[39m
              [36m>[39m
                [36m<h3[39m
                  [33mclass[39m=[32m"text-2xl font-semibold leading-none tracking-tight text-foreground/95 dark:text-foreground/98 flex items-center"[39m
                [36m>[39m
                  [36m<svg[39m
                    [33mclass[39m=[32m"lucide lucide-globe w-5 h-5 mr-2"[39m
                    [33mfill[39m=[32m"none"[39m
                    [33mheight[39m=[32m"24"[39m
                    [33mstroke[39m=[32m"currentColor"[39m
                    [33mstroke-linecap[39m=[32m"round"[39m
                    [33mstroke-linejoin[39m=[32m"round"[39m
                    [33mstroke-width[39m=[32m"2"[39m
                    [33mviewBox[39m=[32m"0 0 24 24"[39m
                    [33mwidth[39m=[32m"24"[39m
                    [33mxmlns[39m=[32m"http://www.w3.org/2000/svg"[39m
                  [36m>[39m
                    [36m<circle[39m
                      [33mcx[39m=[32m"12"[39m
                      [33mcy[39m=[32m"12"[39m
                      [33mr[39m=[32m"10"[39m
                    [36m/>[39m
                    [36m<path[39m
                      [33md[39m=[32m"M12 2a14.5 14.5 0 0 0 0 20 14.5 14.5 0 0 0 0-20"[39m
                    [36m/>[39m
                    [36m<path[39m
                      [33md[39m=[32m"M2 12h20"[39m
                    [36m/>[39m
                  [36m</svg>[39m
                  [0m動畫詳情[0m
                [36m</h3>[39m
                [36m<button[39m
                  [33mclass[39m=[32m"inline-flex items-center justify-center whitespace-nowrap text-sm font-medium ring-offset-background transition-all focus-visible:outline-none focus-visible:ring-2 focus-visible:ring-ring focus-visible:ring-offset-2 disabled:pointer-events-none disabled:opacity-50 active:scale-95 hover:bg-accent/50 hover:text-accent-foreground h-9 rounded-md px-3"[39m
                [36m>[39m
                  [36m<svg[39m
                    [33mclass[39m=[32m"lucide lucide-x w-4 h-4"[39m
                    [33mfill[39m=[32m"none"[39m
                    [33mheight[39m=[32m"24"[39m
                    [33mstroke[39m=[32m"currentColor"[39m
                    [33mstroke-linecap[39m=[32m"round"[39m
                    [33mstroke-linejoin[39m=[32m"round"[39m
                    [33mstroke-width[39m=[32m"2"[39m
                    [33mviewBox[39m=[32m"0 0 24 24"[39m
                    [33mwidth[39m=[32m"24"[39m
                    [33mxmlns[39m=[32m"http://www.w3.org/2000/svg"[39m
                  [36m>[39m
                    [36m<path[39m
                      [33md[39m=[32m"M18 6 6 18"[39m
                    [36m/>[39m
                    [36m<path[39m
                      [33md[39m=[32m"m6 6 12 12"[39m
                    [36m/>[39m
                  [36m</svg>[39m
                [36m</button>[39m
              [36m</div>[39m
            [36m</div>[39m
            [36m<div[39m
              [33mclass[39m=[32m"overflow-y-auto max-h-[70vh] p-6"[39m
            [36m>[39m
              [36m<div[39m
                [33mclass[39m=[32m"grid grid-cols-1 lg:grid-cols-3 gap-6"[39m
              [36m>[39m
                [36m<div[39m
                  [33mclass[39m=[32m"lg:col-span-1"[39m
                [36m/>[39m
                [36m<div[39m
                  [33mclass[39m=[32m"lg:col-span-2 space-y-6"[39m
                [36m>[39m
                  [36m<div>[39m
                    [36m<h1[39m
                      [33mclass[39m=[32m"text-2xl font-bold mb-2"[39m
                    [36m>[39m
                      [0m測試動畫[0m
                    [36m</h1>[39m
                    [36m<p[39m
                      [33mclass[39m=[32m"text-lg description-text mb-1"[39m
                    [36m>[39m
                      [0mTest Anime[0m
                    [36m</p>[39m
                    [36m<p[39m
                      [33mclass[39m=[32m"text-lg description-text mb-1"[39m
                    [36m>[39m
                      [0mTest Anime English[0m
                    [36m</p>[39m
                    [36m<p[39m
                      [33mclass[39m=[32m"text-lg description-text"[39m
                    [36m>[39m
                      [0mテストアニメ[0m
                    [36m</p>[39m
                  [36m</div>[39m
                  [36m<div[39m
                    [33mclass[39m=[32m"flex flex-wrap gap-2"[39m
                  [36m>[39m
                    [36m<div[39m
                      [33mclass[39m=[32m"inline-flex items-center rounded-full border px-2.5 py-0.5 text-xs font-medium transition-colors focus:outline-none focus:ring-2 focus:ring-ring focus:ring-offset-2 border-transparent hover:bg-primary/80 bg-green-100 text-green-800"[39m
                    [36m>[39m
                      [0m已完結[0m
                    [36m</div>[39m
                    [36m<div[39m
                      [33mclass[39m=[32m"inline-flex items-center rounded-full border px-2.5 py-0.5 text-xs font-medium transition-colors focus:outline-none focus:ring-2 focus:ring-ring focus:ring-offset-2 text-foreground border-border/60"[39m
                    [36m>[39m
                      [0m電視動畫[0m
                    [36m</div>[39m
                    [36m<div[39m
                      [33mclass[39m=[32m"inline-flex items-center rounded-full border px-2.5 py-0.5 text-xs font-medium transition-colors focus:outline-none focus:ring-2 focus:ring-ring focus:ring-offset-2 text-foreground border-border/60"[39m
                    [36m>[39m
                      [36m<svg[39m
                        [33mclass[39m=[32m"lucide lucide-clock w-3 h-3 mr-1"[39m
                        [33mfill[39m=[32m"none"[39m
                        [33mheight[39m=[32m"24"[39m
                        [33mstroke[39m=[32m"currentColor"[39m
                        [33mstroke-linecap[39m=[32m"round"[39m
                        [33mstroke-linejoin[39m=[32m"round"[39m
                        [33mstroke-width[39m=[32m"2"[39m
                        [33mviewBox[39m=[32m"0 0 24 24"[39m
                        [33mwidth[39m=[32m"24"[39m
                        [33mxmlns[39m=[32m"http://www.w3.org/2000/svg"[39m
                      [36m>[39m
                        [36m<circle[39m
                          [33mcx[39m=[32m"12"[39m
                          [33mcy[39m=[32m"12"[39m
                          [33mr[39m=[32m"10"[39m
                        [36m/>[39m
                        [36m<polyline[39m
                          [33mpoints[39m=[32m"12 6 12 12 16 14"[39m
                        [36m/>[39m
                      [36m</svg>[39...

      172 |     render(<AnimeDetailModal {...defaultProps} anime={animeWithoutEpisodes} />);
      173 |
    > 174 |     expect(screen.getByText("未知")).toBeInTheDocument();
          |                   ^
      175 |   });
      176 |
      177 |   it("當沒有評分時應該顯示 0", () => {

      at Object.getElementError (node_modules/@testing-library/dom/dist/config.js:37:19)
      at node_modules/@testing-library/dom/dist/query-helpers.js:76:38
      at node_modules/@testing-library/dom/dist/query-helpers.js:52:17
      at node_modules/@testing-library/dom/dist/query-helpers.js:95:19
      at Object.getByText (src/components/__tests__/AnimeDetailModal.test.tsx:174:19)

  ● AnimeDetailModal › 當沒有評分時應該顯示 0

    TestingLibraryElementError: Unable to find an element with the text: 0. This could be because the text is broken up by multiple elements. In this case, you can provide a function for your text matcher to make your matcher more flexible.

    Ignored nodes: comments, script, style
    [36m<body>[39m
      [36m<div>[39m
        [36m<div[39m
          [33mclass[39m=[32m"fixed inset-0 bg-black bg-opacity-50 flex items-center justify-center z-50 p-4"[39m
        [36m>[39m
          [36m<div[39m
            [33mclass[39m=[32m"rounded-lg border border-border/60 bg-card/95 text-card-foreground shadow-sm w-full max-w-4xl max-h-[90vh] overflow-hidden"[39m
          [36m>[39m
            [36m<div[39m
              [33mclass[39m=[32m"flex flex-col space-y-1.5 p-6 border-b"[39m
            [36m>[39m
              [36m<div[39m
                [33mclass[39m=[32m"flex items-center justify-between"[39m
              [36m>[39m
                [36m<h3[39m
                  [33mclass[39m=[32m"text-2xl font-semibold leading-none tracking-tight text-foreground/95 dark:text-foreground/98 flex items-center"[39m
                [36m>[39m
                  [36m<svg[39m
                    [33mclass[39m=[32m"lucide lucide-globe w-5 h-5 mr-2"[39m
                    [33mfill[39m=[32m"none"[39m
                    [33mheight[39m=[32m"24"[39m
                    [33mstroke[39m=[32m"currentColor"[39m
                    [33mstroke-linecap[39m=[32m"round"[39m
                    [33mstroke-linejoin[39m=[32m"round"[39m
                    [33mstroke-width[39m=[32m"2"[39m
                    [33mviewBox[39m=[32m"0 0 24 24"[39m
                    [33mwidth[39m=[32m"24"[39m
                    [33mxmlns[39m=[32m"http://www.w3.org/2000/svg"[39m
                  [36m>[39m
                    [36m<circle[39m
                      [33mcx[39m=[32m"12"[39m
                      [33mcy[39m=[32m"12"[39m
                      [33mr[39m=[32m"10"[39m
                    [36m/>[39m
                    [36m<path[39m
                      [33md[39m=[32m"M12 2a14.5 14.5 0 0 0 0 20 14.5 14.5 0 0 0 0-20"[39m
                    [36m/>[39m
                    [36m<path[39m
                      [33md[39m=[32m"M2 12h20"[39m
                    [36m/>[39m
                  [36m</svg>[39m
                  [0m動畫詳情[0m
                [36m</h3>[39m
                [36m<button[39m
                  [33mclass[39m=[32m"inline-flex items-center justify-center whitespace-nowrap text-sm font-medium ring-offset-background transition-all focus-visible:outline-none focus-visible:ring-2 focus-visible:ring-ring focus-visible:ring-offset-2 disabled:pointer-events-none disabled:opacity-50 active:scale-95 hover:bg-accent/50 hover:text-accent-foreground h-9 rounded-md px-3"[39m
                [36m>[39m
                  [36m<svg[39m
                    [33mclass[39m=[32m"lucide lucide-x w-4 h-4"[39m
                    [33mfill[39m=[32m"none"[39m
                    [33mheight[39m=[32m"24"[39m
                    [33mstroke[39m=[32m"currentColor"[39m
                    [33mstroke-linecap[39m=[32m"round"[39m
                    [33mstroke-linejoin[39m=[32m"round"[39m
                    [33mstroke-width[39m=[32m"2"[39m
                    [33mviewBox[39m=[32m"0 0 24 24"[39m
                    [33mwidth[39m=[32m"24"[39m
                    [33mxmlns[39m=[32m"http://www.w3.org/2000/svg"[39m
                  [36m>[39m
                    [36m<path[39m
                      [33md[39m=[32m"M18 6 6 18"[39m
                    [36m/>[39m
                    [36m<path[39m
                      [33md[39m=[32m"m6 6 12 12"[39m
                    [36m/>[39m
                  [36m</svg>[39m
                [36m</button>[39m
              [36m</div>[39m
            [36m</div>[39m
            [36m<div[39m
              [33mclass[39m=[32m"overflow-y-auto max-h-[70vh] p-6"[39m
            [36m>[39m
              [36m<div[39m
                [33mclass[39m=[32m"grid grid-cols-1 lg:grid-cols-3 gap-6"[39m
              [36m>[39m
                [36m<div[39m
                  [33mclass[39m=[32m"lg:col-span-1"[39m
                [36m/>[39m
                [36m<div[39m
                  [33mclass[39m=[32m"lg:col-span-2 space-y-6"[39m
                [36m>[39m
                  [36m<div>[39m
                    [36m<h1[39m
                      [33mclass[39m=[32m"text-2xl font-bold mb-2"[39m
                    [36m>[39m
                      [0m測試動畫[0m
                    [36m</h1>[39m
                    [36m<p[39m
                      [33mclass[39m=[32m"text-lg description-text mb-1"[39m
                    [36m>[39m
                      [0mTest Anime[0m
                    [36m</p>[39m
                    [36m<p[39m
                      [33mclass[39m=[32m"text-lg description-text mb-1"[39m
                    [36m>[39m
                      [0mTest Anime English[0m
                    [36m</p>[39m
                    [36m<p[39m
                      [33mclass[39m=[32m"text-lg description-text"[39m
                    [36m>[39m
                      [0mテストアニメ[0m
                    [36m</p>[39m
                  [36m</div>[39m
                  [36m<div[39m
                    [33mclass[39m=[32m"flex flex-wrap gap-2"[39m
                  [36m>[39m
                    [36m<div[39m
                      [33mclass[39m=[32m"inline-flex items-center rounded-full border px-2.5 py-0.5 text-xs font-medium transition-colors focus:outline-none focus:ring-2 focus:ring-ring focus:ring-offset-2 border-transparent hover:bg-primary/80 bg-green-100 text-green-800"[39m
                    [36m>[39m
                      [0m已完結[0m
                    [36m</div>[39m
                    [36m<div[39m
                      [33mclass[39m=[32m"inline-flex items-center rounded-full border px-2.5 py-0.5 text-xs font-medium transition-colors focus:outline-none focus:ring-2 focus:ring-ring focus:ring-offset-2 text-foreground border-border/60"[39m
                    [36m>[39m
                      [0m電視動畫[0m
                    [36m</div>[39m
                    [36m<div[39m
                      [33mclass[39m=[32m"inline-flex items-center rounded-full border px-2.5 py-0.5 text-xs font-medium transition-colors focus:outline-none focus:ring-2 focus:ring-ring focus:ring-offset-2 text-foreground border-border/60"[39m
                    [36m>[39m
                      [36m<svg[39m
                        [33mclass[39m=[32m"lucide lucide-play w-3 h-3 mr-1"[39m
                        [33mfill[39m=[32m"none"[39m
                        [33mheight[39m=[32m"24"[39m
                        [33mstroke[39m=[32m"currentColor"[39m
                        [33mstroke-linecap[39m=[32m"round"[39m
                        [33mstroke-linejoin[39m=[32m"round"[39m
                        [33mstroke-width[39m=[32m"2"[39m
                        [33mviewBox[39m=[32m"0 0 24 24"[39m
                        [33mwidth[39m=[32m"24"[39m
                        [33mxmlns[39m=[32m"http://www.w3.org/2000/svg"[39m
                      [36m>[39m
                        [36m<polygon[39m
                          [33mpoints[39m=[32m"5 3 19 12 5 21 5 3"[39m
                        [36m/>[39m
                      [36m</svg>[39m
                      [0m12[0m
                      [0m 集[0m
                    [36m</div>[39m
                    [36m<div[39m
                      [33mclass[39m=[32m"inline-flex items-center rounded-full border px-2.5 py-0...

      183 |     render(<AnimeDetailModal {...defaultProps} anime={animeWithoutRating} />);
      184 |
    > 185 |     expect(screen.getByText("0")).toBeInTheDocument();
          |                   ^
      186 |   });
      187 |
      188 |   it("當沒有描述時應該顯示空字串", () => {

      at Object.getElementError (node_modules/@testing-library/dom/dist/config.js:37:19)
      at node_modules/@testing-library/dom/dist/query-helpers.js:76:38
      at node_modules/@testing-library/dom/dist/query-helpers.js:52:17
      at node_modules/@testing-library/dom/dist/query-helpers.js:95:19
      at Object.getByText (src/components/__tests__/AnimeDetailModal.test.tsx:185:19)

  ● AnimeDetailModal › 當沒有描述時應該顯示空字串

    TestingLibraryElementError: Found multiple elements with the text: 

    Here are the matching elements:

    Ignored nodes: comments, script, style
    [36m<body>[39m
      [36m<div>[39m
        [36m<div[39m
          [33mclass[39m=[32m"fixed inset-0 bg-black bg-opacity-50 flex items-center justify-center z-50 p-4"[39m
        [36m>[39m
          [36m<div[39m
            [33mclass[39m=[32m"rounded-lg border border-border/60 bg-card/95 text-card-foreground shadow-sm w-full max-w-4xl max-h-[90vh] overflow-hidden"[39m
          [36m>[39m
            [36m<div[39m
              [33mclass[39m=[32m"flex flex-col space-y-1.5 p-6 border-b"[39m
            [36m>[39m
              [36m<div[39m
                [33mclass[39m=[32m"flex items-center justify-between"[39m
              [36m>[39m
                [36m<h3[39m
                  [33mclass[39m=[32m"text-2xl font-semibold leading-none tracking-tight text-foreground/95 dark:text-foreground/98 flex items-center"[39m
                [36m>[39m
                  [36m<svg[39m
                    [33mclass[39m=[32m"lucide lucide-globe w-5 h-5 mr-2"[39m
                    [33mfill[39m=[32m"none"[39m
                    [33mheight[39m=[32m"24"[39m
                    [33mstroke[39m=[32m"currentColor"[39m
                    [33mstroke-linecap[39m=[32m"round"[39m
                    [33mstroke-linejoin[39m=[32m"round"[39m
                    [33mstroke-width[39m=[32m"2"[39m
                    [33mviewBox[39m=[32m"0 0 24 24"[39m
                    [33mwidth[39m=[32m"24"[39m
                    [33mxmlns[39m=[32m"http://www.w3.org/2000/svg"[39m
                  [36m>[39m
                    [36m<circle[39m
                      [33mcx[39m=[32m"12"[39m
                      [33mcy[39m=[32m"12"[39m
                      [33mr[39m=[32m"10"[39m
                    [36m/>[39m
                    [36m<path[39m
                      [33md[39m=[32m"M12 2a14.5 14.5 0 0 0 0 20 14.5 14.5 0 0 0 0-20"[39m
                    [36m/>[39m
                    [36m<path[39m
                      [33md[39m=[32m"M2 12h20"[39m
                    [36m/>[39m
                  [36m</svg>[39m
                  [0m動畫詳情[0m
                [36m</h3>[39m
                [36m<button[39m
                  [33mclass[39m=[32m"inline-flex items-center justify-center whitespace-nowrap text-sm font-medium ring-offset-background transition-all focus-visible:outline-none focus-visible:ring-2 focus-visible:ring-ring focus-visible:ring-offset-2 disabled:pointer-events-none disabled:opacity-50 active:scale-95 hover:bg-accent/50 hover:text-accent-foreground h-9 rounded-md px-3"[39m
                [36m>[39m
                  [36m<svg[39m
                    [33mclass[39m=[32m"lucide lucide-x w-4 h-4"[39m
                    [33mfill[39m=[32m"none"[39m
                    [33mheight[39m=[32m"24"[39m
                    [33mstroke[39m=[32m"currentColor"[39m
                    [33mstroke-linecap[39m=[32m"round"[39m
                    [33mstroke-linejoin[39m=[32m"round"[39m
                    [33mstroke-width[39m=[32m"2"[39m
                    [33mviewBox[39m=[32m"0 0 24 24"[39m
                    [33mwidth[39m=[32m"24"[39m
                    [33mxmlns[39m=[32m"http://www.w3.org/2000/svg"[39m
                  [36m>[39m
                    [36m<path[39m
                      [33md[39m=[32m"M18 6 6 18"[39m
                    [36m/>[39m
                    [36m<path[39m
                      [33md[39m=[32m"m6 6 12 12"[39m
                    [36m/>[39m
                  [36m</svg>[39m
                [36m</button>[39m
              [36m</div>[39m
            [36m</div>[39m
            [36m<div[39m
              [33mclass[39m=[32m"overflow-y-auto max-h-[70vh] p-6"[39m
            [36m>[39m
              [36m<div[39m
                [33mclass[39m=[32m"grid grid-cols-1 lg:grid-cols-3 gap-6"[39m
              [36m>[39m
                [36m<div[39m
                  [33mclass[39m=[32m"lg:col-span-1"[39m
                [36m/>[39m
                [36m<div[39m
                  [33mclass[39m=[32m"lg:col-span-2 space-y-6"[39m
                [36m>[39m
                  [36m<div>[39m
                    [36m<h1[39m
                      [33mclass[39m=[32m"text-2xl font-bold mb-2"[39m
                    [36m>[39m
                      [0m測試動畫[0m
                    [36m</h1>[39m
                    [36m<p[39m
                      [33mclass[39m=[32m"text-lg description-text mb-1"[39m
                    [36m>[39m
                      [0mTest Anime[0m
                    [36m</p>[39m
                    [36m<p[39m
                      [33mclass[39m=[32m"text-lg description-text mb-1"[39m
                    [36m>[39m
                      [0mTest Anime English[0m
                    [36m</p>[39m
                    [36m<p[39m
                      [33mclass[39m=[32m"text-lg description-text"[39m
                    [36m>[39m
                      [0mテストアニメ[0m
                    [36m</p>[39m
                  [36m</div>[39m
                  [36m<div[39m
                    [33mclass[39m=[32m"flex flex-wrap gap-2"[39m
                  [36m>[39m
                    [36m<div[39m
                      [33mclass[39m=[32m"inline-flex items-center rounded-full border px-2.5 py-0.5 text-xs font-medium transition-colors focus:outline-none focus:ring-2 focus:ring-ring focus:ring-offset-2 border-transparent hover:bg-primary/80 bg-green-100 text-green-800"[39m
                    [36m>[39m
                      [0m已完結[0m
                    [36m</div>[39m
                    [36m<div[39m
                      [33mclass[39m=[32m"inline-flex items-center rounded-full border px-2.5 py-0.5 text-xs font-medium transition-colors focus:outline-none focus:ring-2 focus:ring-ring focus:ring-offset-2 text-foreground border-border/60"[39m
                    [36m>[39m
                      [0m電視動畫[0m
                    [36m</div>[39m
                    [36m<div[39m
                      [33mclass[39m=[32m"inline-flex items-center rounded-full border px-2.5 py-0.5 text-xs font-medium transition-colors focus:outline-none focus:ring-2 focus:ring-ring focus:ring-offset-2 text-foreground border-border/60"[39m
                    [36m>[39m
                      [36m<svg[39m
                        [33mclass[39m=[32m"lucide lucide-play w-3 h-3 mr-1"[39m
                        [33mfill[39m=[32m"none"[39m
                        [33mheight[39m=[32m"24"[39m
                        [33mstroke[39m=[32m"currentColor"[39m
                        [33mstroke-linecap[39m=[32m"round"[39m
                        [33mstroke-linejoin[39m=[32m"round"[39m
                        [33mstroke-width[39m=[32m"2"[39m
                        [33mviewBox[39m=[32m"0 0 24 24"[39m
                        [33mwidth[39m=[32m"24"[39m
                        [33mxmlns[39m=[32m"http://www.w3.org/2000/svg"[39m
                      [36m>[39m
                        [36m<polygon[39m
                          [33mpoints[39m=[32m"5 3 19 12 5 21 5 3"[39m
                        [36m/>[39m
                      [36m</svg>[39m
                      [0m12[0m
                      [0m 集[0m
                    [36m</div>[39m
                    [36m<div[39m
                      [33mclass[39m=[32m"inline-flex items-center rounded-full border px-2.5 py-0...

    Ignored nodes: comments, script, style
    [36m<div>[39m
      [36m<div[39m
        [33mclass[39m=[32m"fixed inset-0 bg-black bg-opacity-50 flex items-center justify-center z-50 p-4"[39m
      [36m>[39m
        [36m<div[39m
          [33mclass[39m=[32m"rounded-lg border border-border/60 bg-card/95 text-card-foreground shadow-sm w-full max-w-4xl max-h-[90vh] overflow-hidden"[39m
        [36m>[39m
          [36m<div[39m
            [33mclass[39m=[32m"flex flex-col space-y-1.5 p-6 border-b"[39m
          [36m>[39m
            [36m<div[39m
              [33mclass[39m=[32m"flex items-center justify-between"[39m
            [36m>[39m
              [36m<h3[39m
                [33mclass[39m=[32m"text-2xl font-semibold leading-none tracking-tight text-foreground/95 dark:text-foreground/98 flex items-center"[39m
              [36m>[39m
                [36m<svg[39m
                  [33mclass[39m=[32m"lucide lucide-globe w-5 h-5 mr-2"[39m
                  [33mfill[39m=[32m"none"[39m
                  [33mheight[39m=[32m"24"[39m
                  [33mstroke[39m=[32m"currentColor"[39m
                  [33mstroke-linecap[39m=[32m"round"[39m
                  [33mstroke-linejoin[39m=[32m"round"[39m
                  [33mstroke-width[39m=[32m"2"[39m
                  [33mviewBox[39m=[32m"0 0 24 24"[39m
                  [33mwidth[39m=[32m"24"[39m
                  [33mxmlns[39m=[32m"http://www.w3.org/2000/svg"[39m
                [36m>[39m
                  [36m<circle[39m
                    [33mcx[39m=[32m"12"[39m
                    [33mcy[39m=[32m"12"[39m
                    [33mr[39m=[32m"10"[39m
                  [36m/>[39m
                  [36m<path[39m
                    [33md[39m=[32m"M12 2a14.5 14.5 0 0 0 0 20 14.5 14.5 0 0 0 0-20"[39m
                  [36m/>[39m
                  [36m<path[39m
                    [33md[39m=[32m"M2 12h20"[39m
                  [36m/>[39m
                [36m</svg>[39m
                [0m動畫詳情[0m
              [36m</h3>[39m
              [36m<button[39m
                [33mclass[39m=[32m"inline-flex items-center justify-center whitespace-nowrap text-sm font-medium ring-offset-background transition-all focus-visible:outline-none focus-visible:ring-2 focus-visible:ring-ring focus-visible:ring-offset-2 disabled:pointer-events-none disabled:opacity-50 active:scale-95 hover:bg-accent/50 hover:text-accent-foreground h-9 rounded-md px-3"[39m
              [36m>[39m
                [36m<svg[39m
                  [33mclass[39m=[32m"lucide lucide-x w-4 h-4"[39m
                  [33mfill[39m=[32m"none"[39m
                  [33mheight[39m=[32m"24"[39m
                  [33mstroke[39m=[32m"currentColor"[39m
                  [33mstroke-linecap[39m=[32m"round"[39m
                  [33mstroke-linejoin[39m=[32m"round"[39m
                  [33mstroke-width[39m=[32m"2"[39m
                  [33mviewBox[39m=[32m"0 0 24 24"[39m
                  [33mwidth[39m=[32m"24"[39m
                  [33mxmlns[39m=[32m"http://www.w3.org/2000/svg"[39m
                [36m>[39m
                  [36m<path[39m
                    [33md[39m=[32m"M18 6 6 18"[39m
                  [36m/>[39m
                  [36m<path[39m
                    [33md[39m=[32m"m6 6 12 12"[39m
                  [36m/>[39m
                [36m</svg>[39m
              [36m</button>[39m
            [36m</div>[39m
          [36m</div>[39m
          [36m<div[39m
            [33mclass[39m=[32m"overflow-y-auto max-h-[70vh] p-6"[39m
          [36m>[39m
            [36m<div[39m
              [33mclass[39m=[32m"grid grid-cols-1 lg:grid-cols-3 gap-6"[39m
            [36m>[39m
              [36m<div[39m
                [33mclass[39m=[32m"lg:col-span-1"[39m
              [36m/>[39m
              [36m<div[39m
                [33mclass[39m=[32m"lg:col-span-2 space-y-6"[39m
              [36m>[39m
                [36m<div>[39m
                  [36m<h1[39m
                    [33mclass[39m=[32m"text-2xl font-bold mb-2"[39m
                  [36m>[39m
                    [0m測試動畫[0m
                  [36m</h1>[39m
                  [36m<p[39m
                    [33mclass[39m=[32m"text-lg description-text mb-1"[39m
                  [36m>[39m
                    [0mTest Anime[0m
                  [36m</p>[39m
                  [36m<p[39m
                    [33mclass[39m=[32m"text-lg description-text mb-1"[39m
                  [36m>[39m
                    [0mTest Anime English[0m
                  [36m</p>[39m
                  [36m<p[39m
                    [33mclass[39m=[32m"text-lg description-text"[39m
                  [36m>[39m
                    [0mテストアニメ[0m
                  [36m</p>[39m
                [36m</div>[39m
                [36m<div[39m
                  [33mclass[39m=[32m"flex flex-wrap gap-2"[39m
                [36m>[39m
                  [36m<div[39m
                    [33mclass[39m=[32m"inline-flex items-center rounded-full border px-2.5 py-0.5 text-xs font-medium transition-colors focus:outline-none focus:ring-2 focus:ring-ring focus:ring-offset-2 border-transparent hover:bg-primary/80 bg-green-100 text-green-800"[39m
                  [36m>[39m
                    [0m已完結[0m
                  [36m</div>[39m
                  [36m<div[39m
                    [33mclass[39m=[32m"inline-flex items-center rounded-full border px-2.5 py-0.5 text-xs font-medium transition-colors focus:outline-none focus:ring-2 focus:ring-ring focus:ring-offset-2 text-foreground border-border/60"[39m
                  [36m>[39m
                    [0m電視動畫[0m
                  [36m</div>[39m
                  [36m<div[39m
                    [33mclass[39m=[32m"inline-flex items-center rounded-full border px-2.5 py-0.5 text-xs font-medium transition-colors focus:outline-none focus:ring-2 focus:ring-ring focus:ring-offset-2 text-foreground border-border/60"[39m
                  [36m>[39m
                    [36m<svg[39m
                      [33mclass[39m=[32m"lucide lucide-play w-3 h-3 mr-1"[39m
                      [33mfill[39m=[32m"none"[39m
                      [33mheight[39m=[32m"24"[39m
                      [33mstroke[39m=[32m"currentColor"[39m
                      [33mstroke-linecap[39m=[32m"round"[39m
                      [33mstroke-linejoin[39m=[32m"round"[39m
                      [33mstroke-width[39m=[32m"2"[39m
                      [33mviewBox[39m=[32m"0 0 24 24"[39m
                      [33mwidth[39m=[32m"24"[39m
                      [33mxmlns[39m=[32m"http://www.w3.org/2000/svg"[39m
                    [36m>[39m
                      [36m<polygon[39m
                        [33mpoints[39m=[32m"5 3 19 12 5 21 5 3"[39m
                      [36m/>[39m
                    [36m</svg>[39m
                    [0m12[0m
                    [0m 集[0m
                  [36m</div>[39m
                  [36m<div[39m
                    [33mclass[39m=[32m"inline-flex items-center rounded-full border px-2.5 py-0.5 text-xs font-medium transition-colors focus:outline-none focus:ring-2 focus:ring-ring focus:ring-offset-2 text-foreground border-border/60"[39m
                  [36m>[39m
                    [36m<svg[39m
                      [33mclass[39m=[32m"lucide lucide-clock w-3 h-3 mr-1"[39m
             ...

    Ignored nodes: comments, script, style
    [36m<div[39m
      [33mclass[39m=[32m"fixed inset-0 bg-black bg-opacity-50 flex items-center justify-center z-50 p-4"[39m
    [36m>[39m
      [36m<div[39m
        [33mclass[39m=[32m"rounded-lg border border-border/60 bg-card/95 text-card-foreground shadow-sm w-full max-w-4xl max-h-[90vh] overflow-hidden"[39m
      [36m>[39m
        [36m<div[39m
          [33mclass[39m=[32m"flex flex-col space-y-1.5 p-6 border-b"[39m
        [36m>[39m
          [36m<div[39m
            [33mclass[39m=[32m"flex items-center justify-between"[39m
          [36m>[39m
            [36m<h3[39m
              [33mclass[39m=[32m"text-2xl font-semibold leading-none tracking-tight text-foreground/95 dark:text-foreground/98 flex items-center"[39m
            [36m>[39m
              [36m<svg[39m
                [33mclass[39m=[32m"lucide lucide-globe w-5 h-5 mr-2"[39m
                [33mfill[39m=[32m"none"[39m
                [33mheight[39m=[32m"24"[39m
                [33mstroke[39m=[32m"currentColor"[39m
                [33mstroke-linecap[39m=[32m"round"[39m
                [33mstroke-linejoin[39m=[32m"round"[39m
                [33mstroke-width[39m=[32m"2"[39m
                [33mviewBox[39m=[32m"0 0 24 24"[39m
                [33mwidth[39m=[32m"24"[39m
                [33mxmlns[39m=[32m"http://www.w3.org/2000/svg"[39m
              [36m>[39m
                [36m<circle[39m
                  [33mcx[39m=[32m"12"[39m
                  [33mcy[39m=[32m"12"[39m
                  [33mr[39m=[32m"10"[39m
                [36m/>[39m
                [36m<path[39m
                  [33md[39m=[32m"M12 2a14.5 14.5 0 0 0 0 20 14.5 14.5 0 0 0 0-20"[39m
                [36m/>[39m
                [36m<path[39m
                  [33md[39m=[32m"M2 12h20"[39m
                [36m/>[39m
              [36m</svg>[39m
              [0m動畫詳情[0m
            [36m</h3>[39m
            [36m<button[39m
              [33mclass[39m=[32m"inline-flex items-center justify-center whitespace-nowrap text-sm font-medium ring-offset-background transition-all focus-visible:outline-none focus-visible:ring-2 focus-visible:ring-ring focus-visible:ring-offset-2 disabled:pointer-events-none disabled:opacity-50 active:scale-95 hover:bg-accent/50 hover:text-accent-foreground h-9 rounded-md px-3"[39m
            [36m>[39m
              [36m<svg[39m
                [33mclass[39m=[32m"lucide lucide-x w-4 h-4"[39m
                [33mfill[39m=[32m"none"[39m
                [33mheight[39m=[32m"24"[39m
                [33mstroke[39m=[32m"currentColor"[39m
                [33mstroke-linecap[39m=[32m"round"[39m
                [33mstroke-linejoin[39m=[32m"round"[39m
                [33mstroke-width[39m=[32m"2"[39m
                [33mviewBox[39m=[32m"0 0 24 24"[39m
                [33mwidth[39m=[32m"24"[39m
                [33mxmlns[39m=[32m"http://www.w3.org/2000/svg"[39m
              [36m>[39m
                [36m<path[39m
                  [33md[39m=[32m"M18 6 6 18"[39m
                [36m/>[39m
                [36m<path[39m
                  [33md[39m=[32m"m6 6 12 12"[39m
                [36m/>[39m
              [36m</svg>[39m
            [36m</button>[39m
          [36m</div>[39m
        [36m</div>[39m
        [36m<div[39m
          [33mclass[39m=[32m"overflow-y-auto max-h-[70vh] p-6"[39m
        [36m>[39m
          [36m<div[39m
            [33mclass[39m=[32m"grid grid-cols-1 lg:grid-cols-3 gap-6"[39m
          [36m>[39m
            [36m<div[39m
              [33mclass[39m=[32m"lg:col-span-1"[39m
            [36m/>[39m
            [36m<div[39m
              [33mclass[39m=[32m"lg:col-span-2 space-y-6"[39m
            [36m>[39m
              [36m<div>[39m
                [36m<h1[39m
                  [33mclass[39m=[32m"text-2xl font-bold mb-2"[39m
                [36m>[39m
                  [0m測試動畫[0m
                [36m</h1>[39m
                [36m<p[39m
                  [33mclass[39m=[32m"text-lg description-text mb-1"[39m
                [36m>[39m
                  [0mTest Anime[0m
                [36m</p>[39m
                [36m<p[39m
                  [33mclass[39m=[32m"text-lg description-text mb-1"[39m
                [36m>[39m
                  [0mTest Anime English[0m
                [36m</p>[39m
                [36m<p[39m
                  [33mclass[39m=[32m"text-lg description-text"[39m
                [36m>[39m
                  [0mテストアニメ[0m
                [36m</p>[39m
              [36m</div>[39m
              [36m<div[39m
                [33mclass[39m=[32m"flex flex-wrap gap-2"[39m
              [36m>[39m
                [36m<div[39m
                  [33mclass[39m=[32m"inline-flex items-center rounded-full border px-2.5 py-0.5 text-xs font-medium transition-colors focus:outline-none focus:ring-2 focus:ring-ring focus:ring-offset-2 border-transparent hover:bg-primary/80 bg-green-100 text-green-800"[39m
                [36m>[39m
                  [0m已完結[0m
                [36m</div>[39m
                [36m<div[39m
                  [33mclass[39m=[32m"inline-flex items-center rounded-full border px-2.5 py-0.5 text-xs font-medium transition-colors focus:outline-none focus:ring-2 focus:ring-ring focus:ring-offset-2 text-foreground border-border/60"[39m
                [36m>[39m
                  [0m電視動畫[0m
                [36m</div>[39m
                [36m<div[39m
                  [33mclass[39m=[32m"inline-flex items-center rounded-full border px-2.5 py-0.5 text-xs font-medium transition-colors focus:outline-none focus:ring-2 focus:ring-ring focus:ring-offset-2 text-foreground border-border/60"[39m
                [36m>[39m
                  [36m<svg[39m
                    [33mclass[39m=[32m"lucide lucide-play w-3 h-3 mr-1"[39m
                    [33mfill[39m=[32m"none"[39m
                    [33mheight[39m=[32m"24"[39m
                    [33mstroke[39m=[32m"currentColor"[39m
                    [33mstroke-linecap[39m=[32m"round"[39m
                    [33mstroke-linejoin[39m=[32m"round"[39m
                    [33mstroke-width[39m=[32m"2"[39m
                    [33mviewBox[39m=[32m"0 0 24 24"[39m
                    [33mwidth[39m=[32m"24"[39m
                    [33mxmlns[39m=[32m"http://www.w3.org/2000/svg"[39m
                  [36m>[39m
                    [36m<polygon[39m
                      [33mpoints[39m=[32m"5 3 19 12 5 21 5 3"[39m
                    [36m/>[39m
                  [36m</svg>[39m
                  [0m12[0m
                  [0m 集[0m
                [36m</div>[39m
                [36m<div[39m
                  [33mclass[39m=[32m"inline-flex items-center rounded-full border px-2.5 py-0.5 text-xs font-medium transition-colors focus:outline-none focus:ring-2 focus:ring-ring focus:ring-offset-2 text-foreground border-border/60"[39m
                [36m>[39m
                  [36m<svg[39m
                    [33mclass[39m=[32m"lucide lucide-clock w-3 h-3 mr-1"[39m
                    [33mfill[39m=[32m"none"[39m
                    [33mheight[39m=[32m"24"[39m
                    [33mstroke[39m=[32m"currentColor"[39m
                    [33mstroke-linecap[39m=[32m"round"[39m
                    [33mstroke-linejoin[39m=[32m"round"[39m
                    [33mstroke-widt...

    Ignored nodes: comments, script, style
    [36m<div[39m
      [33mclass[39m=[32m"rounded-lg border border-border/60 bg-card/95 text-card-foreground shadow-sm w-full max-w-4xl max-h-[90vh] overflow-hidden"[39m
    [36m>[39m
      [36m<div[39m
        [33mclass[39m=[32m"flex flex-col space-y-1.5 p-6 border-b"[39m
      [36m>[39m
        [36m<div[39m
          [33mclass[39m=[32m"flex items-center justify-between"[39m
        [36m>[39m
          [36m<h3[39m
            [33mclass[39m=[32m"text-2xl font-semibold leading-none tracking-tight text-foreground/95 dark:text-foreground/98 flex items-center"[39m
          [36m>[39m
            [36m<svg[39m
              [33mclass[39m=[32m"lucide lucide-globe w-5 h-5 mr-2"[39m
              [33mfill[39m=[32m"none"[39m
              [33mheight[39m=[32m"24"[39m
              [33mstroke[39m=[32m"currentColor"[39m
              [33mstroke-linecap[39m=[32m"round"[39m
              [33mstroke-linejoin[39m=[32m"round"[39m
              [33mstroke-width[39m=[32m"2"[39m
              [33mviewBox[39m=[32m"0 0 24 24"[39m
              [33mwidth[39m=[32m"24"[39m
              [33mxmlns[39m=[32m"http://www.w3.org/2000/svg"[39m
            [36m>[39m
              [36m<circle[39m
                [33mcx[39m=[32m"12"[39m
                [33mcy[39m=[32m"12"[39m
                [33mr[39m=[32m"10"[39m
              [36m/>[39m
              [36m<path[39m
                [33md[39m=[32m"M12 2a14.5 14.5 0 0 0 0 20 14.5 14.5 0 0 0 0-20"[39m
              [36m/>[39m
              [36m<path[39m
                [33md[39m=[32m"M2 12h20"[39m
              [36m/>[39m
            [36m</svg>[39m
            [0m動畫詳情[0m
          [36m</h3>[39m
          [36m<button[39m
            [33mclass[39m=[32m"inline-flex items-center justify-center whitespace-nowrap text-sm font-medium ring-offset-background transition-all focus-visible:outline-none focus-visible:ring-2 focus-visible:ring-ring focus-visible:ring-offset-2 disabled:pointer-events-none disabled:opacity-50 active:scale-95 hover:bg-accent/50 hover:text-accent-foreground h-9 rounded-md px-3"[39m
          [36m>[39m
            [36m<svg[39m
              [33mclass[39m=[32m"lucide lucide-x w-4 h-4"[39m
              [33mfill[39m=[32m"none"[39m
              [33mheight[39m=[32m"24"[39m
              [33mstroke[39m=[32m"currentColor"[39m
              [33mstroke-linecap[39m=[32m"round"[39m
              [33mstroke-linejoin[39m=[32m"round"[39m
              [33mstroke-width[39m=[32m"2"[39m
              [33mviewBox[39m=[32m"0 0 24 24"[39m
              [33mwidth[39m=[32m"24"[39m
              [33mxmlns[39m=[32m"http://www.w3.org/2000/svg"[39m
            [36m>[39m
              [36m<path[39m
                [33md[39m=[32m"M18 6 6 18"[39m
              [36m/>[39m
              [36m<path[39m
                [33md[39m=[32m"m6 6 12 12"[39m
              [36m/>[39m
            [36m</svg>[39m
          [36m</button>[39m
        [36m</div>[39m
      [36m</div>[39m
      [36m<div[39m
        [33mclass[39m=[32m"overflow-y-auto max-h-[70vh] p-6"[39m
      [36m>[39m
        [36m<div[39m
          [33mclass[39m=[32m"grid grid-cols-1 lg:grid-cols-3 gap-6"[39m
        [36m>[39m
          [36m<div[39m
            [33mclass[39m=[32m"lg:col-span-1"[39m
          [36m/>[39m
          [36m<div[39m
            [33mclass[39m=[32m"lg:col-span-2 space-y-6"[39m
          [36m>[39m
            [36m<div>[39m
              [36m<h1[39m
                [33mclass[39m=[32m"text-2xl font-bold mb-2"[39m
              [36m>[39m
                [0m測試動畫[0m
              [36m</h1>[39m
              [36m<p[39m
                [33mclass[39m=[32m"text-lg description-text mb-1"[39m
              [36m>[39m
                [0mTest Anime[0m
              [36m</p>[39m
              [36m<p[39m
                [33mclass[39m=[32m"text-lg description-text mb-1"[39m
              [36m>[39m
                [0mTest Anime English[0m
              [36m</p>[39m
              [36m<p[39m
                [33mclass[39m=[32m"text-lg description-text"[39m
              [36m>[39m
                [0mテストアニメ[0m
              [36m</p>[39m
            [36m</div>[39m
            [36m<div[39m
              [33mclass[39m=[32m"flex flex-wrap gap-2"[39m
            [36m>[39m
              [36m<div[39m
                [33mclass[39m=[32m"inline-flex items-center rounded-full border px-2.5 py-0.5 text-xs font-medium transition-colors focus:outline-none focus:ring-2 focus:ring-ring focus:ring-offset-2 border-transparent hover:bg-primary/80 bg-green-100 text-green-800"[39m
              [36m>[39m
                [0m已完結[0m
              [36m</div>[39m
              [36m<div[39m
                [33mclass[39m=[32m"inline-flex items-center rounded-full border px-2.5 py-0.5 text-xs font-medium transition-colors focus:outline-none focus:ring-2 focus:ring-ring focus:ring-offset-2 text-foreground border-border/60"[39m
              [36m>[39m
                [0m電視動畫[0m
              [36m</div>[39m
              [36m<div[39m
                [33mclass[39m=[32m"inline-flex items-center rounded-full border px-2.5 py-0.5 text-xs font-medium transition-colors focus:outline-none focus:ring-2 focus:ring-ring focus:ring-offset-2 text-foreground border-border/60"[39m
              [36m>[39m
                [36m<svg[39m
                  [33mclass[39m=[32m"lucide lucide-play w-3 h-3 mr-1"[39m
                  [33mfill[39m=[32m"none"[39m
                  [33mheight[39m=[32m"24"[39m
                  [33mstroke[39m=[32m"currentColor"[39m
                  [33mstroke-linecap[39m=[32m"round"[39m
                  [33mstroke-linejoin[39m=[32m"round"[39m
                  [33mstroke-width[39m=[32m"2"[39m
                  [33mviewBox[39m=[32m"0 0 24 24"[39m
                  [33mwidth[39m=[32m"24"[39m
                  [33mxmlns[39m=[32m"http://www.w3.org/2000/svg"[39m
                [36m>[39m
                  [36m<polygon[39m
                    [33mpoints[39m=[32m"5 3 19 12 5 21 5 3"[39m
                  [36m/>[39m
                [36m</svg>[39m
                [0m12[0m
                [0m 集[0m
              [36m</div>[39m
              [36m<div[39m
                [33mclass[39m=[32m"inline-flex items-center rounded-full border px-2.5 py-0.5 text-xs font-medium transition-colors focus:outline-none focus:ring-2 focus:ring-ring focus:ring-offset-2 text-foreground border-border/60"[39m
              [36m>[39m
                [36m<svg[39m
                  [33mclass[39m=[32m"lucide lucide-clock w-3 h-3 mr-1"[39m
                  [33mfill[39m=[32m"none"[39m
                  [33mheight[39m=[32m"24"[39m
                  [33mstroke[39m=[32m"currentColor"[39m
                  [33mstroke-linecap[39m=[32m"round"[39m
                  [33mstroke-linejoin[39m=[32m"round"[39m
                  [33mstroke-width[39m=[32m"2"[39m
                  [33mviewBox[39m=[32m"0 0 24 24"[39m
                  [33mwidth[39m=[32m"24"[39m
                  [33mxmlns[39m=[32m"http://www.w3.org/2000/svg"[39m
                [36m>[39m
                  [36m<circle[39m
                    [33mcx[39m=[32m"12"[39m
                    [33mcy[39m=[32m"12"[39m
                    [33mr[39m=[32m"10"[39m
                  [36m/>[39m
                  [36m...

    Ignored nodes: comments, script, style
    [36m<div[39m
      [33mclass[39m=[32m"flex flex-col space-y-1.5 p-6 border-b"[39m
    [36m>[39m
      [36m<div[39m
        [33mclass[39m=[32m"flex items-center justify-between"[39m
      [36m>[39m
        [36m<h3[39m
          [33mclass[39m=[32m"text-2xl font-semibold leading-none tracking-tight text-foreground/95 dark:text-foreground/98 flex items-center"[39m
        [36m>[39m
          [36m<svg[39m
            [33mclass[39m=[32m"lucide lucide-globe w-5 h-5 mr-2"[39m
            [33mfill[39m=[32m"none"[39m
            [33mheight[39m=[32m"24"[39m
            [33mstroke[39m=[32m"currentColor"[39m
            [33mstroke-linecap[39m=[32m"round"[39m
            [33mstroke-linejoin[39m=[32m"round"[39m
            [33mstroke-width[39m=[32m"2"[39m
            [33mviewBox[39m=[32m"0 0 24 24"[39m
            [33mwidth[39m=[32m"24"[39m
            [33mxmlns[39m=[32m"http://www.w3.org/2000/svg"[39m
          [36m>[39m
            [36m<circle[39m
              [33mcx[39m=[32m"12"[39m
              [33mcy[39m=[32m"12"[39m
              [33mr[39m=[32m"10"[39m
            [36m/>[39m
            [36m<path[39m
              [33md[39m=[32m"M12 2a14.5 14.5 0 0 0 0 20 14.5 14.5 0 0 0 0-20"[39m
            [36m/>[39m
            [36m<path[39m
              [33md[39m=[32m"M2 12h20"[39m
            [36m/>[39m
          [36m</svg>[39m
          [0m動畫詳情[0m
        [36m</h3>[39m
        [36m<button[39m
          [33mclass[39m=[32m"inline-flex items-center justify-center whitespace-nowrap text-sm font-medium ring-offset-background transition-all focus-visible:outline-none focus-visible:ring-2 focus-visible:ring-ring focus-visible:ring-offset-2 disabled:pointer-events-none disabled:opacity-50 active:scale-95 hover:bg-accent/50 hover:text-accent-foreground h-9 rounded-md px-3"[39m
        [36m>[39m
          [36m<svg[39m
            [33mclass[39m=[32m"lucide lucide-x w-4 h-4"[39m
            [33mfill[39m=[32m"none"[39m
            [33mheight[39m=[32m"24"[39m
            [33mstroke[39m=[32m"currentColor"[39m
            [33mstroke-linecap[39m=[32m"round"[39m
            [33mstroke-linejoin[39m=[32m"round"[39m
            [33mstroke-width[39m=[32m"2"[39m
            [33mviewBox[39m=[32m"0 0 24 24"[39m
            [33mwidth[39m=[32m"24"[39m
            [33mxmlns[39m=[32m"http://www.w3.org/2000/svg"[39m
          [36m>[39m
            [36m<path[39m
              [33md[39m=[32m"M18 6 6 18"[39m
            [36m/>[39m
            [36m<path[39m
              [33md[39m=[32m"m6 6 12 12"[39m
            [36m/>[39m
          [36m</svg>[39m
        [36m</button>[39m
      [36m</div>[39m
    [36m</div>[39m

    Ignored nodes: comments, script, style
    [36m<div[39m
      [33mclass[39m=[32m"flex items-center justify-between"[39m
    [36m>[39m
      [36m<h3[39m
        [33mclass[39m=[32m"text-2xl font-semibold leading-none tracking-tight text-foreground/95 dark:text-foreground/98 flex items-center"[39m
      [36m>[39m
        [36m<svg[39m
          [33mclass[39m=[32m"lucide lucide-globe w-5 h-5 mr-2"[39m
          [33mfill[39m=[32m"none"[39m
          [33mheight[39m=[32m"24"[39m
          [33mstroke[39m=[32m"currentColor"[39m
          [33mstroke-linecap[39m=[32m"round"[39m
          [33mstroke-linejoin[39m=[32m"round"[39m
          [33mstroke-width[39m=[32m"2"[39m
          [33mviewBox[39m=[32m"0 0 24 24"[39m
          [33mwidth[39m=[32m"24"[39m
          [33mxmlns[39m=[32m"http://www.w3.org/2000/svg"[39m
        [36m>[39m
          [36m<circle[39m
            [33mcx[39m=[32m"12"[39m
            [33mcy[39m=[32m"12"[39m
            [33mr[39m=[32m"10"[39m
          [36m/>[39m
          [36m<path[39m
            [33md[39m=[32m"M12 2a14.5 14.5 0 0 0 0 20 14.5 14.5 0 0 0 0-20"[39m
          [36m/>[39m
          [36m<path[39m
            [33md[39m=[32m"M2 12h20"[39m
          [36m/>[39m
        [36m</svg>[39m
        [0m動畫詳情[0m
      [36m</h3>[39m
      [36m<button[39m
        [33mclass[39m=[32m"inline-flex items-center justify-center whitespace-nowrap text-sm font-medium ring-offset-background transition-all focus-visible:outline-none focus-visible:ring-2 focus-visible:ring-ring focus-visible:ring-offset-2 disabled:pointer-events-none disabled:opacity-50 active:scale-95 hover:bg-accent/50 hover:text-accent-foreground h-9 rounded-md px-3"[39m
      [36m>[39m
        [36m<svg[39m
          [33mclass[39m=[32m"lucide lucide-x w-4 h-4"[39m
          [33mfill[39m=[32m"none"[39m
          [33mheight[39m=[32m"24"[39m
          [33mstroke[39m=[32m"currentColor"[39m
          [33mstroke-linecap[39m=[32m"round"[39m
          [33mstroke-linejoin[39m=[32m"round"[39m
          [33mstroke-width[39m=[32m"2"[39m
          [33mviewBox[39m=[32m"0 0 24 24"[39m
          [33mwidth[39m=[32m"24"[39m
          [33mxmlns[39m=[32m"http://www.w3.org/2000/svg"[39m
        [36m>[39m
          [36m<path[39m
            [33md[39m=[32m"M18 6 6 18"[39m
          [36m/>[39m
          [36m<path[39m
            [33md[39m=[32m"m6 6 12 12"[39m
          [36m/>[39m
        [36m</svg>[39m
      [36m</button>[39m
    [36m</div>[39m

    Ignored nodes: comments, script, style
    [36m<svg[39m
      [33mclass[39m=[32m"lucide lucide-globe w-5 h-5 mr-2"[39m
      [33mfill[39m=[32m"none"[39m
      [33mheight[39m=[32m"24"[39m
      [33mstroke[39m=[32m"currentColor"[39m
      [33mstroke-linecap[39m=[32m"round"[39m
      [33mstroke-linejoin[39m=[32m"round"[39m
      [33mstroke-width[39m=[32m"2"[39m
      [33mviewBox[39m=[32m"0 0 24 24"[39m
      [33mwidth[39m=[32m"24"[39m
      [33mxmlns[39m=[32m"http://www.w3.org/2000/svg"[39m
    [36m>[39m
      [36m<circle[39m
        [33mcx[39m=[32m"12"[39m
        [33mcy[39m=[32m"12"[39m
        [33mr[39m=[32m"10"[39m
      [36m/>[39m
      [36m<path[39m
        [33md[39m=[32m"M12 2a14.5 14.5 0 0 0 0 20 14.5 14.5 0 0 0 0-20"[39m
      [36m/>[39m
      [36m<path[39m
        [33md[39m=[32m"M2 12h20"[39m
      [36m/>[39m
    [36m</svg>[39m

    Ignored nodes: comments, script, style
    [36m<circle[39m
      [33mcx[39m=[32m"12"[39m
      [33mcy[39m=[32m"12"[39m
      [33mr[39m=[32m"10"[39m
    [36m/>[39m

    Ignored nodes: comments, script, style
    [36m<path[39m
      [33md[39m=[32m"M12 2a14.5 14.5 0 0 0 0 20 14.5 14.5 0 0 0 0-20"[39m
    [36m/>[39m

    Ignored nodes: comments, script, style
    [36m<path[39m
      [33md[39m=[32m"M2 12h20"[39m
    [36m/>[39m

    Ignored nodes: comments, script, style
    [36m<button[39m
      [33mclass[39m=[32m"inline-flex items-center justify-center whitespace-nowrap text-sm font-medium ring-offset-background transition-all focus-visible:outline-none focus-visible:ring-2 focus-visible:ring-ring focus-visible:ring-offset-2 disabled:pointer-events-none disabled:opacity-50 active:scale-95 hover:bg-accent/50 hover:text-accent-foreground h-9 rounded-md px-3"[39m
    [36m>[39m
      [36m<svg[39m
        [33mclass[39m=[32m"lucide lucide-x w-4 h-4"[39m
        [33mfill[39m=[32m"none"[39m
        [33mheight[39m=[32m"24"[39m
        [33mstroke[39m=[32m"currentColor"[39m
        [33mstroke-linecap[39m=[32m"round"[39m
        [33mstroke-linejoin[39m=[32m"round"[39m
        [33mstroke-width[39m=[32m"2"[39m
        [33mviewBox[39m=[32m"0 0 24 24"[39m
        [33mwidth[39m=[32m"24"[39m
        [33mxmlns[39m=[32m"http://www.w3.org/2000/svg"[39m
      [36m>[39m
        [36m<path[39m
          [33md[39m=[32m"M18 6 6 18"[39m
        [36m/>[39m
        [36m<path[39m
          [33md[39m=[32m"m6 6 12 12"[39m
        [36m/>[39m
      [36m</svg>[39m
    [36m</button>[39m

    Ignored nodes: comments, script, style
    [36m<svg[39m
      [33mclass[39m=[32m"lucide lucide-x w-4 h-4"[39m
      [33mfill[39m=[32m"none"[39m
      [33mheight[39m=[32m"24"[39m
      [33mstroke[39m=[32m"currentColor"[39m
      [33mstroke-linecap[39m=[32m"round"[39m
      [33mstroke-linejoin[39m=[32m"round"[39m
      [33mstroke-width[39m=[32m"2"[39m
      [33mviewBox[39m=[32m"0 0 24 24"[39m
      [33mwidth[39m=[32m"24"[39m
      [33mxmlns[39m=[32m"http://www.w3.org/2000/svg"[39m
    [36m>[39m
      [36m<path[39m
        [33md[39m=[32m"M18 6 6 18"[39m
      [36m/>[39m
      [36m<path[39m
        [33md[39m=[32m"m6 6 12 12"[39m
      [36m/>[39m
    [36m</svg>[39m

    Ignored nodes: comments, script, style
    [36m<path[39m
      [33md[39m=[32m"M18 6 6 18"[39m
    [36m/>[39m

    Ignored nodes: comments, script, style
    [36m<path[39m
      [33md[39m=[32m"m6 6 12 12"[39m
    [36m/>[39m

    Ignored nodes: comments, script, style
    [36m<div[39m
      [33mclass[39m=[32m"overflow-y-auto max-h-[70vh] p-6"[39m
    [36m>[39m
      [36m<div[39m
        [33mclass[39m=[32m"grid grid-cols-1 lg:grid-cols-3 gap-6"[39m
      [36m>[39m
        [36m<div[39m
          [33mclass[39m=[32m"lg:col-span-1"[39m
        [36m/>[39m
        [36m<div[39m
          [33mclass[39m=[32m"lg:col-span-2 space-y-6"[39m
        [36m>[39m
          [36m<div>[39m
            [36m<h1[39m
              [33mclass[39m=[32m"text-2xl font-bold mb-2"[39m
            [36m>[39m
              [0m測試動畫[0m
            [36m</h1>[39m
            [36m<p[39m
              [33mclass[39m=[32m"text-lg description-text mb-1"[39m
            [36m>[39m
              [0mTest Anime[0m
            [36m</p>[39m
            [36m<p[39m
              [33mclass[39m=[32m"text-lg description-text mb-1"[39m
            [36m>[39m
              [0mTest Anime English[0m
            [36m</p>[39m
            [36m<p[39m
              [33mclass[39m=[32m"text-lg description-text"[39m
            [36m>[39m
              [0mテストアニメ[0m
            [36m</p>[39m
          [36m</div>[39m
          [36m<div[39m
            [33mclass[39m=[32m"flex flex-wrap gap-2"[39m
          [36m>[39m
            [36m<div[39m
              [33mclass[39m=[32m"inline-flex items-center rounded-full border px-2.5 py-0.5 text-xs font-medium transition-colors focus:outline-none focus:ring-2 focus:ring-ring focus:ring-offset-2 border-transparent hover:bg-primary/80 bg-green-100 text-green-800"[39m
            [36m>[39m
              [0m已完結[0m
            [36m</div>[39m
            [36m<div[39m
              [33mclass[39m=[32m"inline-flex items-center rounded-full border px-2.5 py-0.5 text-xs font-medium transition-colors focus:outline-none focus:ring-2 focus:ring-ring focus:ring-offset-2 text-foreground border-border/60"[39m
            [36m>[39m
              [0m電視動畫[0m
            [36m</div>[39m
            [36m<div[39m
              [33mclass[39m=[32m"inline-flex items-center rounded-full border px-2.5 py-0.5 text-xs font-medium transition-colors focus:outline-none focus:ring-2 focus:ring-ring focus:ring-offset-2 text-foreground border-border/60"[39m
            [36m>[39m
              [36m<svg[39m
                [33mclass[39m=[32m"lucide lucide-play w-3 h-3 mr-1"[39m
                [33mfill[39m=[32m"none"[39m
                [33mheight[39m=[32m"24"[39m
                [33mstroke[39m=[32m"currentColor"[39m
                [33mstroke-linecap[39m=[32m"round"[39m
                [33mstroke-linejoin[39m=[32m"round"[39m
                [33mstroke-width[39m=[32m"2"[39m
                [33mviewBox[39m=[32m"0 0 24 24"[39m
                [33mwidth[39m=[32m"24"[39m
                [33mxmlns[39m=[32m"http://www.w3.org/2000/svg"[39m
              [36m>[39m
                [36m<polygon[39m
                  [33mpoints[39m=[32m"5 3 19 12 5 21 5 3"[39m
                [36m/>[39m
              [36m</svg>[39m
              [0m12[0m
              [0m 集[0m
            [36m</div>[39m
            [36m<div[39m
              [33mclass[39m=[32m"inline-flex items-center rounded-full border px-2.5 py-0.5 text-xs font-medium transition-colors focus:outline-none focus:ring-2 focus:ring-ring focus:ring-offset-2 text-foreground border-border/60"[39m
            [36m>[39m
              [36m<svg[39m
                [33mclass[39m=[32m"lucide lucide-clock w-3 h-3 mr-1"[39m
                [33mfill[39m=[32m"none"[39m
                [33mheight[39m=[32m"24"[39m
                [33mstroke[39m=[32m"currentColor"[39m
                [33mstroke-linecap[39m=[32m"round"[39m
                [33mstroke-linejoin[39m=[32m"round"[39m
                [33mstroke-width[39m=[32m"2"[39m
                [33mviewBox[39m=[32m"0 0 24 24"[39m
                [33mwidth[39m=[32m"24"[39m
                [33mxmlns[39m=[32m"http://www.w3.org/2000/svg"[39m
              [36m>[39m
                [36m<circle[39m
                  [33mcx[39m=[32m"12"[39m
                  [33mcy[39m=[32m"12"[39m
                  [33mr[39m=[32m"10"[39m
                [36m/>[39m
                [36m<polyline[39m
                  [33mpoints[39m=[32m"12 6 12 12 16 14"[39m
                [36m/>[39m
              [36m</svg>[39m
              [0m24[0m
              [0m 分鐘[0m
            [36m</div>[39m
            [36m<div[39m
              [33mclass[39m=[32m"inline-flex items-center rounded-full border px-2.5 py-0.5 text-xs font-medium transition-colors focus:outline-none focus:ring-2 focus:ring-ring focus:ring-offset-2 text-foreground border-border/60"[39m
            [36m>[39m
              [36m<svg[39m
                [33mclass[39m=[32m"lucide lucide-calendar w-3 h-3 mr-1"[39m
                [33mfill[39m=[32m"none"[39m
                [33mheight[39m=[32m"24"[39m
                [33mstroke[39m=[32m"currentColor"[39m
                [33mstroke-linecap[39m=[32m"round"[39m
                [33mstroke-linejoin[39m=[32m"round"[39m
                [33mstroke-width[39m=[32m"2"[39m
                [33mviewBox[39m=[32m"0 0 24 24"[39m
                [33mwidth[39m=[32m"24"[39m
                [33mxmlns[39m=[32m"http://www.w3.org/2000/svg"[39m
              [36m>[39m
                [36m<rect[39m
                  [33mheight[39m=[32m"18"[39m
                  [33mrx[39m=[32m"2"[39m
                  [33mry[39m=[32m"2"[39m
                  [33mwidth[39m=[32m"18"[39m
                  [33mx[39m=[32m"3"[39m
                  [33my[39m=[32m"4"[39m
                [36m/>[39m
                [36m<line[39m
                  [33mx1[39m=[32m"16"[39m
                  [33mx2[39m=[32m"16"[39m
                  [33my1[39m=[32m"2"[39m
                  [33my2[39m=[32m"6"[39m
                [36m/>[39m
                [36m<line[39m
                  [33mx1[39m=[32m"8"[39m
                  [33mx2[39m=[32m"8"[39m
                  [33my1[39m=[32m"2"[39m
                  [33my2[39m=[32m"6"[39m
                [36m/>[39m
                [36m<line[39m
                  [33mx1[39m=[32m"3"[39m
                  [33mx2[39m=[32m"21"[39m
                  [33my1[39m=[32m"10"[39m
                  [33my2[39m=[32m"10"[39m
                [36m/>[39m
              [36m</svg>[39m
              [0m2024年冬季[0m
            [36m</div>[39m
          [36m</div>[39m
          [36m<div[39m
            [33mclass[39m=[32m"flex items-center"[39m
          [36m>[39m
            [36m<svg[39m
              [33mclass[39m=[32m"lucide lucide-star w-5 h-5 star-icon mr-2"[39m
              [33mfill[39m=[32m"none"[39m
              [33mheight[39m=[32m"24"[39m
              [33mstroke[39m=[32m"currentColor"[39m
              [33mstroke-linecap[39m=[32m"round"[39m
              [33mstroke-linejoin[39m=[32m"round"[39m
              [33mstroke-width[39m=[32m"2"[39m
              [33mviewBox[39m=[32m"0 0 24 24"[39m
              [33mwidth[39m=[32m"24"[39m
              [33mxmlns[39m=[32m"http://www.w3.org/2000/svg"[39m
            [36m>[39m
              [36m<polygon[39m
                [33mpoints[39m=[32m"12 2 15.09 8.26 22 9.27 17 14.14 18.18 21.02 12 17.77 5.82 21.02 7 14.14 2 9.27 8.91 8.26 12 2"[39m
              [36m/>[39m
            [36m</svg>[39m
            [36m<span[39m
              [33mclass[39m=[32m"text-lg font-semibold"[39m
            [36m>[39m
              [0m8.5[0m
              [0m/10[0m
            [36m</span>[39m
            [36m<span[39m
              [33mclass[39m=[32m"text-sm note-text ml-2"[39m
            [36m>[39m
              [0m([0m
              [0m85[0m
              [0m 分)[0m
            [36m</span>[39m
          [36m</div>[39m
          [36m<div[39m
            [33mclass[39m=[32m"grid grid-cols-1 md:grid-cols-2 gap-4"[39m
          [36m>[39m
            [36m<div>[39m
              [36m<h3[39m
                [33mclass[39m=[32m"font-semibold mb-2 flex items-center"[39m
              [36m>[39m
                [36m<svg[39m
                  [33mclass[39m=[32m"lucide lucide-calendar w-4 h-4 mr-1"[39m
                  [33mfill[39m=[32m"none"[39m
                  [33mheight[39m=[32m"24"[39m
                  [33mstroke[39m=[32m"currentColor"[39m
                  [33mstroke-linecap[39m=[32m"round"[39m
                  [33mstroke-linejoin[39m=[32m"round"[39m
                  [33mstroke-width[39m=[32m"2"[39m
                  [33mviewBox[39m=[32m"0 0 24 24"[39m
                  [33mwidth[39m=[32m"24"[39m
                  [33mxmlns[39m=[32m"http://www.w3.org/2000/svg"[39m
                [36m>[39m
                  [36m<rect[39m
                    [33mheight[39m=[32m"18"[39m
                    [33mrx[39m=[32m"2"[39m
                    [33mry[39m=[32m"2"[39m
                    [33mwidth[39m=[32m"18"[39m
                    [33mx[39m=[32m"3"[39m
                    [33my[39m=[32m"4"[39m
                  [36m/>[39m
                  [36m<line[39m
                    [33mx1[39m=[32m"16"[39m
                    [33mx2[39m=[32m"16"[39m
                    [33my1[39m=[32m"2"[39m
                    [33my2[39m=[32m"6"[39m
                  [36m/>[39m
                  [36m<line[39m
                    [33mx1[39m=[32m"8"[39m
                    [33mx2[39m=[32m"8"[39m
                    [33my1[39m=[32m"2"[39m
                    [33my2[39m=[32m"6"[39m
                  [36m/>[39m
                  [36m<line[39m
                    [33mx1[39m=[32m"3"[39m
                    [33mx2[39m=[32m"21"[39m
                    [33my1[39m=[32m"10"[39m
                    [33my2[39m=[32m"10"[39m
                  [36m/>[39m
                [36m</svg>[39m
                [0m播出時間[0m
              [36m</h3>[39m
              [36m<div[39m
                [33mclass[39m=[32m"space-y-1 text-sm"[39m
              [36m>[39m
                [36m<div>[39m
                  [36m<span[39m
                    [33mclass[39m=[32m"description-text"[39m
                  [36m>[39m
                    [0m開始：[0m
                  [36m</span>[39m
                  [0m2024-01-01[0m
                [36m</div>[39m
                [36m<div>[39m
                  [36m<span[39m
                    [33mclass[39m=[32m"description-text"[39m
                  [36m>[39m
                    [0m結束：[0m
                  [36m</span>[39m
                  [0m2024-03-31[0m
                [36m</div>[39m
              [36m</div>[39m
            [36m</div>[39m
            [36m<div>[39m
              [36m<h3[39m
                [33mclass[39m=[32m"font-semibold mb-2 flex items-center"[39m
              [36m>[39m
                [36m<svg[39m
                  [33mclass[39m=[32m"lucide lucide-award w-4 h-4 mr-1"[39m
                  [33mfill[39m=[32m"none"[39m
                  [33mheight[39m=[32m"24"[39m
                  [33mstroke[39m=[32m"currentColor"[39m
                  [33mstroke-linecap[39m=[32m"round"[39m
                  [33mstroke-linejoin[39m=[32m"round"[39m
                  [33mstroke-width[39m=[32m"2"[39m
                  [33mviewBox[39m=[32m"0 0 24 24"[39m
                  [33mwidth[39m=[32m"24"[39m
                  [33mxmlns[39m=[32m"http://www.w3.org/2000/svg"[39m
                [36m>[39m
                  [36m<circle[39m
                    [33mcx[39m=[32m"12"[39m
                    [33mcy[39m=[32m"8"[39m
                    [33mr[39m=[32m"6"[39m
                  [36m/>[39m
                  [36m<path[39m
                    [33md[39m=[32m"M15.477 12.89 17 22l-5-3-5 3 1.523-9.11"[39m
                  [36m/>[39m
                [36m</svg>[39m
                [0m類型[0m
              [36m</h3>[39m
              [36m<div[39m
                [33mclass[39m=[32m"flex flex-wrap gap-1"[39m
              [36m>[39m
                [36m<div[39m
                  [33mclass[39m=[32m"inline-flex items-center rounded-full border px-2.5 py-0.5 font-medium transition-colors focus:outline-none focus:ring-2 focus:ring-ring focus:ring-offset-2 border-transparent bg-secondary/90 text-secondary-foreground hover:bg-secondary/80 text-xs"[39m
                [36m>[39m
                  [0mAction[0m
                [36m</div>[39m
                [36m<div[39m
                  [33mclass[39m=[32m"inline-flex items-center rounded-full border px-2.5 py-0.5 font-medium transition-colors focus:outline-none focus:ring-2 focus:ring-ring focus:ring-offset-2 border-transparent bg-secondary/90 text-secondary-foreground hover:bg-secondary/80 text-xs"[39m
                [36m>[39m
                  [0mAdventure[0m
                [36m</div>[39m
              [36m</div>[39m
            [36m</div>[39m
          [36m</div>[39m
          [36m<div>[39m
            [36m<h3[39m
              [33mclass[39m=[32m"font-semibold mb-2"[39m
            [36m>[39m
              [0m其他標題[0m
            [36m</h3>[39m
            [36m<div[39m
              [33mclass[39m=[32m"flex flex-wrap gap-1"[39m
            [36m>[39m
              [36m<div[39m
                [33mclass[39m=[32m"inline-flex items-center rounded-full border px-2.5 py-0.5 font-medium transition-colors focus:outline-none focus:ring-2 focus:ring-ring focus:ring-offset-2 text-foreground border-border/60 text-xs"[39m
              [36m>[39m
                [0m測試動畫[0m
              [36m</div>[39m
              [36m<div[39m
                [33mclass[39m=[32m"inline-flex items-center rounded-full border px-2.5 py-0.5 font-medium transition-colors focus:outline-none focus:ring-2 focus:ring-ring focus:ring-offset-2 text-foreground border-border/60 text-xs"[39m
              [36m>[39m
                [0mTest Anime Chinese[0m
              [36m</div>[39m
            [36m</div>[39m
          [36m</div>[39m
          [36m<div>[39m
            [36m<h3[39m
              [33mclass[39m=[32m"font-semibold mb-2"[39m
            [36m>[39m
              [0m來源國家[0m
            [36m</h3>[39m
            [36m<div[39m
              [33mclass[39m=[32m"inline-flex items-center rounded-full border px-2.5 py-0.5 text-xs font-medium transition-colors focus:outline-none focus:ring-2 focus:ring-ring focus:ring-offset-2 text-foreground border-border/60"[39m
            [36m>[39m
              [0mJP[0m
            [36m</div>[39m
          [36m</div>[39m
        [36m</div>[39m
      [36m</div>[39m
    [36m</div>[39m

    Ignored nodes: comments, script, style
    [36m<div[39m
      [33mclass[39m=[32m"grid grid-cols-1 lg:grid-cols-3 gap-6"[39m
    [36m>[39m
      [36m<div[39m
        [33mclass[39m=[32m"lg:col-span-1"[39m
      [36m/>[39m
      [36m<div[39m
        [33mclass[39m=[32m"lg:col-span-2 space-y-6"[39m
      [36m>[39m
        [36m<div>[39m
          [36m<h1[39m
            [33mclass[39m=[32m"text-2xl font-bold mb-2"[39m
          [36m>[39m
            [0m測試動畫[0m
          [36m</h1>[39m
          [36m<p[39m
            [33mclass[39m=[32m"text-lg description-text mb-1"[39m
          [36m>[39m
            [0mTest Anime[0m
          [36m</p>[39m
          [36m<p[39m
            [33mclass[39m=[32m"text-lg description-text mb-1"[39m
          [36m>[39m
            [0mTest Anime English[0m
          [36m</p>[39m
          [36m<p[39m
            [33mclass[39m=[32m"text-lg description-text"[39m
          [36m>[39m
            [0mテストアニメ[0m
          [36m</p>[39m
        [36m</div>[39m
        [36m<div[39m
          [33mclass[39m=[32m"flex flex-wrap gap-2"[39m
        [36m>[39m
          [36m<div[39m
            [33mclass[39m=[32m"inline-flex items-center rounded-full border px-2.5 py-0.5 text-xs font-medium transition-colors focus:outline-none focus:ring-2 focus:ring-ring focus:ring-offset-2 border-transparent hover:bg-primary/80 bg-green-100 text-green-800"[39m
          [36m>[39m
            [0m已完結[0m
          [36m</div>[39m
          [36m<div[39m
            [33mclass[39m=[32m"inline-flex items-center rounded-full border px-2.5 py-0.5 text-xs font-medium transition-colors focus:outline-none focus:ring-2 focus:ring-ring focus:ring-offset-2 text-foreground border-border/60"[39m
          [36m>[39m
            [0m電視動畫[0m
          [36m</div>[39m
          [36m<div[39m
            [33mclass[39m=[32m"inline-flex items-center rounded-full border px-2.5 py-0.5 text-xs font-medium transition-colors focus:outline-none focus:ring-2 focus:ring-ring focus:ring-offset-2 text-foreground border-border/60"[39m
          [36m>[39m
            [36m<svg[39m
              [33mclass[39m=[32m"lucide lucide-play w-3 h-3 mr-1"[39m
              [33mfill[39m=[32m"none"[39m
              [33mheight[39m=[32m"24"[39m
              [33mstroke[39m=[32m"currentColor"[39m
              [33mstroke-linecap[39m=[32m"round"[39m
              [33mstroke-linejoin[39m=[32m"round"[39m
              [33mstroke-width[39m=[32m"2"[39m
              [33mviewBox[39m=[32m"0 0 24 24"[39m
              [33mwidth[39m=[32m"24"[39m
              [33mxmlns[39m=[32m"http://www.w3.org/2000/svg"[39m
            [36m>[39m
              [36m<polygon[39m
                [33mpoints[39m=[32m"5 3 19 12 5 21 5 3"[39m
              [36m/>[39m
            [36m</svg>[39m
            [0m12[0m
            [0m 集[0m
          [36m</div>[39m
          [36m<div[39m
            [33mclass[39m=[32m"inline-flex items-center rounded-full border px-2.5 py-0.5 text-xs font-medium transition-colors focus:outline-none focus:ring-2 focus:ring-ring focus:ring-offset-2 text-foreground border-border/60"[39m
          [36m>[39m
            [36m<svg[39m
              [33mclass[39m=[32m"lucide lucide-clock w-3 h-3 mr-1"[39m
              [33mfill[39m=[32m"none"[39m
              [33mheight[39m=[32m"24"[39m
              [33mstroke[39m=[32m"currentColor"[39m
              [33mstroke-linecap[39m=[32m"round"[39m
              [33mstroke-linejoin[39m=[32m"round"[39m
              [33mstroke-width[39m=[32m"2"[39m
              [33mviewBox[39m=[32m"0 0 24 24"[39m
              [33mwidth[39m=[32m"24"[39m
              [33mxmlns[39m=[32m"http://www.w3.org/2000/svg"[39m
            [36m>[39m
              [36m<circle[39m
                [33mcx[39m=[32m"12"[39m
                [33mcy[39m=[32m"12"[39m
                [33mr[39m=[32m"10"[39m
              [36m/>[39m
              [36m<polyline[39m
                [33mpoints[39m=[32m"12 6 12 12 16 14"[39m
              [36m/>[39m
            [36m</svg>[39m
            [0m24[0m
            [0m 分鐘[0m
          [36m</div>[39m
          [36m<div[39m
            [33mclass[39m=[32m"inline-flex items-center rounded-full border px-2.5 py-0.5 text-xs font-medium transition-colors focus:outline-none focus:ring-2 focus:ring-ring focus:ring-offset-2 text-foreground border-border/60"[39m
          [36m>[39m
            [36m<svg[39m
              [33mclass[39m=[32m"lucide lucide-calendar w-3 h-3 mr-1"[39m
              [33mfill[39m=[32m"none"[39m
              [33mheight[39m=[32m"24"[39m
              [33mstroke[39m=[32m"currentColor"[39m
              [33mstroke-linecap[39m=[32m"round"[39m
              [33mstroke-linejoin[39m=[32m"round"[39m
              [33mstroke-width[39m=[32m"2"[39m
              [33mviewBox[39m=[32m"0 0 24 24"[39m
              [33mwidth[39m=[32m"24"[39m
              [33mxmlns[39m=[32m"http://www.w3.org/2000/svg"[39m
            [36m>[39m
              [36m<rect[39m
                [33mheight[39m=[32m"18"[39m
                [33mrx[39m=[32m"2"[39m
                [33mry[39m=[32m"2"[39m
                [33mwidth[39m=[32m"18"[39m
                [33mx[39m=[32m"3"[39m
                [33my[39m=[32m"4"[39m
              [36m/>[39m
              [36m<line[39m
                [33mx1[39m=[32m"16"[39m
                [33mx2[39m=[32m"16"[39m
                [33my1[39m=[32m"2"[39m
                [33my2[39m=[32m"6"[39m
              [36m/>[39m
              [36m<line[39m
                [33mx1[39m=[32m"8"[39m
                [33mx2[39m=[32m"8"[39m
                [33my1[39m=[32m"2"[39m
                [33my2[39m=[32m"6"[39m
              [36m/>[39m
              [36m<line[39m
                [33mx1[39m=[32m"3"[39m
                [33mx2[39m=[32m"21"[39m
                [33my1[39m=[32m"10"[39m
                [33my2[39m=[32m"10"[39m
              [36m/>[39m
            [36m</svg>[39m
            [0m2024年冬季[0m
          [36m</div>[39m
        [36m</div>[39m
        [36m<div[39m
          [33mclass[39m=[32m"flex items-center"[39m
        [36m>[39m
          [36m<svg[39m
            [33mclass[39m=[32m"lucide lucide-star w-5 h-5 star-icon mr-2"[39m
            [33mfill[39m=[32m"none"[39m
            [33mheight[39m=[32m"24"[39m
            [33mstroke[39m=[32m"currentColor"[39m
            [33mstroke-linecap[39m=[32m"round"[39m
            [33mstroke-linejoin[39m=[32m"round"[39m
            [33mstroke-width[39m=[32m"2"[39m
            [33mviewBox[39m=[32m"0 0 24 24"[39m
            [33mwidth[39m=[32m"24"[39m
            [33mxmlns[39m=[32m"http://www.w3.org/2000/svg"[39m
          [36m>[39m
            [36m<polygon[39m
              [33mpoints[39m=[32m"12 2 15.09 8.26 22 9.27 17 14.14 18.18 21.02 12 17.77 5.82 21.02 7 14.14 2 9.27 8.91 8.26 12 2"[39m
            [36m/>[39m
          [36m</svg>[39m
          [36m<span[39m
            [33mclass[39m=[32m"text-lg font-semibold"[39m
          [36m>[39m
            [0m8.5[0m
            [0m/10[0m
          [36m</span>[39m
          [36m<span[39m
            [33mclass[39m=[32m"text-sm note-text ml-2"[39m
          [36m>[39m
            [0m([0m
            [0m85[0m
            [0m 分)[0m
          [36m</span>[39m
        [36m</div>[39m
        [36m<div[39m
          [33mclass[39m=[32m"grid grid-cols-1 md:grid-cols-2 gap-4"[39m
        [36m>[39m
          [36m<div>[39m
            [36m<h3[39m
              [33mclass[39m=[32m"font-semibold mb-2 flex items-center"[39m
            [36m>[39m
              [36m<svg[39m
                [33mclass[39m=[32m"lucide lucide-calendar w-4 h-4 mr-1"[39m
                [33mfill[39m=[32m"none"[39m
                [33mheight[39m=[32m"24"[39m
                [33mstroke[39m=[32m"currentColor"[39m
                [33mstroke-linecap[39m=[32m"round"[39m
                [33mstroke-linejoin[39m=[32m"round"[39m
                [33mstroke-width[39m=[32m"2"[39m
                [33mviewBox[39m=[32m"0 0 24 24"[39m
                [33mwidth[39m=[32m"24"[39m
                [33mxmlns[39m=[32m"http://www.w3.org/2000/svg"[39m
              [36m>[39m
                [36m<rect[39m
                  [33mheight[39m=[32m"18"[39m
                  [33mrx[39m=[32m"2"[39m
                  [33mry[39m=[32m"2"[39m
                  [33mwidth[39m=[32m"18"[39m
                  [33mx[39m=[32m"3"[39m
                  [33my[39m=[32m"4"[39m
                [36m/>[39m
                [36m<line[39m
                  [33mx1[39m=[32m"16"[39m
                  [33mx2[39m=[32m"16"[39m
                  [33my1[39m=[32m"2"[39m
                  [33my2[39m=[32m"6"[39m
                [36m/>[39m
                [36m<line[39m
                  [33mx1[39m=[32m"8"[39m
                  [33mx2[39m=[32m"8"[39m
                  [33my1[39m=[32m"2"[39m
                  [33my2[39m=[32m"6"[39m
                [36m/>[39m
                [36m<line[39m
                  [33mx1[39m=[32m"3"[39m
                  [33mx2[39m=[32m"21"[39m
                  [33my1[39m=[32m"10"[39m
                  [33my2[39m=[32m"10"[39m
                [36m/>[39m
              [36m</svg>[39m
              [0m播出時間[0m
            [36m</h3>[39m
            [36m<div[39m
              [33mclass[39m=[32m"space-y-1 text-sm"[39m
            [36m>[39m
              [36m<div>[39m
                [36m<span[39m
                  [33mclass[39m=[32m"description-text"[39m
                [36m>[39m
                  [0m開始：[0m
                [36m</span>[39m
                [0m2024-01-01[0m
              [36m</div>[39m
              [36m<div>[39m
                [36m<span[39m
                  [33mclass[39m=[32m"description-text"[39m
                [36m>[39m
                  [0m結束：[0m
                [36m</span>[39m
                [0m2024-03-31[0m
              [36m</div>[39m
            [36m</div>[39m
          [36m</div>[39m
          [36m<div>[39m
            [36m<h3[39m
              [33mclass[39m=[32m"font-semibold mb-2 flex items-center"[39m
            [36m>[39m
              [36m<svg[39m
                [33mclass[39m=[32m"lucide lucide-award w-4 h-4 mr-1"[39m
                [33mfill[39m=[32m"none"[39m
                [33mheight[39m=[32m"24"[39m
                [33mstroke[39m=[32m"currentColor"[39m
                [33mstroke-linecap[39m=[32m"round"[39m
                [33mstroke-linejoin[39m=[32m"round"[39m
                [33mstroke-width[39m=[32m"2"[39m
                [33mviewBox[39m=[32m"0 0 24 24"[39m
                [33mwidth[39m=[32m"24"[39m
                [33mxmlns[39m=[32m"http://www.w3.org/2000/svg"[39m
              [36m>[39m
                [36m<circle[39m
                  [33mcx[39m=[32m"12"[39m
                  [33mcy[39m=[32m"8"[39m
                  [33mr[39m=[32m"6"[39m
                [36m/>[39m
                [36m<path[39m
                  [33md[39m=[32m"M15.477 12.89 17 22l-5-3-5 3 1.523-9.11"[39m
                [36m/>[39m
              [36m</svg>[39m
              [0m類型[0m
            [36m</h3>[39m
            [36m<div[39m
              [33mclass[39m=[32m"flex flex-wrap gap-1"[39m
            [36m>[39m
              [36m<div[39m
                [33mclass[39m=[32m"inline-flex items-center rounded-full border px-2.5 py-0.5 font-medium transition-colors focus:outline-none focus:ring-2 focus:ring-ring focus:ring-offset-2 border-transparent bg-secondary/90 text-secondary-foreground hover:bg-secondary/80 text-xs"[39m
              [36m>[39m
                [0mAction[0m
              [36m</div>[39m
              [36m<div[39m
                [33mclass[39m=[32m"inline-flex items-center rounded-full border px-2.5 py-0.5 font-medium transition-colors focus:outline-none focus:ring-2 focus:ring-ring focus:ring-offset-2 border-transparent bg-secondary/90 text-secondary-foreground hover:bg-secondary/80 text-xs"[39m
              [36m>[39m
                [0mAdventure[0m
              [36m</div>[39m
            [36m</div>[39m
          [36m</div>[39m
        [36m</div>[39m
        [36m<div>[39m
          [36m<h3[39m
            [33mclass[39m=[32m"font-semibold mb-2"[39m
          [36m>[39m
            [0m其他標題[0m
          [36m</h3>[39m
          [36m<div[39m
            [33mclass[39m=[32m"flex flex-wrap gap-1"[39m
          [36m>[39m
            [36m<div[39m
              [33mclass[39m=[32m"inline-flex items-center rounded-full border px-2.5 py-0.5 font-medium transition-colors focus:outline-none focus:ring-2 focus:ring-ring focus:ring-offset-2 text-foreground border-border/60 text-xs"[39m
            [36m>[39m
              [0m測試動畫[0m
            [36m</div>[39m
            [36m<div[39m
              [33mclass[39m=[32m"inline-flex items-center rounded-full border px-2.5 py-0.5 font-medium transition-colors focus:outline-none focus:ring-2 focus:ring-ring focus:ring-offset-2 text-foreground border-border/60 text-xs"[39m
            [36m>[39m
              [0mTest Anime Chinese[0m
            [36m</div>[39m
          [36m</div>[39m
        [36m</div>[39m
        [36m<div>[39m
          [36m<h3[39m
            [33mclass[39m=[32m"font-semibold mb-2"[39m
          [36m>[39m
            [0m來源國家[0m
          [36m</h3>[39m
          [36m<div[39m
            [33mclass[39m=[32m"inline-flex items-center rounded-full border px-2.5 py-0.5 text-xs font-medium transition-colors focus:outline-none focus:ring-2 focus:ring-ring focus:ring-offset-2 text-foreground border-border/60"[39m
          [36m>[39m
            [0mJP[0m
          [36m</div>[39m
        [36m</div>[39m
      [36m</div>[39m
    [36m</div>[39m

    Ignored nodes: comments, script, style
    [36m<div[39m
      [33mclass[39m=[32m"lg:col-span-1"[39m
    [36m/>[39m

    Ignored nodes: comments, script, style
    [36m<div[39m
      [33mclass[39m=[32m"lg:col-span-2 space-y-6"[39m
    [36m>[39m
      [36m<div>[39m
        [36m<h1[39m
          [33mclass[39m=[32m"text-2xl font-bold mb-2"[39m
        [36m>[39m
          [0m測試動畫[0m
        [36m</h1>[39m
        [36m<p[39m
          [33mclass[39m=[32m"text-lg description-text mb-1"[39m
        [36m>[39m
          [0mTest Anime[0m
        [36m</p>[39m
        [36m<p[39m
          [33mclass[39m=[32m"text-lg description-text mb-1"[39m
        [36m>[39m
          [0mTest Anime English[0m
        [36m</p>[39m
        [36m<p[39m
          [33mclass[39m=[32m"text-lg description-text"[39m
        [36m>[39m
          [0mテストアニメ[0m
        [36m</p>[39m
      [36m</div>[39m
      [36m<div[39m
        [33mclass[39m=[32m"flex flex-wrap gap-2"[39m
      [36m>[39m
        [36m<div[39m
          [33mclass[39m=[32m"inline-flex items-center rounded-full border px-2.5 py-0.5 text-xs font-medium transition-colors focus:outline-none focus:ring-2 focus:ring-ring focus:ring-offset-2 border-transparent hover:bg-primary/80 bg-green-100 text-green-800"[39m
        [36m>[39m
          [0m已完結[0m
        [36m</div>[39m
        [36m<div[39m
          [33mclass[39m=[32m"inline-flex items-center rounded-full border px-2.5 py-0.5 text-xs font-medium transition-colors focus:outline-none focus:ring-2 focus:ring-ring focus:ring-offset-2 text-foreground border-border/60"[39m
        [36m>[39m
          [0m電視動畫[0m
        [36m</div>[39m
        [36m<div[39m
          [33mclass[39m=[32m"inline-flex items-center rounded-full border px-2.5 py-0.5 text-xs font-medium transition-colors focus:outline-none focus:ring-2 focus:ring-ring focus:ring-offset-2 text-foreground border-border/60"[39m
        [36m>[39m
          [36m<svg[39m
            [33mclass[39m=[32m"lucide lucide-play w-3 h-3 mr-1"[39m
            [33mfill[39m=[32m"none"[39m
            [33mheight[39m=[32m"24"[39m
            [33mstroke[39m=[32m"currentColor"[39m
            [33mstroke-linecap[39m=[32m"round"[39m
            [33mstroke-linejoin[39m=[32m"round"[39m
            [33mstroke-width[39m=[32m"2"[39m
            [33mviewBox[39m=[32m"0 0 24 24"[39m
            [33mwidth[39m=[32m"24"[39m
            [33mxmlns[39m=[32m"http://www.w3.org/2000/svg"[39m
          [36m>[39m
            [36m<polygon[39m
              [33mpoints[39m=[32m"5 3 19 12 5 21 5 3"[39m
            [36m/>[39m
          [36m</svg>[39m
          [0m12[0m
          [0m 集[0m
        [36m</div>[39m
        [36m<div[39m
          [33mclass[39m=[32m"inline-flex items-center rounded-full border px-2.5 py-0.5 text-xs font-medium transition-colors focus:outline-none focus:ring-2 focus:ring-ring focus:ring-offset-2 text-foreground border-border/60"[39m
        [36m>[39m
          [36m<svg[39m
            [33mclass[39m=[32m"lucide lucide-clock w-3 h-3 mr-1"[39m
            [33mfill[39m=[32m"none"[39m
            [33mheight[39m=[32m"24"[39m
            [33mstroke[39m=[32m"currentColor"[39m
            [33mstroke-linecap[39m=[32m"round"[39m
            [33mstroke-linejoin[39m=[32m"round"[39m
            [33mstroke-width[39m=[32m"2"[39m
            [33mviewBox[39m=[32m"0 0 24 24"[39m
            [33mwidth[39m=[32m"24"[39m
            [33mxmlns[39m=[32m"http://www.w3.org/2000/svg"[39m
          [36m>[39m
            [36m<circle[39m
              [33mcx[39m=[32m"12"[39m
              [33mcy[39m=[32m"12"[39m
              [33mr[39m=[32m"10"[39m
            [36m/>[39m
            [36m<polyline[39m
              [33mpoints[39m=[32m"12 6 12 12 16 14"[39m
            [36m/>[39m
          [36m</svg>[39m
          [0m24[0m
          [0m 分鐘[0m
        [36m</div>[39m
        [36m<div[39m
          [33mclass[39m=[32m"inline-flex items-center rounded-full border px-2.5 py-0.5 text-xs font-medium transition-colors focus:outline-none focus:ring-2 focus:ring-ring focus:ring-offset-2 text-foreground border-border/60"[39m
        [36m>[39m
          [36m<svg[39m
            [33mclass[39m=[32m"lucide lucide-calendar w-3 h-3 mr-1"[39m
            [33mfill[39m=[32m"none"[39m
            [33mheight[39m=[32m"24"[39m
            [33mstroke[39m=[32m"currentColor"[39m
            [33mstroke-linecap[39m=[32m"round"[39m
            [33mstroke-linejoin[39m=[32m"round"[39m
            [33mstroke-width[39m=[32m"2"[39m
            [33mviewBox[39m=[32m"0 0 24 24"[39m
            [33mwidth[39m=[32m"24"[39m
            [33mxmlns[39m=[32m"http://www.w3.org/2000/svg"[39m
          [36m>[39m
            [36m<rect[39m
              [33mheight[39m=[32m"18"[39m
              [33mrx[39m=[32m"2"[39m
              [33mry[39m=[32m"2"[39m
              [33mwidth[39m=[32m"18"[39m
              [33mx[39m=[32m"3"[39m
              [33my[39m=[32m"4"[39m
            [36m/>[39m
            [36m<line[39m
              [33mx1[39m=[32m"16"[39m
              [33mx2[39m=[32m"16"[39m
              [33my1[39m=[32m"2"[39m
              [33my2[39m=[32m"6"[39m
            [36m/>[39m
            [36m<line[39m
              [33mx1[39m=[32m"8"[39m
              [33mx2[39m=[32m"8"[39m
              [33my1[39m=[32m"2"[39m
              [33my2[39m=[32m"6"[39m
            [36m/>[39m
            [36m<line[39m
              [33mx1[39m=[32m"3"[39m
              [33mx2[39m=[32m"21"[39m
              [33my1[39m=[32m"10"[39m
              [33my2[39m=[32m"10"[39m
            [36m/>[39m
          [36m</svg>[39m
          [0m2024年冬季[0m
        [36m</div>[39m
      [36m</div>[39m
      [36m<div[39m
        [33mclass[39m=[32m"flex items-center"[39m
      [36m>[39m
        [36m<svg[39m
          [33mclass[39m=[32m"lucide lucide-star w-5 h-5 star-icon mr-2"[39m
          [33mfill[39m=[32m"none"[39m
          [33mheight[39m=[32m"24"[39m
          [33mstroke[39m=[32m"currentColor"[39m
          [33mstroke-linecap[39m=[32m"round"[39m
          [33mstroke-linejoin[39m=[32m"round"[39m
          [33mstroke-width[39m=[32m"2"[39m
          [33mviewBox[39m=[32m"0 0 24 24"[39m
          [33mwidth[39m=[32m"24"[39m
          [33mxmlns[39m=[32m"http://www.w3.org/2000/svg"[39m
        [36m>[39m
          [36m<polygon[39m
            [33mpoints[39m=[32m"12 2 15.09 8.26 22 9.27 17 14.14 18.18 21.02 12 17.77 5.82 21.02 7 14.14 2 9.27 8.91 8.26 12 2"[39m
          [36m/>[39m
        [36m</svg>[39m
        [36m<span[39m
          [33mclass[39m=[32m"text-lg font-semibold"[39m
        [36m>[39m
          [0m8.5[0m
          [0m/10[0m
        [36m</span>[39m
        [36m<span[39m
          [33mclass[39m=[32m"text-sm note-text ml-2"[39m
        [36m>[39m
          [0m([0m
          [0m85[0m
          [0m 分)[0m
        [36m</span>[39m
      [36m</div>[39m
      [36m<div[39m
        [33mclass[39m=[32m"grid grid-cols-1 md:grid-cols-2 gap-4"[39m
      [36m>[39m
        [36m<div>[39m
          [36m<h3[39m
            [33mclass[39m=[32m"font-semibold mb-2 flex items-center"[39m
          [36m>[39m
            [36m<svg[39m
              [33mclass[39m=[32m"lucide lucide-calendar w-4 h-4 mr-1"[39m
              [33mfill[39m=[32m"none"[39m
              [33mheight[39m=[32m"24"[39m
              [33mstroke[39m=[32m"currentColor"[39m
              [33mstroke-linecap[39m=[32m"round"[39m
              [33mstroke-linejoin[39m=[32m"round"[39m
              [33mstroke-width[39m=[32m"2"[39m
              [33mviewBox[39m=[32m"0 0 24 24"[39m
              [33mwidth[39m=[32m"24"[39m
              [33mxmlns[39m=[32m"http://www.w3.org/2000/svg"[39m
            [36m>[39m
              [36m<rect[39m
                [33mheight[39m=[32m"18"[39m
                [33mrx[39m=[32m"2"[39m
                [33mry[39m=[32m"2"[39m
                [33mwidth[39m=[32m"18"[39m
                [33mx[39m=[32m"3"[39m
                [33my[39m=[32m"4"[39m
              [36m/>[39m
              [36m<line[39m
                [33mx1[39m=[32m"16"[39m
                [33mx2[39m=[32m"16"[39m
                [33my1[39m=[32m"2"[39m
                [33my2[39m=[32m"6"[39m
              [36m/>[39m
              [36m<line[39m
                [33mx1[39m=[32m"8"[39m
                [33mx2[39m=[32m"8"[39m
                [33my1[39m=[32m"2"[39m
                [33my2[39m=[32m"6"[39m
              [36m/>[39m
              [36m<line[39m
                [33mx1[39m=[32m"3"[39m
                [33mx2[39m=[32m"21"[39m
                [33my1[39m=[32m"10"[39m
                [33my2[39m=[32m"10"[39m
              [36m/>[39m
            [36m</svg>[39m
            [0m播出時間[0m
          [36m</h3>[39m
          [36m<div[39m
            [33mclass[39m=[32m"space-y-1 text-sm"[39m
          [36m>[39m
            [36m<div>[39m
              [36m<span[39m
                [33mclass[39m=[32m"description-text"[39m
              [36m>[39m
                [0m開始：[0m
              [36m</span>[39m
              [0m2024-01-01[0m
            [36m</div>[39m
            [36m<div>[39m
              [36m<span[39m
                [33mclass[39m=[32m"description-text"[39m
              [36m>[39m
                [0m結束：[0m
              [36m</span>[39m
              [0m2024-03-31[0m
            [36m</div>[39m
          [36m</div>[39m
        [36m</div>[39m
        [36m<div>[39m
          [36m<h3[39m
            [33mclass[39m=[32m"font-semibold mb-2 flex items-center"[39m
          [36m>[39m
            [36m<svg[39m
              [33mclass[39m=[32m"lucide lucide-award w-4 h-4 mr-1"[39m
              [33mfill[39m=[32m"none"[39m
              [33mheight[39m=[32m"24"[39m
              [33mstroke[39m=[32m"currentColor"[39m
              [33mstroke-linecap[39m=[32m"round"[39m
              [33mstroke-linejoin[39m=[32m"round"[39m
              [33mstroke-width[39m=[32m"2"[39m
              [33mviewBox[39m=[32m"0 0 24 24"[39m
              [33mwidth[39m=[32m"24"[39m
              [33mxmlns[39m=[32m"http://www.w3.org/2000/svg"[39m
            [36m>[39m
              [36m<circle[39m
                [33mcx[39m=[32m"12"[39m
                [33mcy[39m=[32m"8"[39m
                [33mr[39m=[32m"6"[39m
              [36m/>[39m
              [36m<path[39m
                [33md[39m=[32m"M15.477 12.89 17 22l-5-3-5 3 1.523-9.11"[39m
              [36m/>[39m
            [36m</svg>[39m
            [0m類型[0m
          [36m</h3>[39m
          [36m<div[39m
            [33mclass[39m=[32m"flex flex-wrap gap-1"[39m
          [36m>[39m
            [36m<div[39m
              [33mclass[39m=[32m"inline-flex items-center rounded-full border px-2.5 py-0.5 font-medium transition-colors focus:outline-none focus:ring-2 focus:ring-ring focus:ring-offset-2 border-transparent bg-secondary/90 text-secondary-foreground hover:bg-secondary/80 text-xs"[39m
            [36m>[39m
              [0mAction[0m
            [36m</div>[39m
            [36m<div[39m
              [33mclass[39m=[32m"inline-flex items-center rounded-full border px-2.5 py-0.5 font-medium transition-colors focus:outline-none focus:ring-2 focus:ring-ring focus:ring-offset-2 border-transparent bg-secondary/90 text-secondary-foreground hover:bg-secondary/80 text-xs"[39m
            [36m>[39m
              [0mAdventure[0m
            [36m</div>[39m
          [36m</div>[39m
        [36m</div>[39m
      [36m</div>[39m
      [36m<div>[39m
        [36m<h3[39m
          [33mclass[39m=[32m"font-semibold mb-2"[39m
        [36m>[39m
          [0m其他標題[0m
        [36m</h3>[39m
        [36m<div[39m
          [33mclass[39m=[32m"flex flex-wrap gap-1"[39m
        [36m>[39m
          [36m<div[39m
            [33mclass[39m=[32m"inline-flex items-center rounded-full border px-2.5 py-0.5 font-medium transition-colors focus:outline-none focus:ring-2 focus:ring-ring focus:ring-offset-2 text-foreground border-border/60 text-xs"[39m
          [36m>[39m
            [0m測試動畫[0m
          [36m</div>[39m
          [36m<div[39m
            [33mclass[39m=[32m"inline-flex items-center rounded-full border px-2.5 py-0.5 font-medium transition-colors focus:outline-none focus:ring-2 focus:ring-ring focus:ring-offset-2 text-foreground border-border/60 text-xs"[39m
          [36m>[39m
            [0mTest Anime Chinese[0m
          [36m</div>[39m
        [36m</div>[39m
      [36m</div>[39m
      [36m<div>[39m
        [36m<h3[39m
          [33mclass[39m=[32m"font-semibold mb-2"[39m
        [36m>[39m
          [0m來源國家[0m
        [36m</h3>[39m
        [36m<div[39m
          [33mclass[39m=[32m"inline-flex items-center rounded-full border px-2.5 py-0.5 text-xs font-medium transition-colors focus:outline-none focus:ring-2 focus:ring-ring focus:ring-offset-2 text-foreground border-border/60"[39m
        [36m>[39m
          [0mJP[0m
        [36m</div>[39m
      [36m</div>[39m
    [36m</div>[39m

    Ignored nodes: comments, script, style
    [36m<div>[39m
      [36m<h1[39m
        [33mclass[39m=[32m"text-2xl font-bold mb-2"[39m
      [36m>[39m
        [0m測試動畫[0m
      [36m</h1>[39m
      [36m<p[39m
        [33mclass[39m=[32m"text-lg description-text mb-1"[39m
      [36m>[39m
        [0mTest Anime[0m
      [36m</p>[39m
      [36m<p[39m
        [33mclass[39m=[32m"text-lg description-text mb-1"[39m
      [36m>[39m
        [0mTest Anime English[0m
      [36m</p>[39m
      [36m<p[39m
        [33mclass[39m=[32m"text-lg description-text"[39m
      [36m>[39m
        [0mテストアニメ[0m
      [36m</p>[39m
    [36m</div>[39m

    Ignored nodes: comments, script, style
    [36m<div[39m
      [33mclass[39m=[32m"flex flex-wrap gap-2"[39m
    [36m>[39m
      [36m<div[39m
        [33mclass[39m=[32m"inline-flex items-center rounded-full border px-2.5 py-0.5 text-xs font-medium transition-colors focus:outline-none focus:ring-2 focus:ring-ring focus:ring-offset-2 border-transparent hover:bg-primary/80 bg-green-100 text-green-800"[39m
      [36m>[39m
        [0m已完結[0m
      [36m</div>[39m
      [36m<div[39m
        [33mclass[39m=[32m"inline-flex items-center rounded-full border px-2.5 py-0.5 text-xs font-medium transition-colors focus:outline-none focus:ring-2 focus:ring-ring focus:ring-offset-2 text-foreground border-border/60"[39m
      [36m>[39m
        [0m電視動畫[0m
      [36m</div>[39m
      [36m<div[39m
        [33mclass[39m=[32m"inline-flex items-center rounded-full border px-2.5 py-0.5 text-xs font-medium transition-colors focus:outline-none focus:ring-2 focus:ring-ring focus:ring-offset-2 text-foreground border-border/60"[39m
      [36m>[39m
        [36m<svg[39m
          [33mclass[39m=[32m"lucide lucide-play w-3 h-3 mr-1"[39m
          [33mfill[39m=[32m"none"[39m
          [33mheight[39m=[32m"24"[39m
          [33mstroke[39m=[32m"currentColor"[39m
          [33mstroke-linecap[39m=[32m"round"[39m
          [33mstroke-linejoin[39m=[32m"round"[39m
          [33mstroke-width[39m=[32m"2"[39m
          [33mviewBox[39m=[32m"0 0 24 24"[39m
          [33mwidth[39m=[32m"24"[39m
          [33mxmlns[39m=[32m"http://www.w3.org/2000/svg"[39m
        [36m>[39m
          [36m<polygon[39m
            [33mpoints[39m=[32m"5 3 19 12 5 21 5 3"[39m
          [36m/>[39m
        [36m</svg>[39m
        [0m12[0m
        [0m 集[0m
      [36m</div>[39m
      [36m<div[39m
        [33mclass[39m=[32m"inline-flex items-center rounded-full border px-2.5 py-0.5 text-xs font-medium transition-colors focus:outline-none focus:ring-2 focus:ring-ring focus:ring-offset-2 text-foreground border-border/60"[39m
      [36m>[39m
        [36m<svg[39m
          [33mclass[39m=[32m"lucide lucide-clock w-3 h-3 mr-1"[39m
          [33mfill[39m=[32m"none"[39m
          [33mheight[39m=[32m"24"[39m
          [33mstroke[39m=[32m"currentColor"[39m
          [33mstroke-linecap[39m=[32m"round"[39m
          [33mstroke-linejoin[39m=[32m"round"[39m
          [33mstroke-width[39m=[32m"2"[39m
          [33mviewBox[39m=[32m"0 0 24 24"[39m
          [33mwidth[39m=[32m"24"[39m
          [33mxmlns[39m=[32m"http://www.w3.org/2000/svg"[39m
        [36m>[39m
          [36m<circle[39m
            [33mcx[39m=[32m"12"[39m
            [33mcy[39m=[32m"12"[39m
            [33mr[39m=[32m"10"[39m
          [36m/>[39m
          [36m<polyline[39m
            [33mpoints[39m=[32m"12 6 12 12 16 14"[39m
          [36m/>[39m
        [36m</svg>[39m
        [0m24[0m
        [0m 分鐘[0m
      [36m</div>[39m
      [36m<div[39m
        [33mclass[39m=[32m"inline-flex items-center rounded-full border px-2.5 py-0.5 text-xs font-medium transition-colors focus:outline-none focus:ring-2 focus:ring-ring focus:ring-offset-2 text-foreground border-border/60"[39m
      [36m>[39m
        [36m<svg[39m
          [33mclass[39m=[32m"lucide lucide-calendar w-3 h-3 mr-1"[39m
          [33mfill[39m=[32m"none"[39m
          [33mheight[39m=[32m"24"[39m
          [33mstroke[39m=[32m"currentColor"[39m
          [33mstroke-linecap[39m=[32m"round"[39m
          [33mstroke-linejoin[39m=[32m"round"[39m
          [33mstroke-width[39m=[32m"2"[39m
          [33mviewBox[39m=[32m"0 0 24 24"[39m
          [33mwidth[39m=[32m"24"[39m
          [33mxmlns[39m=[32m"http://www.w3.org/2000/svg"[39m
        [36m>[39m
          [36m<rect[39m
            [33mheight[39m=[32m"18"[39m
            [33mrx[39m=[32m"2"[39m
            [33mry[39m=[32m"2"[39m
            [33mwidth[39m=[32m"18"[39m
            [33mx[39m=[32m"3"[39m
            [33my[39m=[32m"4"[39m
          [36m/>[39m
          [36m<line[39m
            [33mx1[39m=[32m"16"[39m
            [33mx2[39m=[32m"16"[39m
            [33my1[39m=[32m"2"[39m
            [33my2[39m=[32m"6"[39m
          [36m/>[39m
          [36m<line[39m
            [33mx1[39m=[32m"8"[39m
            [33mx2[39m=[32m"8"[39m
            [33my1[39m=[32m"2"[39m
            [33my2[39m=[32m"6"[39m
          [36m/>[39m
          [36m<line[39m
            [33mx1[39m=[32m"3"[39m
            [33mx2[39m=[32m"21"[39m
            [33my1[39m=[32m"10"[39m
            [33my2[39m=[32m"10"[39m
          [36m/>[39m
        [36m</svg>[39m
        [0m2024年冬季[0m
      [36m</div>[39m
    [36m</div>[39m

    Ignored nodes: comments, script, style
    [36m<svg[39m
      [33mclass[39m=[32m"lucide lucide-play w-3 h-3 mr-1"[39m
      [33mfill[39m=[32m"none"[39m
      [33mheight[39m=[32m"24"[39m
      [33mstroke[39m=[32m"currentColor"[39m
      [33mstroke-linecap[39m=[32m"round"[39m
      [33mstroke-linejoin[39m=[32m"round"[39m
      [33mstroke-width[39m=[32m"2"[39m
      [33mviewBox[39m=[32m"0 0 24 24"[39m
      [33mwidth[39m=[32m"24"[39m
      [33mxmlns[39m=[32m"http://www.w3.org/2000/svg"[39m
    [36m>[39m
      [36m<polygon[39m
        [33mpoints[39m=[32m"5 3 19 12 5 21 5 3"[39m
      [36m/>[39m
    [36m</svg>[39m

    Ignored nodes: comments, script, style
    [36m<polygon[39m
      [33mpoints[39m=[32m"5 3 19 12 5 21 5 3"[39m
    [36m/>[39m

    Ignored nodes: comments, script, style
    [36m<svg[39m
      [33mclass[39m=[32m"lucide lucide-clock w-3 h-3 mr-1"[39m
      [33mfill[39m=[32m"none"[39m
      [33mheight[39m=[32m"24"[39m
      [33mstroke[39m=[32m"currentColor"[39m
      [33mstroke-linecap[39m=[32m"round"[39m
      [33mstroke-linejoin[39m=[32m"round"[39m
      [33mstroke-width[39m=[32m"2"[39m
      [33mviewBox[39m=[32m"0 0 24 24"[39m
      [33mwidth[39m=[32m"24"[39m
      [33mxmlns[39m=[32m"http://www.w3.org/2000/svg"[39m
    [36m>[39m
      [36m<circle[39m
        [33mcx[39m=[32m"12"[39m
        [33mcy[39m=[32m"12"[39m
        [33mr[39m=[32m"10"[39m
      [36m/>[39m
      [36m<polyline[39m
        [33mpoints[39m=[32m"12 6 12 12 16 14"[39m
      [36m/>[39m
    [36m</svg>[39m

    Ignored nodes: comments, script, style
    [36m<circle[39m
      [33mcx[39m=[32m"12"[39m
      [33mcy[39m=[32m"12"[39m
      [33mr[39m=[32m"10"[39m
    [36m/>[39m

    Ignored nodes: comments, script, style
    [36m<polyline[39m
      [33mpoints[39m=[32m"12 6 12 12 16 14"[39m
    [36m/>[39m

    Ignored nodes: comments, script, style
    [36m<svg[39m
      [33mclass[39m=[32m"lucide lucide-calendar w-3 h-3 mr-1"[39m
      [33mfill[39m=[32m"none"[39m
      [33mheight[39m=[32m"24"[39m
      [33mstroke[39m=[32m"currentColor"[39m
      [33mstroke-linecap[39m=[32m"round"[39m
      [33mstroke-linejoin[39m=[32m"round"[39m
      [33mstroke-width[39m=[32m"2"[39m
      [33mviewBox[39m=[32m"0 0 24 24"[39m
      [33mwidth[39m=[32m"24"[39m
      [33mxmlns[39m=[32m"http://www.w3.org/2000/svg"[39m
    [36m>[39m
      [36m<rect[39m
        [33mheight[39m=[32m"18"[39m
        [33mrx[39m=[32m"2"[39m
        [33mry[39m=[32m"2"[39m
        [33mwidth[39m=[32m"18"[39m
        [33mx[39m=[32m"3"[39m
        [33my[39m=[32m"4"[39m
      [36m/>[39m
      [36m<line[39m
        [33mx1[39m=[32m"16"[39m
        [33mx2[39m=[32m"16"[39m
        [33my1[39m=[32m"2"[39m
        [33my2[39m=[32m"6"[39m
      [36m/>[39m
      [36m<line[39m
        [33mx1[39m=[32m"8"[39m
        [33mx2[39m=[32m"8"[39m
        [33my1[39m=[32m"2"[39m
        [33my2[39m=[32m"6"[39m
      [36m/>[39m
      [36m<line[39m
        [33mx1[39m=[32m"3"[39m
        [33mx2[39m=[32m"21"[39m
        [33my1[39m=[32m"10"[39m
        [33my2[39m=[32m"10"[39m
      [36m/>[39m
    [36m</svg>[39m

    Ignored nodes: comments, script, style
    [36m<rect[39m
      [33mheight[39m=[32m"18"[39m
      [33mrx[39m=[32m"2"[39m
      [33mry[39m=[32m"2"[39m
      [33mwidth[39m=[32m"18"[39m
      [33mx[39m=[32m"3"[39m
      [33my[39m=[32m"4"[39m
    [36m/>[39m

    Ignored nodes: comments, script, style
    [36m<line[39m
      [33mx1[39m=[32m"16"[39m
      [33mx2[39m=[32m"16"[39m
      [33my1[39m=[32m"2"[39m
      [33my2[39m=[32m"6"[39m
    [36m/>[39m

    Ignored nodes: comments, script, style
    [36m<line[39m
      [33mx1[39m=[32m"8"[39m
      [33mx2[39m=[32m"8"[39m
      [33my1[39m=[32m"2"[39m
      [33my2[39m=[32m"6"[39m
    [36m/>[39m

    Ignored nodes: comments, script, style
    [36m<line[39m
      [33mx1[39m=[32m"3"[39m
      [33mx2[39m=[32m"21"[39m
      [33my1[39m=[32m"10"[39m
      [33my2[39m=[32m"10"[39m
    [36m/>[39m

    Ignored nodes: comments, script, style
    [36m<div[39m
      [33mclass[39m=[32m"flex items-center"[39m
    [36m>[39m
      [36m<svg[39m
        [33mclass[39m=[32m"lucide lucide-star w-5 h-5 star-icon mr-2"[39m
        [33mfill[39m=[32m"none"[39m
        [33mheight[39m=[32m"24"[39m
        [33mstroke[39m=[32m"currentColor"[39m
        [33mstroke-linecap[39m=[32m"round"[39m
        [33mstroke-linejoin[39m=[32m"round"[39m
        [33mstroke-width[39m=[32m"2"[39m
        [33mviewBox[39m=[32m"0 0 24 24"[39m
        [33mwidth[39m=[32m"24"[39m
        [33mxmlns[39m=[32m"http://www.w3.org/2000/svg"[39m
      [36m>[39m
        [36m<polygon[39m
          [33mpoints[39m=[32m"12 2 15.09 8.26 22 9.27 17 14.14 18.18 21.02 12 17.77 5.82 21.02 7 14.14 2 9.27 8.91 8.26 12 2"[39m
        [36m/>[39m
      [36m</svg>[39m
      [36m<span[39m
        [33mclass[39m=[32m"text-lg font-semibold"[39m
      [36m>[39m
        [0m8.5[0m
        [0m/10[0m
      [36m</span>[39m
      [36m<span[39m
        [33mclass[39m=[32m"text-sm note-text ml-2"[39m
      [36m>[39m
        [0m([0m
        [0m85[0m
        [0m 分)[0m
      [36m</span>[39m
    [36m</div>[39m

    Ignored nodes: comments, script, style
    [36m<svg[39m
      [33mclass[39m=[32m"lucide lucide-star w-5 h-5 star-icon mr-2"[39m
      [33mfill[39m=[32m"none"[39m
      [33mheight[39m=[32m"24"[39m
      [33mstroke[39m=[32m"currentColor"[39m
      [33mstroke-linecap[39m=[32m"round"[39m
      [33mstroke-linejoin[39m=[32m"round"[39m
      [33mstroke-width[39m=[32m"2"[39m
      [33mviewBox[39m=[32m"0 0 24 24"[39m
      [33mwidth[39m=[32m"24"[39m
      [33mxmlns[39m=[32m"http://www.w3.org/2000/svg"[39m
    [36m>[39m
      [36m<polygon[39m
        [33mpoints[39m=[32m"12 2 15.09 8.26 22 9.27 17 14.14 18.18 21.02 12 17.77 5.82 21.02 7 14.14 2 9.27 8.91 8.26 12 2"[39m
      [36m/>[39m
    [36m</svg>[39m

    Ignored nodes: comments, script, style
    [36m<polygon[39m
      [33mpoints[39m=[32m"12 2 15.09 8.26 22 9.27 17 14.14 18.18 21.02 12 17.77 5.82 21.02 7 14.14 2 9.27 8.91 8.26 12 2"[39m
    [36m/>[39m

    Ignored nodes: comments, script, style
    [36m<div[39m
      [33mclass[39m=[32m"grid grid-cols-1 md:grid-cols-2 gap-4"[39m
    [36m>[39m
      [36m<div>[39m
        [36m<h3[39m
          [33mclass[39m=[32m"font-semibold mb-2 flex items-center"[39m
        [36m>[39m
          [36m<svg[39m
            [33mclass[39m=[32m"lucide lucide-calendar w-4 h-4 mr-1"[39m
            [33mfill[39m=[32m"none"[39m
            [33mheight[39m=[32m"24"[39m
            [33mstroke[39m=[32m"currentColor"[39m
            [33mstroke-linecap[39m=[32m"round"[39m
            [33mstroke-linejoin[39m=[32m"round"[39m
            [33mstroke-width[39m=[32m"2"[39m
            [33mviewBox[39m=[32m"0 0 24 24"[39m
            [33mwidth[39m=[32m"24"[39m
            [33mxmlns[39m=[32m"http://www.w3.org/2000/svg"[39m
          [36m>[39m
            [36m<rect[39m
              [33mheight[39m=[32m"18"[39m
              [33mrx[39m=[32m"2"[39m
              [33mry[39m=[32m"2"[39m
              [33mwidth[39m=[32m"18"[39m
              [33mx[39m=[32m"3"[39m
              [33my[39m=[32m"4"[39m
            [36m/>[39m
            [36m<line[39m
              [33mx1[39m=[32m"16"[39m
              [33mx2[39m=[32m"16"[39m
              [33my1[39m=[32m"2"[39m
              [33my2[39m=[32m"6"[39m
            [36m/>[39m
            [36m<line[39m
              [33mx1[39m=[32m"8"[39m
              [33mx2[39m=[32m"8"[39m
              [33my1[39m=[32m"2"[39m
              [33my2[39m=[32m"6"[39m
            [36m/>[39m
            [36m<line[39m
              [33mx1[39m=[32m"3"[39m
              [33mx2[39m=[32m"21"[39m
              [33my1[39m=[32m"10"[39m
              [33my2[39m=[32m"10"[39m
            [36m/>[39m
          [36m</svg>[39m
          [0m播出時間[0m
        [36m</h3>[39m
        [36m<div[39m
          [33mclass[39m=[32m"space-y-1 text-sm"[39m
        [36m>[39m
          [36m<div>[39m
            [36m<span[39m
              [33mclass[39m=[32m"description-text"[39m
            [36m>[39m
              [0m開始：[0m
            [36m</span>[39m
            [0m2024-01-01[0m
          [36m</div>[39m
          [36m<div>[39m
            [36m<span[39m
              [33mclass[39m=[32m"description-text"[39m
            [36m>[39m
              [0m結束：[0m
            [36m</span>[39m
            [0m2024-03-31[0m
          [36m</div>[39m
        [36m</div>[39m
      [36m</div>[39m
      [36m<div>[39m
        [36m<h3[39m
          [33mclass[39m=[32m"font-semibold mb-2 flex items-center"[39m
        [36m>[39m
          [36m<svg[39m
            [33mclass[39m=[32m"lucide lucide-award w-4 h-4 mr-1"[39m
            [33mfill[39m=[32m"none"[39m
            [33mheight[39m=[32m"24"[39m
            [33mstroke[39m=[32m"currentColor"[39m
            [33mstroke-linecap[39m=[32m"round"[39m
            [33mstroke-linejoin[39m=[32m"round"[39m
            [33mstroke-width[39m=[32m"2"[39m
            [33mviewBox[39m=[32m"0 0 24 24"[39m
            [33mwidth[39m=[32m"24"[39m
            [33mxmlns[39m=[32m"http://www.w3.org/2000/svg"[39m
          [36m>[39m
            [36m<circle[39m
              [33mcx[39m=[32m"12"[39m
              [33mcy[39m=[32m"8"[39m
              [33mr[39m=[32m"6"[39m
            [36m/>[39m
            [36m<path[39m
              [33md[39m=[32m"M15.477 12.89 17 22l-5-3-5 3 1.523-9.11"[39m
            [36m/>[39m
          [36m</svg>[39m
          [0m類型[0m
        [36m</h3>[39m
        [36m<div[39m
          [33mclass[39m=[32m"flex flex-wrap gap-1"[39m
        [36m>[39m
          [36m<div[39m
            [33mclass[39m=[32m"inline-flex items-center rounded-full border px-2.5 py-0.5 font-medium transition-colors focus:outline-none focus:ring-2 focus:ring-ring focus:ring-offset-2 border-transparent bg-secondary/90 text-secondary-foreground hover:bg-secondary/80 text-xs"[39m
          [36m>[39m
            [0mAction[0m
          [36m</div>[39m
          [36m<div[39m
            [33mclass[39m=[32m"inline-flex items-center rounded-full border px-2.5 py-0.5 font-medium transition-colors focus:outline-none focus:ring-2 focus:ring-ring focus:ring-offset-2 border-transparent bg-secondary/90 text-secondary-foreground hover:bg-secondary/80 text-xs"[39m
          [36m>[39m
            [0mAdventure[0m
          [36m</div>[39m
        [36m</div>[39m
      [36m</div>[39m
    [36m</div>[39m

    Ignored nodes: comments, script, style
    [36m<div>[39m
      [36m<h3[39m
        [33mclass[39m=[32m"font-semibold mb-2 flex items-center"[39m
      [36m>[39m
        [36m<svg[39m
          [33mclass[39m=[32m"lucide lucide-calendar w-4 h-4 mr-1"[39m
          [33mfill[39m=[32m"none"[39m
          [33mheight[39m=[32m"24"[39m
          [33mstroke[39m=[32m"currentColor"[39m
          [33mstroke-linecap[39m=[32m"round"[39m
          [33mstroke-linejoin[39m=[32m"round"[39m
          [33mstroke-width[39m=[32m"2"[39m
          [33mviewBox[39m=[32m"0 0 24 24"[39m
          [33mwidth[39m=[32m"24"[39m
          [33mxmlns[39m=[32m"http://www.w3.org/2000/svg"[39m
        [36m>[39m
          [36m<rect[39m
            [33mheight[39m=[32m"18"[39m
            [33mrx[39m=[32m"2"[39m
            [33mry[39m=[32m"2"[39m
            [33mwidth[39m=[32m"18"[39m
            [33mx[39m=[32m"3"[39m
            [33my[39m=[32m"4"[39m
          [36m/>[39m
          [36m<line[39m
            [33mx1[39m=[32m"16"[39m
            [33mx2[39m=[32m"16"[39m
            [33my1[39m=[32m"2"[39m
            [33my2[39m=[32m"6"[39m
          [36m/>[39m
          [36m<line[39m
            [33mx1[39m=[32m"8"[39m
            [33mx2[39m=[32m"8"[39m
            [33my1[39m=[32m"2"[39m
            [33my2[39m=[32m"6"[39m
          [36m/>[39m
          [36m<line[39m
            [33mx1[39m=[32m"3"[39m
            [33mx2[39m=[32m"21"[39m
            [33my1[39m=[32m"10"[39m
            [33my2[39m=[32m"10"[39m
          [36m/>[39m
        [36m</svg>[39m
        [0m播出時間[0m
      [36m</h3>[39m
      [36m<div[39m
        [33mclass[39m=[32m"space-y-1 text-sm"[39m
      [36m>[39m
        [36m<div>[39m
          [36m<span[39m
            [33mclass[39m=[32m"description-text"[39m
          [36m>[39m
            [0m開始：[0m
          [36m</span>[39m
          [0m2024-01-01[0m
        [36m</div>[39m
        [36m<div>[39m
          [36m<span[39m
            [33mclass[39m=[32m"description-text"[39m
          [36m>[39m
            [0m結束：[0m
          [36m</span>[39m
          [0m2024-03-31[0m
        [36m</div>[39m
      [36m</div>[39m
    [36m</div>[39m

    Ignored nodes: comments, script, style
    [36m<svg[39m
      [33mclass[39m=[32m"lucide lucide-calendar w-4 h-4 mr-1"[39m
      [33mfill[39m=[32m"none"[39m
      [33mheight[39m=[32m"24"[39m
      [33mstroke[39m=[32m"currentColor"[39m
      [33mstroke-linecap[39m=[32m"round"[39m
      [33mstroke-linejoin[39m=[32m"round"[39m
      [33mstroke-width[39m=[32m"2"[39m
      [33mviewBox[39m=[32m"0 0 24 24"[39m
      [33mwidth[39m=[32m"24"[39m
      [33mxmlns[39m=[32m"http://www.w3.org/2000/svg"[39m
    [36m>[39m
      [36m<rect[39m
        [33mheight[39m=[32m"18"[39m
        [33mrx[39m=[32m"2"[39m
        [33mry[39m=[32m"2"[39m
        [33mwidth[39m=[32m"18"[39m
        [33mx[39m=[32m"3"[39m
        [33my[39m=[32m"4"[39m
      [36m/>[39m
      [36m<line[39m
        [33mx1[39m=[32m"16"[39m
        [33mx2[39m=[32m"16"[39m
        [33my1[39m=[32m"2"[39m
        [33my2[39m=[32m"6"[39m
      [36m/>[39m
      [36m<line[39m
        [33mx1[39m=[32m"8"[39m
        [33mx2[39m=[32m"8"[39m
        [33my1[39m=[32m"2"[39m
        [33my2[39m=[32m"6"[39m
      [36m/>[39m
      [36m<line[39m
        [33mx1[39m=[32m"3"[39m
        [33mx2[39m=[32m"21"[39m
        [33my1[39m=[32m"10"[39m
        [33my2[39m=[32m"10"[39m
      [36m/>[39m
    [36m</svg>[39m

    Ignored nodes: comments, script, style
    [36m<rect[39m
      [33mheight[39m=[32m"18"[39m
      [33mrx[39m=[32m"2"[39m
      [33mry[39m=[32m"2"[39m
      [33mwidth[39m=[32m"18"[39m
      [33mx[39m=[32m"3"[39m
      [33my[39m=[32m"4"[39m
    [36m/>[39m

    Ignored nodes: comments, script, style
    [36m<line[39m
      [33mx1[39m=[32m"16"[39m
      [33mx2[39m=[32m"16"[39m
      [33my1[39m=[32m"2"[39m
      [33my2[39m=[32m"6"[39m
    [36m/>[39m

    Ignored nodes: comments, script, style
    [36m<line[39m
      [33mx1[39m=[32m"8"[39m
      [33mx2[39m=[32m"8"[39m
      [33my1[39m=[32m"2"[39m
      [33my2[39m=[32m"6"[39m
    [36m/>[39m

    Ignored nodes: comments, script, style
    [36m<line[39m
      [33mx1[39m=[32m"3"[39m
      [33mx2[39m=[32m"21"[39m
      [33my1[39m=[32m"10"[39m
      [33my2[39m=[32m"10"[39m
    [36m/>[39m

    Ignored nodes: comments, script, style
    [36m<div[39m
      [33mclass[39m=[32m"space-y-1 text-sm"[39m
    [36m>[39m
      [36m<div>[39m
        [36m<span[39m
          [33mclass[39m=[32m"description-text"[39m
        [36m>[39m
          [0m開始：[0m
        [36m</span>[39m
        [0m2024-01-01[0m
      [36m</div>[39m
      [36m<div>[39m
        [36m<span[39m
          [33mclass[39m=[32m"description-text"[39m
        [36m>[39m
          [0m結束：[0m
        [36m</span>[39m
        [0m2024-03-31[0m
      [36m</div>[39m
    [36m</div>[39m

    Ignored nodes: comments, script, style
    [36m<div>[39m
      [36m<h3[39m
        [33mclass[39m=[32m"font-semibold mb-2 flex items-center"[39m
      [36m>[39m
        [36m<svg[39m
          [33mclass[39m=[32m"lucide lucide-award w-4 h-4 mr-1"[39m
          [33mfill[39m=[32m"none"[39m
          [33mheight[39m=[32m"24"[39m
          [33mstroke[39m=[32m"currentColor"[39m
          [33mstroke-linecap[39m=[32m"round"[39m
          [33mstroke-linejoin[39m=[32m"round"[39m
          [33mstroke-width[39m=[32m"2"[39m
          [33mviewBox[39m=[32m"0 0 24 24"[39m
          [33mwidth[39m=[32m"24"[39m
          [33mxmlns[39m=[32m"http://www.w3.org/2000/svg"[39m
        [36m>[39m
          [36m<circle[39m
            [33mcx[39m=[32m"12"[39m
            [33mcy[39m=[32m"8"[39m
            [33mr[39m=[32m"6"[39m
          [36m/>[39m
          [36m<path[39m
            [33md[39m=[32m"M15.477 12.89 17 22l-5-3-5 3 1.523-9.11"[39m
          [36m/>[39m
        [36m</svg>[39m
        [0m類型[0m
      [36m</h3>[39m
      [36m<div[39m
        [33mclass[39m=[32m"flex flex-wrap gap-1"[39m
      [36m>[39m
        [36m<div[39m
          [33mclass[39m=[32m"inline-flex items-center rounded-full border px-2.5 py-0.5 font-medium transition-colors focus:outline-none focus:ring-2 focus:ring-ring focus:ring-offset-2 border-transparent bg-secondary/90 text-secondary-foreground hover:bg-secondary/80 text-xs"[39m
        [36m>[39m
          [0mAction[0m
        [36m</div>[39m
        [36m<div[39m
          [33mclass[39m=[32m"inline-flex items-center rounded-full border px-2.5 py-0.5 font-medium transition-colors focus:outline-none focus:ring-2 focus:ring-ring focus:ring-offset-2 border-transparent bg-secondary/90 text-secondary-foreground hover:bg-secondary/80 text-xs"[39m
        [36m>[39m
          [0mAdventure[0m
        [36m</div>[39m
      [36m</div>[39m
    [36m</div>[39m

    Ignored nodes: comments, script, style
    [36m<svg[39m
      [33mclass[39m=[32m"lucide lucide-award w-4 h-4 mr-1"[39m
      [33mfill[39m=[32m"none"[39m
      [33mheight[39m=[32m"24"[39m
      [33mstroke[39m=[32m"currentColor"[39m
      [33mstroke-linecap[39m=[32m"round"[39m
      [33mstroke-linejoin[39m=[32m"round"[39m
      [33mstroke-width[39m=[32m"2"[39m
      [33mviewBox[39m=[32m"0 0 24 24"[39m
      [33mwidth[39m=[32m"24"[39m
      [33mxmlns[39m=[32m"http://www.w3.org/2000/svg"[39m
    [36m>[39m
      [36m<circle[39m
        [33mcx[39m=[32m"12"[39m
        [33mcy[39m=[32m"8"[39m
        [33mr[39m=[32m"6"[39m
      [36m/>[39m
      [36m<path[39m
        [33md[39m=[32m"M15.477 12.89 17 22l-5-3-5 3 1.523-9.11"[39m
      [36m/>[39m
    [36m</svg>[39m

    Ignored nodes: comments, script, style
    [36m<circle[39m
      [33mcx[39m=[32m"12"[39m
      [33mcy[39m=[32m"8"[39m
      [33mr[39m=[32m"6"[39m
    [36m/>[39m

    Ignored nodes: comments, script, style
    [36m<path[39m
      [33md[39m=[32m"M15.477 12.89 17 22l-5-3-5 3 1.523-9.11"[39m
    [36m/>[39m

    Ignored nodes: comments, script, style
    [36m<div[39m
      [33mclass[39m=[32m"flex flex-wrap gap-1"[39m
    [36m>[39m
      [36m<div[39m
        [33mclass[39m=[32m"inline-flex items-center rounded-full border px-2.5 py-0.5 font-medium transition-colors focus:outline-none focus:ring-2 focus:ring-ring focus:ring-offset-2 border-transparent bg-secondary/90 text-secondary-foreground hover:bg-secondary/80 text-xs"[39m
      [36m>[39m
        [0mAction[0m
      [36m</div>[39m
      [36m<div[39m
        [33mclass[39m=[32m"inline-flex items-center rounded-full border px-2.5 py-0.5 font-medium transition-colors focus:outline-none focus:ring-2 focus:ring-ring focus:ring-offset-2 border-transparent bg-secondary/90 text-secondary-foreground hover:bg-secondary/80 text-xs"[39m
      [36m>[39m
        [0mAdventure[0m
      [36m</div>[39m
    [36m</div>[39m

    Ignored nodes: comments, script, style
    [36m<div>[39m
      [36m<h3[39m
        [33mclass[39m=[32m"font-semibold mb-2"[39m
      [36m>[39m
        [0m其他標題[0m
      [36m</h3>[39m
      [36m<div[39m
        [33mclass[39m=[32m"flex flex-wrap gap-1"[39m
      [36m>[39m
        [36m<div[39m
          [33mclass[39m=[32m"inline-flex items-center rounded-full border px-2.5 py-0.5 font-medium transition-colors focus:outline-none focus:ring-2 focus:ring-ring focus:ring-offset-2 text-foreground border-border/60 text-xs"[39m
        [36m>[39m
          [0m測試動畫[0m
        [36m</div>[39m
        [36m<div[39m
          [33mclass[39m=[32m"inline-flex items-center rounded-full border px-2.5 py-0.5 font-medium transition-colors focus:outline-none focus:ring-2 focus:ring-ring focus:ring-offset-2 text-foreground border-border/60 text-xs"[39m
        [36m>[39m
          [0mTest Anime Chinese[0m
        [36m</div>[39m
      [36m</div>[39m
    [36m</div>[39m

    Ignored nodes: comments, script, style
    [36m<div[39m
      [33mclass[39m=[32m"flex flex-wrap gap-1"[39m
    [36m>[39m
      [36m<div[39m
        [33mclass[39m=[32m"inline-flex items-center rounded-full border px-2.5 py-0.5 font-medium transition-colors focus:outline-none focus:ring-2 focus:ring-ring focus:ring-offset-2 text-foreground border-border/60 text-xs"[39m
      [36m>[39m
        [0m測試動畫[0m
      [36m</div>[39m
      [36m<div[39m
        [33mclass[39m=[32m"inline-flex items-center rounded-full border px-2.5 py-0.5 font-medium transition-colors focus:outline-none focus:ring-2 focus:ring-ring focus:ring-offset-2 text-foreground border-border/60 text-xs"[39m
      [36m>[39m
        [0mTest Anime Chinese[0m
      [36m</div>[39m
    [36m</div>[39m

    Ignored nodes: comments, script, style
    [36m<div>[39m
      [36m<h3[39m
        [33mclass[39m=[32m"font-semibold mb-2"[39m
      [36m>[39m
        [0m來源國家[0m
      [36m</h3>[39m
      [36m<div[39m
        [33mclass[39m=[32m"inline-flex items-center rounded-full border px-2.5 py-0.5 text-xs font-medium transition-colors focus:outline-none focus:ring-2 focus:ring-ring focus:ring-offset-2 text-foreground border-border/60"[39m
      [36m>[39m
        [0mJP[0m
      [36m</div>[39m
    [36m</div>[39m

    Ignored nodes: comments, script, style
    [36m<div[39m
      [33mclass[39m=[32m"border-t p-4 bg-gray-50 dark:bg-gray-800"[39m
    [36m>[39m
      [36m<div[39m
        [33mclass[39m=[32m"flex items-center justify-between"[39m
      [36m>[39m
        [36m<div[39m
          [33mclass[39m=[32m"description-container"[39m
        [36m>[39m
          [36m<p>[39m
            [0m將新增作品：[0m
            [0m [0m
            [36m<span[39m
              [33mclass[39m=[32m"font-medium"[39m
            [36m>[39m
              [0m測試動畫[0m
            [36m</span>[39m
          [36m</p>[39m
          [36m<p[39m
            [33mclass[39m=[32m"text-xs-secondary"[39m
          [36m>[39m
            [0m自動創建 [0m
            [0m12[0m
            [0m 集[0m
          [36m</p>[39m
        [36m</div>[39m
        [36m<div[39m
          [33mclass[39m=[32m"flex gap-2"[39m
        [36m>[39m
          [36m<button[39m
            [33mclass[39m=[32m"inline-flex items-center justify-center whitespace-nowrap rounded-md text-sm font-medium ring-offset-background transition-all focus-visible:outline-none focus-visible:ring-2 focus-visible:ring-ring focus-visible:ring-offset-2 disabled:pointer-events-none disabled:opacity-50 active:scale-95 border border-input/60 bg-background hover:bg-accent/50 hover:text-accent-foreground h-10 px-4 py-2"[39m
          [36m>[39m
            [0m取消[0m
          [36m</button>[39m
          [36m<button[39m
            [33mclass[39m=[32m"inline-flex items-center justify-center whitespace-nowrap rounded-md text-sm font-medium ring-offset-background transition-all focus-visible:outline-none focus-visible:ring-2 focus-visible:ring-ring focus-visible:ring-offset-2 disabled:pointer-events-none disabled:opacity-50 active:scale-95 bg-primary/90 text-primary-foreground hover:bg-primary/80 h-10 px-4 py-2"[39m
          [36m>[39m
            [36m<svg[39m
              [33mclass[39m=[32m"lucide lucide-plus w-4 h-4 mr-2"[39m
              [33mfill[39m=[32m"none"[39m
              [33mheight[39m=[32m"24"[39m
              [33mstroke[39m=[32m"currentColor"[39m
              [33mstroke-linecap[39m=[32m"round"[39m
              [33mstroke-linejoin[39m=[32m"round"[39m
              [33mstroke-width[39m=[32m"2"[39m
              [33mviewBox[39m=[32m"0 0 24 24"[39m
              [33mwidth[39m=[32m"24"[39m
              [33mxmlns[39m=[32m"http://www.w3.org/2000/svg"[39m
            [36m>[39m
              [36m<path[39m
                [33md[39m=[32m"M5 12h14"[39m
              [36m/>[39m
              [36m<path[39m
                [33md[39m=[32m"M12 5v14"[39m
              [36m/>[39m
            [36m</svg>[39m
            [0m新增作品[0m
          [36m</button>[39m
        [36m</div>[39m
      [36m</div>[39m
    [36m</div>[39m

    Ignored nodes: comments, script, style
    [36m<div[39m
      [33mclass[39m=[32m"flex items-center justify-between"[39m
    [36m>[39m
      [36m<div[39m
        [33mclass[39m=[32m"description-container"[39m
      [36m>[39m
        [36m<p>[39m
          [0m將新增作品：[0m
          [0m [0m
          [36m<span[39m
            [33mclass[39m=[32m"font-medium"[39m
          [36m>[39m
            [0m測試動畫[0m
          [36m</span>[39m
        [36m</p>[39m
        [36m<p[39m
          [33mclass[39m=[32m"text-xs-secondary"[39m
        [36m>[39m
          [0m自動創建 [0m
          [0m12[0m
          [0m 集[0m
        [36m</p>[39m
      [36m</div>[39m
      [36m<div[39m
        [33mclass[39m=[32m"flex gap-2"[39m
      [36m>[39m
        [36m<button[39m
          [33mclass[39m=[32m"inline-flex items-center justify-center whitespace-nowrap rounded-md text-sm font-medium ring-offset-background transition-all focus-visible:outline-none focus-visible:ring-2 focus-visible:ring-ring focus-visible:ring-offset-2 disabled:pointer-events-none disabled:opacity-50 active:scale-95 border border-input/60 bg-background hover:bg-accent/50 hover:text-accent-foreground h-10 px-4 py-2"[39m
        [36m>[39m
          [0m取消[0m
        [36m</button>[39m
        [36m<button[39m
          [33mclass[39m=[32m"inline-flex items-center justify-center whitespace-nowrap rounded-md text-sm font-medium ring-offset-background transition-all focus-visible:outline-none focus-visible:ring-2 focus-visible:ring-ring focus-visible:ring-offset-2 disabled:pointer-events-none disabled:opacity-50 active:scale-95 bg-primary/90 text-primary-foreground hover:bg-primary/80 h-10 px-4 py-2"[39m
        [36m>[39m
          [36m<svg[39m
            [33mclass[39m=[32m"lucide lucide-plus w-4 h-4 mr-2"[39m
            [33mfill[39m=[32m"none"[39m
            [33mheight[39m=[32m"24"[39m
            [33mstroke[39m=[32m"currentColor"[39m
            [33mstroke-linecap[39m=[32m"round"[39m
            [33mstroke-linejoin[39m=[32m"round"[39m
            [33mstroke-width[39m=[32m"2"[39m
            [33mviewBox[39m=[32m"0 0 24 24"[39m
            [33mwidth[39m=[32m"24"[39m
            [33mxmlns[39m=[32m"http://www.w3.org/2000/svg"[39m
          [36m>[39m
            [36m<path[39m
              [33md[39m=[32m"M5 12h14"[39m
            [36m/>[39m
            [36m<path[39m
              [33md[39m=[32m"M12 5v14"[39m
            [36m/>[39m
          [36m</svg>[39m
          [0m新增作品[0m
        [36m</button>[39m
      [36m</div>[39m
    [36m</div>[39m

    Ignored nodes: comments, script, style
    [36m<div[39m
      [33mclass[39m=[32m"description-container"[39m
    [36m>[39m
      [36m<p>[39m
        [0m將新增作品：[0m
        [0m [0m
        [36m<span[39m
          [33mclass[39m=[32m"font-medium"[39m
        [36m>[39m
          [0m測試動畫[0m
        [36m</span>[39m
      [36m</p>[39m
      [36m<p[39m
        [33mclass[39m=[32m"text-xs-secondary"[39m
      [36m>[39m
        [0m自動創建 [0m
        [0m12[0m
        [0m 集[0m
      [36m</p>[39m
    [36m</div>[39m

    Ignored nodes: comments, script, style
    [36m<div[39m
      [33mclass[39m=[32m"flex gap-2"[39m
    [36m>[39m
      [36m<button[39m
        [33mclass[39m=[32m"inline-flex items-center justify-center whitespace-nowrap rounded-md text-sm font-medium ring-offset-background transition-all focus-visible:outline-none focus-visible:ring-2 focus-visible:ring-ring focus-visible:ring-offset-2 disabled:pointer-events-none disabled:opacity-50 active:scale-95 border border-input/60 bg-background hover:bg-accent/50 hover:text-accent-foreground h-10 px-4 py-2"[39m
      [36m>[39m
        [0m取消[0m
      [36m</button>[39m
      [36m<button[39m
        [33mclass[39m=[32m"inline-flex items-center justify-center whitespace-nowrap rounded-md text-sm font-medium ring-offset-background transition-all focus-visible:outline-none focus-visible:ring-2 focus-visible:ring-ring focus-visible:ring-offset-2 disabled:pointer-events-none disabled:opacity-50 active:scale-95 bg-primary/90 text-primary-foreground hover:bg-primary/80 h-10 px-4 py-2"[39m
      [36m>[39m
        [36m<svg[39m
          [33mclass[39m=[32m"lucide lucide-plus w-4 h-4 mr-2"[39m
          [33mfill[39m=[32m"none"[39m
          [33mheight[39m=[32m"24"[39m
          [33mstroke[39m=[32m"currentColor"[39m
          [33mstroke-linecap[39m=[32m"round"[39m
          [33mstroke-linejoin[39m=[32m"round"[39m
          [33mstroke-width[39m=[32m"2"[39m
          [33mviewBox[39m=[32m"0 0 24 24"[39m
          [33mwidth[39m=[32m"24"[39m
          [33mxmlns[39m=[32m"http://www.w3.org/2000/svg"[39m
        [36m>[39m
          [36m<path[39m
            [33md[39m=[32m"M5 12h14"[39m
          [36m/>[39m
          [36m<path[39m
            [33md[39m=[32m"M12 5v14"[39m
          [36m/>[39m
        [36m</svg>[39m
        [0m新增作品[0m
      [36m</button>[39m
    [36m</div>[39m

    Ignored nodes: comments, script, style
    [36m<svg[39m
      [33mclass[39m=[32m"lucide lucide-plus w-4 h-4 mr-2"[39m
      [33mfill[39m=[32m"none"[39m
      [33mheight[39m=[32m"24"[39m
      [33mstroke[39m=[32m"currentColor"[39m
      [33mstroke-linecap[39m=[32m"round"[39m
      [33mstroke-linejoin[39m=[32m"round"[39m
      [33mstroke-width[39m=[32m"2"[39m
      [33mviewBox[39m=[32m"0 0 24 24"[39m
      [33mwidth[39m=[32m"24"[39m
      [33mxmlns[39m=[32m"http://www.w3.org/2000/svg"[39m
    [36m>[39m
      [36m<path[39m
        [33md[39m=[32m"M5 12h14"[39m
      [36m/>[39m
      [36m<path[39m
        [33md[39m=[32m"M12 5v14"[39m
      [36m/>[39m
    [36m</svg>[39m

    Ignored nodes: comments, script, style
    [36m<path[39m
      [33md[39m=[32m"M5 12h14"[39m
    [36m/>[39m

    Ignored nodes: comments, script, style
    [36m<path[39m
      [33md[39m=[32m"M12 5v14"[39m
    [36m/>[39m

    (If this is intentional, then use the `*AllBy*` variant of the query (like `queryAllByText`, `getAllByText`, or `findAllByText`)).

    Ignored nodes: comments, script, style
    [36m<body>[39m
      [36m<div>[39m
        [36m<div[39m
          [33mclass[39m=[32m"fixed inset-0 bg-black bg-opacity-50 flex items-center justify-center z-50 p-4"[39m
        [36m>[39m
          [36m<div[39m
            [33mclass[39m=[32m"rounded-lg border border-border/60 bg-card/95 text-card-foreground shadow-sm w-full max-w-4xl max-h-[90vh] overflow-hidden"[39m
          [36m>[39m
            [36m<div[39m
              [33mclass[39m=[32m"flex flex-col space-y-1.5 p-6 border-b"[39m
            [36m>[39m
              [36m<div[39m
                [33mclass[39m=[32m"flex items-center justify-between"[39m
              [36m>[39m
                [36m<h3[39m
                  [33mclass[39m=[32m"text-2xl font-semibold leading-none tracking-tight text-foreground/95 dark:text-foreground/98 flex items-center"[39m
                [36m>[39m
                  [36m<svg[39m
                    [33mclass[39m=[32m"lucide lucide-globe w-5 h-5 mr-2"[39m
                    [33mfill[39m=[32m"none"[39m
                    [33mheight[39m=[32m"24"[39m
                    [33mstroke[39m=[32m"currentColor"[39m
                    [33mstroke-linecap[39m=[32m"round"[39m
                    [33mstroke-linejoin[39m=[32m"round"[39m
                    [33mstroke-width[39m=[32m"2"[39m
                    [33mviewBox[39m=[32m"0 0 24 24"[39m
                    [33mwidth[39m=[32m"24"[39m
                    [33mxmlns[39m=[32m"http://www.w3.org/2000/svg"[39m
                  [36m>[39m
                    [36m<circle[39m
                      [33mcx[39m=[32m"12"[39m
                      [33mcy[39m=[32m"12"[39m
                      [33mr[39m=[32m"10"[39m
                    [36m/>[39m
                    [36m<path[39m
                      [33md[39m=[32m"M12 2a14.5 14.5 0 0 0 0 20 14.5 14.5 0 0 0 0-20"[39m
                    [36m/>[39m
                    [36m<path[39m
                      [33md[39m=[32m"M2 12h20"[39m
                    [36m/>[39m
                  [36m</svg>[39m
                  [0m動畫詳情[0m
                [36m</h3>[39m
                [36m<button[39m
                  [33mclass[39m=[32m"inline-flex items-center justify-center whitespace-nowrap text-sm font-medium ring-offset-background transition-all focus-visible:outline-none focus-visible:ring-2 focus-visible:ring-ring focus-visible:ring-offset-2 disabled:pointer-events-none disabled:opacity-50 active:scale-95 hover:bg-accent/50 hover:text-accent-foreground h-9 rounded-md px-3"[39m
                [36m>[39m
                  [36m<svg[39m
                    [33mclass[39m=[32m"lucide lucide-x w-4 h-4"[39m
                    [33mfill[39m=[32m"none"[39m
                    [33mheight[39m=[32m"24"[39m
                    [33mstroke[39m=[32m"currentColor"[39m
                    [33mstroke-linecap[39m=[32m"round"[39m
                    [33mstroke-linejoin[39m=[32m"round"[39m
                    [33mstroke-width[39m=[32m"2"[39m
                    [33mviewBox[39m=[32m"0 0 24 24"[39m
                    [33mwidth[39m=[32m"24"[39m
                    [33mxmlns[39m=[32m"http://www.w3.org/2000/svg"[39m
                  [36m>[39m
                    [36m<path[39m
                      [33md[39m=[32m"M18 6 6 18"[39m
                    [36m/>[39m
                    [36m<path[39m
                      [33md[39m=[32m"m6 6 12 12"[39m
                    [36m/>[39m
                  [36m</svg>[39m
                [36m</button>[39m
              [36m</div>[39m
            [36m</div>[39m
            [36m<div[39m
              [33mclass[39m=[32m"overflow-y-auto max-h-[70vh] p-6"[39m
            [36m>[39m
              [36m<div[39m
                [33mclass[39m=[32m"grid grid-cols-1 lg:grid-cols-3 gap-6"[39m
              [36m>[39m
                [36m<div[39m
                  [33mclass[39m=[32m"lg:col-span-1"[39m
                [36m/>[39m
                [36m<div[39m
                  [33mclass[39m=[32m"lg:col-span-2 space-y-6"[39m
                [36m>[39m
                  [36m<div>[39m
                    [36m<h1[39m
                      [33mclass[39m=[32m"text-2xl font-bold mb-2"[39m
                    [36m>[39m
                      [0m測試動畫[0m
                    [36m</h1>[39m
                    [36m<p[39m
                      [33mclass[39m=[32m"text-lg description-text mb-1"[39m
                    [36m>[39m
                      [0mTest Anime[0m
                    [36m</p>[39m
                    [36m<p[39m
                      [33mclass[39m=[32m"text-lg description-text mb-1"[39m
                    [36m>[39m
                      [0mTest Anime English[0m
                    [36m</p>[39m
                    [36m<p[39m
                      [33mclass[39m=[32m"text-lg description-text"[39m
                    [36m>[39m
                      [0mテストアニメ[0m
                    [36m</p>[39m
                  [36m</div>[39m
                  [36m<div[39m
                    [33mclass[39m=[32m"flex flex-wrap gap-2"[39m
                  [36m>[39m
                    [36m<div[39m
                      [33mclass[39m=[32m"inline-flex items-center rounded-full border px-2.5 py-0.5 text-xs font-medium transition-colors focus:outline-none focus:ring-2 focus:ring-ring focus:ring-offset-2 border-transparent hover:bg-primary/80 bg-green-100 text-green-800"[39m
                    [36m>[39m
                      [0m已完結[0m
                    [36m</div>[39m
                    [36m<div[39m
                      [33mclass[39m=[32m"inline-flex items-center rounded-full border px-2.5 py-0.5 text-xs font-medium transition-colors focus:outline-none focus:ring-2 focus:ring-ring focus:ring-offset-2 text-foreground border-border/60"[39m
                    [36m>[39m
                      [0m電視動畫[0m
                    [36m</div>[39m
                    [36m<div[39m
                      [33mclass[39m=[32m"inline-flex items-center rounded-full border px-2.5 py-0.5 text-xs font-medium transition-colors focus:outline-none focus:ring-2 focus:ring-ring focus:ring-offset-2 text-foreground border-border/60"[39m
                    [36m>[39m
                      [36m<svg[39m
                        [33mclass[39m=[32m"lucide lucide-play w-3 h-3 mr-1"[39m
                        [33mfill[39m=[32m"none"[39m
                        [33mheight[39m=[32m"24"[39m
                        [33mstroke[39m=[32m"currentColor"[39m
                        [33mstroke-linecap[39m=[32m"round"[39m
                        [33mstroke-linejoin[39m=[32m"round"[39m
                        [33mstroke-width[39m=[32m"2"[39m
                        [33mviewBox[39m=[32m"0 0 24 24"[39m
                        [33mwidth[39m=[32m"24"[39m
                        [33mxmlns[39m=[32m"http://www.w3.org/2000/svg"[39m
                      [36m>[39m
                        [36m<polygon[39m
                          [33mpoints[39m=[32m"5 3 19 12 5 21 5 3"[39m
                        [36m/>[39m
                      [36m</svg>[39m
                      [0m12[0m
                      [0m 集[0m
                    [36m</div>[39m
                    [36m<div[39m
                      [33mclass[39m=[32m"inline-flex items-center rounded-full border px-2.5 py-0...

      196 |     );
      197 |
    > 198 |     expect(screen.queryByText("")).toBeInTheDocument();
          |                   ^
      199 |   });
      200 |
      201 |   it("應該處理不同的狀態", () => {

      at Object.getElementError (node_modules/@testing-library/dom/dist/config.js:37:19)
      at getElementError (node_modules/@testing-library/dom/dist/query-helpers.js:20:35)
      at getMultipleElementsFoundError (node_modules/@testing-library/dom/dist/query-helpers.js:23:10)
      at node_modules/@testing-library/dom/dist/query-helpers.js:55:13
      at node_modules/@testing-library/dom/dist/query-helpers.js:95:19
      at Object.queryByText (src/components/__tests__/AnimeDetailModal.test.tsx:198:19)

Test Suites: 6 failed, 8 passed, 14 total
Tests:       13 failed, 111 passed, 124 total
Snapshots:   0 total
Time:        4.98 s, estimated 5 s
Ran all test suites.
